Archive member included because of file (symbol)

C:\Users\moseichuk\AppData\Local\Temp\VMBuilds\TestArduinoSAMD21E\arduino_zero_edbg\Debug/core.a(cortex_handlers.c.o)
                              (Reset_Handler)
C:\Users\moseichuk\AppData\Local\Temp\VMBuilds\TestArduinoSAMD21E\arduino_zero_edbg\Debug/core.a(delay.c.o)
                              C:\Users\moseichuk\AppData\Local\Temp\VMBuilds\TestArduinoSAMD21E\arduino_zero_edbg\Debug\TestArduinoSAMD21E.cpp.o (millis)
C:\Users\moseichuk\AppData\Local\Temp\VMBuilds\TestArduinoSAMD21E\arduino_zero_edbg\Debug/core.a(hooks.c.o)
                              C:\Users\moseichuk\AppData\Local\Temp\VMBuilds\TestArduinoSAMD21E\arduino_zero_edbg\Debug/core.a(delay.c.o) (yield)
C:\Users\moseichuk\AppData\Local\Temp\VMBuilds\TestArduinoSAMD21E\arduino_zero_edbg\Debug/core.a(startup.c.o)
                              C:\Users\moseichuk\AppData\Local\Temp\VMBuilds\TestArduinoSAMD21E\arduino_zero_edbg\Debug/core.a(cortex_handlers.c.o) (SystemInit)
C:\Users\moseichuk\AppData\Local\Temp\VMBuilds\TestArduinoSAMD21E\arduino_zero_edbg\Debug/core.a(wiring.c.o)
                              C:\Users\moseichuk\AppData\Local\Temp\VMBuilds\TestArduinoSAMD21E\arduino_zero_edbg\Debug/core.a(startup.c.o) (SystemCoreClock)
C:\Users\moseichuk\AppData\Local\Temp\VMBuilds\TestArduinoSAMD21E\arduino_zero_edbg\Debug/core.a(wiring_analog.c.o)
                              C:\Users\moseichuk\AppData\Local\Temp\VMBuilds\TestArduinoSAMD21E\arduino_zero_edbg\Debug/core.a(wiring.c.o) (analogReference)
C:\Users\moseichuk\AppData\Local\Temp\VMBuilds\TestArduinoSAMD21E\arduino_zero_edbg\Debug/core.a(wiring_digital.c.o)
                              C:\Users\moseichuk\AppData\Local\Temp\VMBuilds\TestArduinoSAMD21E\arduino_zero_edbg\Debug\TestArduinoSAMD21E.cpp.o (pinMode)
C:\Users\moseichuk\AppData\Local\Temp\VMBuilds\TestArduinoSAMD21E\arduino_zero_edbg\Debug/core.a(wiring_private.c.o)
                              C:\Users\moseichuk\AppData\Local\Temp\VMBuilds\TestArduinoSAMD21E\arduino_zero_edbg\Debug/core.a(wiring_analog.c.o) (pinPeripheral)
C:\Users\moseichuk\AppData\Local\Temp\VMBuilds\TestArduinoSAMD21E\arduino_zero_edbg\Debug/core.a(main.cpp.o)
                              c:/users/moseichuk/appdata/local/arduino15/packages/arduino/tools/arm-none-eabi-gcc/4.8.3-2014q1/bin/../lib/gcc/arm-none-eabi/4.8.3/../../../../arm-none-eabi/lib/armv6-m/crt0.o (main)
C:\Users\moseichuk\AppData\Local\Temp\VMBuilds\TestArduinoSAMD21E\arduino_zero_edbg\Debug/core.a(Reset.cpp.o)
                              C:\Users\moseichuk\AppData\Local\Temp\VMBuilds\TestArduinoSAMD21E\arduino_zero_edbg\Debug/core.a(delay.c.o) (tickReset)
C:\Users\moseichuk\AppData\Local\Temp\VMBuilds\TestArduinoSAMD21E\arduino_zero_edbg\Debug/core.a(SERCOM.cpp.o)
                              C:\Users\moseichuk\AppData\Local\Temp\VMBuilds\TestArduinoSAMD21E\arduino_zero_edbg\Debug\variant\variant.cpp.o (SERCOM::SERCOM(Sercom*))
C:\Users\moseichuk\AppData\Local\Temp\VMBuilds\TestArduinoSAMD21E\arduino_zero_edbg\Debug/core.a(Uart.cpp.o)
                              C:\Users\moseichuk\AppData\Local\Temp\VMBuilds\TestArduinoSAMD21E\arduino_zero_edbg\Debug\variant\variant.cpp.o (Uart::Uart(SERCOM*, unsigned char, unsigned char, SercomRXPad, SercomUartTXPad))
C:\Users\moseichuk\AppData\Local\Temp\VMBuilds\TestArduinoSAMD21E\arduino_zero_edbg\Debug/core.a(USBCore.cpp.o)
                              C:\Users\moseichuk\AppData\Local\Temp\VMBuilds\TestArduinoSAMD21E\arduino_zero_edbg\Debug/core.a(main.cpp.o) (USBDeviceClass::init())
C:\Users\moseichuk\AppData\Local\Temp\VMBuilds\TestArduinoSAMD21E\arduino_zero_edbg\Debug/core.a(abi.cpp.o)
                              C:\Users\moseichuk\AppData\Local\Temp\VMBuilds\TestArduinoSAMD21E\arduino_zero_edbg\Debug/core.a(Uart.cpp.o) (__cxa_pure_virtual)
C:\Users\moseichuk\AppData\Local\Temp\VMBuilds\TestArduinoSAMD21E\arduino_zero_edbg\Debug/core.a(new.cpp.o)
                              C:\Users\moseichuk\AppData\Local\Temp\VMBuilds\TestArduinoSAMD21E\arduino_zero_edbg\Debug/core.a(USBCore.cpp.o) (operator new(unsigned int))
C:\Users\moseichuk\AppData\Local\Temp\VMBuilds\TestArduinoSAMD21E\arduino_zero_edbg\Debug/core.a(Print.cpp.o)
                              C:\Users\moseichuk\AppData\Local\Temp\VMBuilds\TestArduinoSAMD21E\arduino_zero_edbg\Debug/core.a(Uart.cpp.o) (Print::write(unsigned char const*, unsigned int))
C:\Users\moseichuk\AppData\Local\Temp\VMBuilds\TestArduinoSAMD21E\arduino_zero_edbg\Debug/core.a(RingBuffer.cpp.o)
                              C:\Users\moseichuk\AppData\Local\Temp\VMBuilds\TestArduinoSAMD21E\arduino_zero_edbg\Debug/core.a(Uart.cpp.o) (RingBuffer::RingBuffer())
C:\Users\moseichuk\AppData\Local\Temp\VMBuilds\TestArduinoSAMD21E\arduino_zero_edbg\Debug/core.a(CDC.cpp.o)
[...]
Memory Configuration

Name             Origin             Length             Attributes
FLASH            0x00002000         0x0003e000         xr
RAM              0x20000000         0x00008000         xrw
*default*        0x00000000         0xffffffff

Linker script and memory map

LOAD c:/users/moseichuk/appdata/local/arduino15/packages/arduino/tools/arm-none-eabi-gcc/4.8.3-2014q1/bin/../lib/gcc/arm-none-eabi/4.8.3/armv6-m/crti.o
LOAD c:/users/moseichuk/appdata/local/arduino15/packages/arduino/tools/arm-none-eabi-gcc/4.8.3-2014q1/bin/../lib/gcc/arm-none-eabi/4.8.3/armv6-m/crtbegin.o
LOAD c:/users/moseichuk/appdata/local/arduino15/packages/arduino/tools/arm-none-eabi-gcc/4.8.3-2014q1/bin/../lib/gcc/arm-none-eabi/4.8.3/../../../../arm-none-eabi/lib/armv6-m/crt0.o
LOAD C:\Users\moseichuk\AppData\Local\Temp\VMBuilds\TestArduinoSAMD21E\arduino_zero_edbg\Debug\TestArduinoSAMD21E.cpp.o
LOAD C:\Users\moseichuk\AppData\Local\Temp\VMBuilds\TestArduinoSAMD21E\arduino_zero_edbg\Debug\variant\variant.cpp.o
START GROUP
LOAD C:\Users\moseichuk\AppData\Local\arduino15\packages\arduino\tools\CMSIS\4.5.0/CMSIS/Lib/GCC/\libarm_cortexM0l_math.a
LOAD c:/users/moseichuk/appdata/local/arduino15/packages/arduino/tools/arm-none-eabi-gcc/4.8.3-2014q1/bin/../lib/gcc/arm-none-eabi/4.8.3/../../../../arm-none-eabi/lib/armv6-m\libm.a
LOAD C:\Users\moseichuk\AppData\Local\Temp\VMBuilds\TestArduinoSAMD21E\arduino_zero_edbg\Debug/core.a
END GROUP
START GROUP
LOAD c:/users/moseichuk/appdata/local/arduino15/packages/arduino/tools/arm-none-eabi-gcc/4.8.3-2014q1/bin/../lib/gcc/arm-none-eabi/4.8.3/armv6-m\libgcc.a
LOAD c:/users/moseichuk/appdata/local/arduino15/packages/arduino/tools/arm-none-eabi-gcc/4.8.3-2014q1/bin/../lib/gcc/arm-none-eabi/4.8.3/../../../../arm-none-eabi/lib/armv6-m\libc_s.a
END GROUP
START GROUP
LOAD c:/users/moseichuk/appdata/local/arduino15/packages/arduino/tools/arm-none-eabi-gcc/4.8.3-2014q1/bin/../lib/gcc/arm-none-eabi/4.8.3/armv6-m\libgcc.a
LOAD c:/users/moseichuk/appdata/local/arduino15/packages/arduino/tools/arm-none-eabi-gcc/4.8.3-2014q1/bin/../lib/gcc/arm-none-eabi/4.8.3/../../../../arm-none-eabi/lib/armv6-m\libc_s.a
LOAD c:/users/moseichuk/appdata/local/arduino15/packages/arduino/tools/arm-none-eabi-gcc/4.8.3-2014q1/bin/../lib/gcc/arm-none-eabi/4.8.3/../../../../arm-none-eabi/lib/armv6-m\libnosys.a
END GROUP
START GROUP
LOAD c:/users/moseichuk/appdata/local/arduino15/packages/arduino/tools/arm-none-eabi-gcc/4.8.3-2014q1/bin/../lib/gcc/arm-none-eabi/4.8.3/armv6-m\libgcc.a
LOAD c:/users/moseichuk/appdata/local/arduino15/packages/arduino/tools/arm-none-eabi-gcc/4.8.3-2014q1/bin/../lib/gcc/arm-none-eabi/4.8.3/../../../../arm-none-eabi/lib/armv6-m\libc_s.a
LOAD c:/users/moseichuk/appdata/local/arduino15/packages/arduino/tools/arm-none-eabi-gcc/4.8.3-2014q1/bin/../lib/gcc/arm-none-eabi/4.8.3/../../../../arm-none-eabi/lib/armv6-m\libnosys.a
END GROUP
LOAD c:/users/moseichuk/appdata/local/arduino15/packages/arduino/tools/arm-none-eabi-gcc/4.8.3-2014q1/bin/../lib/gcc/arm-none-eabi/4.8.3/armv6-m/crtend.o
LOAD c:/users/moseichuk/appdata/local/arduino15/packages/arduino/tools/arm-none-eabi-gcc/4.8.3-2014q1/bin/../lib/gcc/arm-none-eabi/4.8.3/armv6-m/crtn.o

.text           0x00002000     0x2510
                0x00002000                __text_start__ = .
 *(.isr_vector)
 .isr_vector    0x00002000       0xb4 C:\Users\moseichuk\AppData\Local\Temp\VMBuilds\TestArduinoSAMD21E\arduino_zero_edbg\Debug/core.a(cortex_handlers.c.o)
                0x00002000                exception_table
 *(.text*)
 .text          0x000020b4       0x60 c:/users/moseichuk/appdata/local/arduino15/packages/arduino/tools/arm-none-eabi-gcc/4.8.3-2014q1/bin/../lib/gcc/arm-none-eabi/4.8.3/armv6-m/crtbegin.o
 .text.setup    0x00002114        0xc C:\Users\moseichuk\AppData\Local\Temp\VMBuilds\TestArduinoSAMD21E\arduino_zero_edbg\Debug\TestArduinoSAMD21E.cpp.o
                0x00002114                setup
 .text.loop     0x00002120       0x34 C:\Users\moseichuk\AppData\Local\Temp\VMBuilds\TestArduinoSAMD21E\arduino_zero_edbg\Debug\TestArduinoSAMD21E.cpp.o
                0x00002120                loop
 .text.SERCOM0_Handler
                0x00002154       0x10 C:\Users\moseichuk\AppData\Local\Temp\VMBuilds\TestArduinoSAMD21E\arduino_zero_edbg\Debug\variant\variant.cpp.o
                0x00002154                SERCOM0_Handler
 .text.SERCOM5_Handler
                0x00002164       0x10 C:\Users\moseichuk\AppData\Local\Temp\VMBuilds\TestArduinoSAMD21E\arduino_zero_edbg\Debug\variant\variant.cpp.o
                0x00002164                SERCOM5_Handler
 .text.startup._GLOBAL__sub_I_g_APinDescription
                0x00002174       0x94 C:\Users\moseichuk\AppData\Local\Temp\VMBuilds\TestArduinoSAMD21E\arduino_zero_edbg\Debug\variant\variant.cpp.o
 .text.Dummy_Handler
                0x00002208        0x2 C:\Users\moseichuk\AppData\Local\Temp\VMBuilds\TestArduinoSAMD21E\arduino_zero_edbg\Debug/core.a(cortex_handlers.c.o)
                0x00002208                DMAC_Handler
                0x00002208                HardFault_Handler
                0x00002208                AC_Handler
                0x00002208                PendSV_Handler
                0x00002208                NMI_Handler
                0x00002208                TC7_Handler
                0x00002208                SERCOM1_Handler
                0x00002208                ADC_Handler
                0x00002208                TCC1_Handler
                0x00002208                SERCOM2_Handler
                0x00002208                TCC0_Handler
                0x00002208                RTC_Handler
                0x00002208                EIC_Handler
                0x00002208                TC6_Handler
                0x00002208                WDT_Handler
                0x00002208                TC4_Handler
                0x00002208                TC3_Handler
                0x00002208                Dummy_Handler
                0x00002208                PM_Handler
                0x00002208                SVC_Handler
                0x00002208                TCC2_Handler
                0x00002208                EVSYS_Handler
                0x00002208                SERCOM3_Handler
                0x00002208                SERCOM4_Handler
                0x00002208                I2S_Handler
                0x00002208                NVMCTRL_Handler
                0x00002208                DAC_Handler
                0x00002208                PTC_Handler
                0x00002208                SYSCTRL_Handler
 *fill*         0x0000220a        0x2 
 .text.USB_Handler
                0x0000220c       0x14 C:\Users\moseichuk\AppData\Local\Temp\VMBuilds\TestArduinoSAMD21E\arduino_zero_edbg\Debug/core.a(cortex_handlers.c.o)
                0x0000220c                USB_Handler
 .text.Reset_Handler
                0x00002220       0x54 C:\Users\moseichuk\AppData\Local\Temp\VMBuilds\TestArduinoSAMD21E\arduino_zero_edbg\Debug/core.a(cortex_handlers.c.o)
                0x00002220                Reset_Handler
 .text.SysTick_Handler
                0x00002274       0x10 C:\Users\moseichuk\AppData\Local\Temp\VMBuilds\TestArduinoSAMD21E\arduino_zero_edbg\Debug/core.a(cortex_handlers.c.o)
                0x00002274                SysTick_Handler
 .text.USB_SetHandler
                0x00002284        0xc C:\Users\moseichuk\AppData\Local\Temp\VMBuilds\TestArduinoSAMD21E\arduino_zero_edbg\Debug/core.a(cortex_handlers.c.o)
                0x00002284                USB_SetHandler
 .text.millis   0x00002290        0xc C:\Users\moseichuk\AppData\Local\Temp\VMBuilds\TestArduinoSAMD21E\arduino_zero_edbg\Debug/core.a(delay.c.o)
                0x00002290                millis
 .text.delay    0x0000229c       0x20 C:\Users\moseichuk\AppData\Local\Temp\VMBuilds\TestArduinoSAMD21E\arduino_zero_edbg\Debug/core.a(delay.c.o)
                0x0000229c                delay
 .text.SysTick_DefaultHandler
                0x000022bc       0x14 C:\Users\moseichuk\AppData\Local\Temp\VMBuilds\TestArduinoSAMD21E\arduino_zero_edbg\Debug/core.a(delay.c.o)
                0x000022bc                SysTick_DefaultHandler
 .text.__empty  0x000022d0        0x2 C:\Users\moseichuk\AppData\Local\Temp\VMBuilds\TestArduinoSAMD21E\arduino_zero_edbg\Debug/core.a(hooks.c.o)
                0x000022d0                yield
 .text.__false  0x000022d2        0x4 C:\Users\moseichuk\AppData\Local\Temp\VMBuilds\TestArduinoSAMD21E\arduino_zero_edbg\Debug/core.a(hooks.c.o)
                0x000022d2                sysTickHook
 *fill*         0x000022d6        0x2 
 .text.SystemInit
                0x000022d8      0x174 C:\Users\moseichuk\AppData\Local\Temp\VMBuilds\TestArduinoSAMD21E\arduino_zero_edbg\Debug/core.a(startup.c.o)
                0x000022d8                SystemInit
 .text.init     0x0000244c       0xf0 C:\Users\moseichuk\AppData\Local\Temp\VMBuilds\TestArduinoSAMD21E\arduino_zero_edbg\Debug/core.a(wiring.c.o)
                0x0000244c                init
 .text.analogReference
                0x0000253c       0x5c C:\Users\moseichuk\AppData\Local\Temp\VMBuilds\TestArduinoSAMD21E\arduino_zero_edbg\Debug/core.a(wiring_analog.c.o)
                0x0000253c                analogReference
 .text.pinMode  0x00002598       0xb4 C:\Users\moseichuk\AppData\Local\Temp\VMBuilds\TestArduinoSAMD21E\arduino_zero_edbg\Debug/core.a(wiring_digital.c.o)
                0x00002598                pinMode
 .text.digitalWrite
                0x0000264c       0x60 C:\Users\moseichuk\AppData\Local\Temp\VMBuilds\TestArduinoSAMD21E\arduino_zero_edbg\Debug/core.a(wiring_digital.c.o)
                0x0000264c                digitalWrite
 .text.pinPeripheral
                0x000026ac       0xc4 C:\Users\moseichuk\AppData\Local\Temp\VMBuilds\TestArduinoSAMD21E\arduino_zero_edbg\Debug/core.a(wiring_private.c.o)
                0x000026ac                pinPeripheral
 .text._Z11initVariantv
                0x00002770        0x2 C:\Users\moseichuk\AppData\Local\Temp\VMBuilds\TestArduinoSAMD21E\arduino_zero_edbg\Debug/core.a(main.cpp.o)
                0x00002770                initVariant()
 *fill*         0x00002772        0x2 
 .text.startup.main
                0x00002774       0x40 C:\Users\moseichuk\AppData\Local\Temp\VMBuilds\TestArduinoSAMD21E\arduino_zero_edbg\Debug/core.a(main.cpp.o)
                0x00002774                main
 .text.initiateReset
                0x000027b4        0xc C:\Users\moseichuk\AppData\Local\Temp\VMBuilds\TestArduinoSAMD21E\arduino_zero_edbg\Debug/core.a(Reset.cpp.o)
                0x000027b4                initiateReset
 .text.cancelReset
                0x000027c0       0x10 C:\Users\moseichuk\AppData\Local\Temp\VMBuilds\TestArduinoSAMD21E\arduino_zero_edbg\Debug/core.a(Reset.cpp.o)
                0x000027c0                cancelReset
 .text.tickReset
                0x000027d0       0x74 C:\Users\moseichuk\AppData\Local\Temp\VMBuilds\TestArduinoSAMD21E\arduino_zero_edbg\Debug/core.a(Reset.cpp.o)
                0x000027d0                tickReset
 .text._ZN6SERCOMC2EP6Sercom
                0x00002844        0x4 C:\Users\moseichuk\AppData\Local\Temp\VMBuilds\TestArduinoSAMD21E\arduino_zero_edbg\Debug/core.a(SERCOM.cpp.o)
                0x00002844                SERCOM::SERCOM(Sercom*)
                0x00002844                SERCOM::SERCOM(Sercom*)
 .text._ZN6SERCOM9initFrameE18SercomUartCharSize15SercomDataOrder16SercomParityMode19SercomNumberStopBit
                0x00002848       0x38 C:\Users\moseichuk\AppData\Local\Temp\VMBuilds\TestArduinoSAMD21E\arduino_zero_edbg\Debug/core.a(SERCOM.cpp.o)
                0x00002848                SERCOM::initFrame(SercomUartCharSize, SercomDataOrder, SercomParityMode, SercomNumberStopBit)
 .text._ZN6SERCOM8initPadsE15SercomUartTXPad11SercomRXPad
                0x00002880       0x26 C:\Users\moseichuk\AppData\Local\Temp\VMBuilds\TestArduinoSAMD21E\arduino_zero_edbg\Debug/core.a(SERCOM.cpp.o)
                0x00002880                SERCOM::initPads(SercomUartTXPad, SercomRXPad)
 .text._ZN6SERCOM9resetUARTEv
                0x000028a6       0x1c C:\Users\moseichuk\AppData\Local\Temp\VMBuilds\TestArduinoSAMD21E\arduino_zero_edbg\Debug/core.a(SERCOM.cpp.o)
                0x000028a6                SERCOM::resetUART()
 .text._ZN6SERCOM10enableUARTEv
                0x000028c2       0x14 C:\Users\moseichuk\AppData\Local\Temp\VMBuilds\TestArduinoSAMD21E\arduino_zero_edbg\Debug/core.a(SERCOM.cpp.o)
                0x000028c2                SERCOM::enableUART()
 .text._ZN6SERCOM9flushUARTEv
                0x000028d6       0x10 C:\Users\moseichuk\AppData\Local\Temp\VMBuilds\TestArduinoSAMD21E\arduino_zero_edbg\Debug/core.a(SERCOM.cpp.o)
                0x000028d6                SERCOM::flushUART()
 .text._ZN6SERCOM15clearStatusUARTEv
                0x000028e6        0x8 C:\Users\moseichuk\AppData\Local\Temp\VMBuilds\TestArduinoSAMD21E\arduino_zero_edbg\Debug/core.a(SERCOM.cpp.o)
                0x000028e6                SERCOM::clearStatusUART()
 .text._ZN6SERCOM17availableDataUARTEv
                0x000028ee        0xa C:\Users\moseichuk\AppData\Local\Temp\VMBuilds\TestArduinoSAMD21E\arduino_zero_edbg\Debug/core.a(SERCOM.cpp.o)
                0x000028ee                SERCOM::availableDataUART()
 .text._ZN6SERCOM11isUARTErrorEv
                0x000028f8        0x8 C:\Users\moseichuk\AppData\Local\Temp\VMBuilds\TestArduinoSAMD21E\arduino_zero_edbg\Debug/core.a(SERCOM.cpp.o)
                0x000028f8                SERCOM::isUARTError()
 .text._ZN6SERCOM20acknowledgeUARTErrorEv
                0x00002900        0xe C:\Users\moseichuk\AppData\Local\Temp\VMBuilds\TestArduinoSAMD21E\arduino_zero_edbg\Debug/core.a(SERCOM.cpp.o)
                0x00002900                SERCOM::acknowledgeUARTError()
 .text._ZN6SERCOM12readDataUARTEv
                0x0000290e        0x8 C:\Users\moseichuk\AppData\Local\Temp\VMBuilds\TestArduinoSAMD21E\arduino_zero_edbg\Debug/core.a(SERCOM.cpp.o)
                0x0000290e                SERCOM::readDataUART()
 .text._ZN6SERCOM13writeDataUARTEh
                0x00002916        0xe C:\Users\moseichuk\AppData\Local\Temp\VMBuilds\TestArduinoSAMD21E\arduino_zero_edbg\Debug/core.a(SERCOM.cpp.o)
                0x00002916                SERCOM::writeDataUART(unsigned char)
 .text._ZN6SERCOM13initClockNVICEv
                0x00002924       0xac C:\Users\moseichuk\AppData\Local\Temp\VMBuilds\TestArduinoSAMD21E\arduino_zero_edbg\Debug/core.a(SERCOM.cpp.o)
                0x00002924                SERCOM::initClockNVIC()
 .text._ZN6SERCOM8initUARTE14SercomUartMode20SercomUartSampleRatem
                0x000029d0       0x6c C:\Users\moseichuk\AppData\Local\Temp\VMBuilds\TestArduinoSAMD21E\arduino_zero_edbg\Debug/core.a(SERCOM.cpp.o)
                0x000029d0                SERCOM::initUART(SercomUartMode, SercomUartSampleRate, unsigned long)
 .text._ZN4UartcvbEv
                0x00002a3c        0x4 C:\Users\moseichuk\AppData\Local\Temp\VMBuilds\TestArduinoSAMD21E\arduino_zero_edbg\Debug/core.a(Uart.cpp.o)
                0x00002a3c                Uart::operator bool()
 .text._ZN4Uart5beginEm
                0x00002a40        0xc C:\Users\moseichuk\AppData\Local\Temp\VMBuilds\TestArduinoSAMD21E\arduino_zero_edbg\Debug/core.a(Uart.cpp.o)
                0x00002a40                Uart::begin(unsigned long)
 .text._ZN4Uart3endEv
                0x00002a4c       0x14 C:\Users\moseichuk\AppData\Local\Temp\VMBuilds\TestArduinoSAMD21E\arduino_zero_edbg\Debug/core.a(Uart.cpp.o)
                0x00002a4c                Uart::end()
 .text._ZN4Uart5flushEv
                0x00002a60        0xa C:\Users\moseichuk\AppData\Local\Temp\VMBuilds\TestArduinoSAMD21E\arduino_zero_edbg\Debug/core.a(Uart.cpp.o)
                0x00002a60                Uart::flush()
 .text._ZN4Uart9availableEv
                0x00002a6a        0xa C:\Users\moseichuk\AppData\Local\Temp\VMBuilds\TestArduinoSAMD21E\arduino_zero_edbg\Debug/core.a(Uart.cpp.o)
                0x00002a6a                Uart::available()
 .text._ZN4Uart4peekEv
                0x00002a74        0xa C:\Users\moseichuk\AppData\Local\Temp\VMBuilds\TestArduinoSAMD21E\arduino_zero_edbg\Debug/core.a(Uart.cpp.o)
                0x00002a74                Uart::peek()
 .text._ZN4Uart4readEv
                0x00002a7e        0xa C:\Users\moseichuk\AppData\Local\Temp\VMBuilds\TestArduinoSAMD21E\arduino_zero_edbg\Debug/core.a(Uart.cpp.o)
                0x00002a7e                Uart::read()
 .text._ZN4Uart5writeEh
                0x00002a88        0xc C:\Users\moseichuk\AppData\Local\Temp\VMBuilds\TestArduinoSAMD21E\arduino_zero_edbg\Debug/core.a(Uart.cpp.o)
                0x00002a88                Uart::write(unsigned char)
 .text._ZN4UartC2EP6SERCOMhh11SercomRXPad15SercomUartTXPad
                0x00002a94       0x48 C:\Users\moseichuk\AppData\Local\Temp\VMBuilds\TestArduinoSAMD21E\arduino_zero_edbg\Debug/core.a(Uart.cpp.o)
                0x00002a94                Uart::Uart(SERCOM*, unsigned char, unsigned char, SercomRXPad, SercomUartTXPad)
                0x00002a94                Uart::Uart(SERCOM*, unsigned char, unsigned char, SercomRXPad, SercomUartTXPad)
 .text._ZN4Uart10IrqHandlerEv
                0x00002adc       0x36 C:\Users\moseichuk\AppData\Local\Temp\VMBuilds\TestArduinoSAMD21E\arduino_zero_edbg\Debug/core.a(Uart.cpp.o)
                0x00002adc                Uart::IrqHandler()
 .text._ZN4Uart16extractNbStopBitEt
                0x00002b12        0xe C:\Users\moseichuk\AppData\Local\Temp\VMBuilds\TestArduinoSAMD21E\arduino_zero_edbg\Debug/core.a(Uart.cpp.o)
                0x00002b12                Uart::extractNbStopBit(unsigned short)
 .text._ZN4Uart15extractCharSizeEt
                0x00002b20       0x2c C:\Users\moseichuk\AppData\Local\Temp\VMBuilds\TestArduinoSAMD21E\arduino_zero_edbg\Debug/core.a(Uart.cpp.o)
                0x00002b20                Uart::extractCharSize(unsigned short)
 .text._ZN4Uart13extractParityEt
                0x00002b4c       0x18 C:\Users\moseichuk\AppData\Local\Temp\VMBuilds\TestArduinoSAMD21E\arduino_zero_edbg\Debug/core.a(Uart.cpp.o)
                0x00002b4c                Uart::extractParity(unsigned short)
 .text._ZN4Uart5beginEmt
                0x00002b64       0x88 C:\Users\moseichuk\AppData\Local\Temp\VMBuilds\TestArduinoSAMD21E\arduino_zero_edbg\Debug/core.a(Uart.cpp.o)
                0x00002b64                Uart::begin(unsigned long, unsigned short)
 .text._ZN14USBDeviceClass6initEPEmm.part.4
                0x00002bec       0x80 C:\Users\moseichuk\AppData\Local\Temp\VMBuilds\TestArduinoSAMD21E\arduino_zero_edbg\Debug/core.a(USBCore.cpp.o)
 .text._ZN20USBDevice_SAMD21G18x5resetEv
                0x00002c6c       0x28 C:\Users\moseichuk\AppData\Local\Temp\VMBuilds\TestArduinoSAMD21E\arduino_zero_edbg\Debug/core.a(USBCore.cpp.o)
                0x00002c6c                USBDevice_SAMD21G18x::reset()
 .text._ZN20USBDevice_SAMD21G18x9calibrateEv
                0x00002c94       0x5c C:\Users\moseichuk\AppData\Local\Temp\VMBuilds\TestArduinoSAMD21E\arduino_zero_edbg\Debug/core.a(USBCore.cpp.o)
                0x00002c94                USBDevice_SAMD21G18x::calibrate()
 .text._ZN7__GuardC2Ev
                0x00002cf0        0xe C:\Users\moseichuk\AppData\Local\Temp\VMBuilds\TestArduinoSAMD21E\arduino_zero_edbg\Debug/core.a(USBCore.cpp.o)
                0x00002cf0                __Guard::__Guard()
                0x00002cf0                __Guard::__Guard()
 .text._ZN7__GuardD2Ev
                0x00002cfe        0xe C:\Users\moseichuk\AppData\Local\Temp\VMBuilds\TestArduinoSAMD21E\arduino_zero_edbg\Debug/core.a(USBCore.cpp.o)
                0x00002cfe                __Guard::~__Guard()
                0x00002cfe                __Guard::~__Guard()
 .text._ZNK26DoubleBufferedEPOutHandler9availableEv
                0x00002d0c       0x5e C:\Users\moseichuk\AppData\Local\Temp\VMBuilds\TestArduinoSAMD21E\arduino_zero_edbg\Debug/core.a(USBCore.cpp.o)
                0x00002d0c                DoubleBufferedEPOutHandler::available() const
 *fill*         0x00002d6a        0x2 
 .text._ZN26DoubleBufferedEPOutHandler7releaseEv
                0x00002d6c       0x58 C:\Users\moseichuk\AppData\Local\Temp\VMBuilds\TestArduinoSAMD21E\arduino_zero_edbg\Debug/core.a(USBCore.cpp.o)
                0x00002d6c                DoubleBufferedEPOutHandler::release()
 .text._ZN26DoubleBufferedEPOutHandler4recvEPvm
                0x00002dc4      0x11c C:\Users\moseichuk\AppData\Local\Temp\VMBuilds\TestArduinoSAMD21E\arduino_zero_edbg\Debug/core.a(USBCore.cpp.o)
                0x00002dc4                DoubleBufferedEPOutHandler::recv(void*, unsigned long)
 .text._ZN26DoubleBufferedEPOutHandler14handleEndpointEv
                0x00002ee0       0xc4 C:\Users\moseichuk\AppData\Local\Temp\VMBuilds\TestArduinoSAMD21E\arduino_zero_edbg\Debug/core.a(USBCore.cpp.o)
                0x00002ee0                DoubleBufferedEPOutHandler::handleEndpoint()
 .text._ZN14USBDeviceClass14SendInterfacesEPm
                0x00002fa4       0x2c C:\Users\moseichuk\AppData\Local\Temp\VMBuilds\TestArduinoSAMD21E\arduino_zero_edbg\Debug/core.a(USBCore.cpp.o)
                0x00002fa4                USBDeviceClass::SendInterfaces(unsigned long*)
 .text._ZN14USBDeviceClass14handleEndpointEh
                0x00002fd0       0x40 C:\Users\moseichuk\AppData\Local\Temp\VMBuilds\TestArduinoSAMD21E\arduino_zero_edbg\Debug/core.a(USBCore.cpp.o)
                0x00002fd0                USBDeviceClass::handleEndpoint(unsigned char)
 .text._ZN14USBDeviceClass4initEv
                0x00003010       0xf0 C:\Users\moseichuk\AppData\Local\Temp\VMBuilds\TestArduinoSAMD21E\arduino_zero_edbg\Debug/core.a(USBCore.cpp.o)
                0x00003010                USBDeviceClass::init()
 .text._ZN14USBDeviceClass6attachEv
                0x00003100       0x34 C:\Users\moseichuk\AppData\Local\Temp\VMBuilds\TestArduinoSAMD21E\arduino_zero_edbg\Debug/core.a(USBCore.cpp.o)
                0x00003100                USBDeviceClass::attach()
 .text._ZN14USBDeviceClass10setAddressEm
                0x00003134       0x48 C:\Users\moseichuk\AppData\Local\Temp\VMBuilds\TestArduinoSAMD21E\arduino_zero_edbg\Debug/core.a(USBCore.cpp.o)
                0x00003134                USBDeviceClass::setAddress(unsigned long)
 .text._ZN14USBDeviceClass25handleClassInterfaceSetupER8USBSetup
                0x0000317c       0x40 C:\Users\moseichuk\AppData\Local\Temp\VMBuilds\TestArduinoSAMD21E\arduino_zero_edbg\Debug/core.a(USBCore.cpp.o)
                0x0000317c                USBDeviceClass::handleClassInterfaceSetup(USBSetup&)
 .text._ZN14USBDeviceClass6initEPEmm
                0x000031bc      0x128 C:\Users\moseichuk\AppData\Local\Temp\VMBuilds\TestArduinoSAMD21E\arduino_zero_edbg\Debug/core.a(USBCore.cpp.o)
                0x000031bc                USBDeviceClass::initEP(unsigned long, unsigned long)
 .text._ZN14USBDeviceClass13initEndpointsEv
                0x000032e4       0x24 C:\Users\moseichuk\AppData\Local\Temp\VMBuilds\TestArduinoSAMD21E\arduino_zero_edbg\Debug/core.a(USBCore.cpp.o)
                0x000032e4                USBDeviceClass::initEndpoints()
 .text._ZN14USBDeviceClass9availableEm
                0x00003308       0x2c C:\Users\moseichuk\AppData\Local\Temp\VMBuilds\TestArduinoSAMD21E\arduino_zero_edbg\Debug/core.a(USBCore.cpp.o)
                0x00003308                USBDeviceClass::available(unsigned long)
 .text._ZN14USBDeviceClass5flushEm
                0x00003334       0x2c C:\Users\moseichuk\AppData\Local\Temp\VMBuilds\TestArduinoSAMD21E\arduino_zero_edbg\Debug/core.a(USBCore.cpp.o)
                0x00003334                USBDeviceClass::flush(unsigned long)
 .text._ZN14USBDeviceClass14armRecvCtrlOUTEm
                0x00003360       0x60 C:\Users\moseichuk\AppData\Local\Temp\VMBuilds\TestArduinoSAMD21E\arduino_zero_edbg\Debug/core.a(USBCore.cpp.o)
                0x00003360                USBDeviceClass::armRecvCtrlOUT(unsigned long)
 .text._ZN14USBDeviceClass11recvControlEPvm
                0x000033c0       0x3c C:\Users\moseichuk\AppData\Local\Temp\VMBuilds\TestArduinoSAMD21E\arduino_zero_edbg\Debug/core.a(USBCore.cpp.o)
                0x000033c0                USBDeviceClass::recvControl(void*, unsigned long)
 .text._ZN14USBDeviceClass7armRecvEm
                0x000033fc       0x3c C:\Users\moseichuk\AppData\Local\Temp\VMBuilds\TestArduinoSAMD21E\arduino_zero_edbg\Debug/core.a(USBCore.cpp.o)
                0x000033fc                USBDeviceClass::armRecv(unsigned long)
 .text._ZN14USBDeviceClass4recvEmPvm
                0x00003438       0xd8 C:\Users\moseichuk\AppData\Local\Temp\VMBuilds\TestArduinoSAMD21E\arduino_zero_edbg\Debug/core.a(USBCore.cpp.o)
                0x00003438                USBDeviceClass::recv(unsigned long, void*, unsigned long)
 .text._ZN14USBDeviceClass4recvEm
                0x00003510       0x1c C:\Users\moseichuk\AppData\Local\Temp\VMBuilds\TestArduinoSAMD21E\arduino_zero_edbg\Debug/core.a(USBCore.cpp.o)
                0x00003510                USBDeviceClass::recv(unsigned long)
 .text._ZN14USBDeviceClass4sendEmPKvm
                0x0000352c      0x124 C:\Users\moseichuk\AppData\Local\Temp\VMBuilds\TestArduinoSAMD21E\arduino_zero_edbg\Debug/core.a(USBCore.cpp.o)
                0x0000352c                USBDeviceClass::send(unsigned long, void const*, unsigned long)
 .text._ZN14USBDeviceClass7armSendEmPKvm
                0x00003650       0x48 C:\Users\moseichuk\AppData\Local\Temp\VMBuilds\TestArduinoSAMD21E\arduino_zero_edbg\Debug/core.a(USBCore.cpp.o)
                0x00003650                USBDeviceClass::armSend(unsigned long, void const*, unsigned long)
 .text._ZN14USBDeviceClass11sendControlEPKvm
                0x00003698       0x58 C:\Users\moseichuk\AppData\Local\Temp\VMBuilds\TestArduinoSAMD21E\arduino_zero_edbg\Debug/core.a(USBCore.cpp.o)
                0x00003698                USBDeviceClass::sendControl(void const*, unsigned long)
 .text._ZN14USBDeviceClass20sendStringDescriptorEPKhh
                0x000036f0       0x68 C:\Users\moseichuk\AppData\Local\Temp\VMBuilds\TestArduinoSAMD21E\arduino_zero_edbg\Debug/core.a(USBCore.cpp.o)
                0x000036f0                USBDeviceClass::sendStringDescriptor(unsigned char const*, unsigned char)
 .text._ZN14USBDeviceClass12packMessagesEb.part.6
                0x00003758       0x20 C:\Users\moseichuk\AppData\Local\Temp\VMBuilds\TestArduinoSAMD21E\arduino_zero_edbg\Debug/core.a(USBCore.cpp.o)
 .text._ZN14USBDeviceClass17sendConfigurationEm
                0x00003778       0x90 C:\Users\moseichuk\AppData\Local\Temp\VMBuilds\TestArduinoSAMD21E\arduino_zero_edbg\Debug/core.a(USBCore.cpp.o)
                0x00003778                USBDeviceClass::sendConfiguration(unsigned long)
 .text._ZN14USBDeviceClass14sendDescriptorER8USBSetup
                0x00003808       0xb4 C:\Users\moseichuk\AppData\Local\Temp\VMBuilds\TestArduinoSAMD21E\arduino_zero_edbg\Debug/core.a(USBCore.cpp.o)
                0x00003808                USBDeviceClass::sendDescriptor(USBSetup&)
 .text._ZN14USBDeviceClass19handleStandardSetupER8USBSetup
                0x000038bc      0x118 C:\Users\moseichuk\AppData\Local\Temp\VMBuilds\TestArduinoSAMD21E\arduino_zero_edbg\Debug/core.a(USBCore.cpp.o)
                0x000038bc                USBDeviceClass::handleStandardSetup(USBSetup&)
 .text._ZN14USBDeviceClass10ISRHandlerEv
                0x000039d4      0x150 C:\Users\moseichuk\AppData\Local\Temp\VMBuilds\TestArduinoSAMD21E\arduino_zero_edbg\Debug/core.a(USBCore.cpp.o)
                0x000039d4                USBDeviceClass::ISRHandler()
 .text.UDD_Handler
                0x00003b24       0x10 C:\Users\moseichuk\AppData\Local\Temp\VMBuilds\TestArduinoSAMD21E\arduino_zero_edbg\Debug/core.a(USBCore.cpp.o)
                0x00003b24                UDD_Handler
 .text.startup._GLOBAL__sub_I__ZN20USBDevice_SAMD21G18x5resetEv
                0x00003b34       0x10 C:\Users\moseichuk\AppData\Local\Temp\VMBuilds\TestArduinoSAMD21E\arduino_zero_edbg\Debug/core.a(USBCore.cpp.o)
 .text._Znwj    0x00003b44        0x8 C:\Users\moseichuk\AppData\Local\Temp\VMBuilds\TestArduinoSAMD21E\arduino_zero_edbg\Debug/core.a(new.cpp.o)
                0x00003b44                operator new(unsigned int)
 .text._ZN5Print5writeEPKhj
                0x00003b4c       0x28 C:\Users\moseichuk\AppData\Local\Temp\VMBuilds\TestArduinoSAMD21E\arduino_zero_edbg\Debug/core.a(Print.cpp.o)
                0x00003b4c                Print::write(unsigned char const*, unsigned int)
 .text._ZN10RingBufferC2Ev
                0x00003b74       0x16 C:\Users\moseichuk\AppData\Local\Temp\VMBuilds\TestArduinoSAMD21E\arduino_zero_edbg\Debug/core.a(RingBuffer.cpp.o)
                0x00003b74                RingBuffer::RingBuffer()
                0x00003b74                RingBuffer::RingBuffer()
 .text._ZN10RingBuffer10store_charEh
                0x00003b8a       0x16 C:\Users\moseichuk\AppData\Local\Temp\VMBuilds\TestArduinoSAMD21E\arduino_zero_edbg\Debug/core.a(RingBuffer.cpp.o)
                0x00003b8a                RingBuffer::store_char(unsigned char)
 .text._ZN10RingBuffer5clearEv
                0x00003ba0        0x8 C:\Users\moseichuk\AppData\Local\Temp\VMBuilds\TestArduinoSAMD21E\arduino_zero_edbg\Debug/core.a(RingBuffer.cpp.o)
                0x00003ba0                RingBuffer::clear()
 .text._ZN10RingBuffer9read_charEv
                0x00003ba8       0x1c C:\Users\moseichuk\AppData\Local\Temp\VMBuilds\TestArduinoSAMD21E\arduino_zero_edbg\Debug/core.a(RingBuffer.cpp.o)
                0x00003ba8                RingBuffer::read_char()
 .text._ZN10RingBuffer9availableEv
                0x00003bc4        0xc C:\Users\moseichuk\AppData\Local\Temp\VMBuilds\TestArduinoSAMD21E\arduino_zero_edbg\Debug/core.a(RingBuffer.cpp.o)
                0x00003bc4                RingBuffer::available()
 .text._ZN10RingBuffer4peekEv
                0x00003bd0       0x12 C:\Users\moseichuk\AppData\Local\Temp\VMBuilds\TestArduinoSAMD21E\arduino_zero_edbg\Debug/core.a(RingBuffer.cpp.o)
                0x00003bd0                RingBuffer::peek()
 .text._ZN7Serial_17availableForWriteEv
                0x00003be2        0x4 C:\Users\moseichuk\AppData\Local\Temp\VMBuilds\TestArduinoSAMD21E\arduino_zero_edbg\Debug/core.a(CDC.cpp.o)
                0x00003be2                Serial_::availableForWrite()
 .text._ZN7Serial_5writeEh
                0x00003be6       0x14 C:\Users\moseichuk\AppData\Local\Temp\VMBuilds\TestArduinoSAMD21E\arduino_zero_edbg\Debug/core.a(CDC.cpp.o)
                0x00003be6                Serial_::write(unsigned char)
 .text._ZN7Serial_9availableEv
                0x00003bfa        0xc C:\Users\moseichuk\AppData\Local\Temp\VMBuilds\TestArduinoSAMD21E\arduino_zero_edbg\Debug/core.a(CDC.cpp.o)
                0x00003bfa                Serial_::available()
 .text._ZN7Serial_5flushEv
                0x00003c06        0xc C:\Users\moseichuk\AppData\Local\Temp\VMBuilds\TestArduinoSAMD21E\arduino_zero_edbg\Debug/core.a(CDC.cpp.o)
                0x00003c06                Serial_::flush()
 .text._ZN7Serial_5writeEPKhj
                0x00003c12       0x1c C:\Users\moseichuk\AppData\Local\Temp\VMBuilds\TestArduinoSAMD21E\arduino_zero_edbg\Debug/core.a(CDC.cpp.o)
                0x00003c12                Serial_::write(unsigned char const*, unsigned int)
 *fill*         0x00003c2e        0x2 
 .text._ZN7Serial_4peekEv
                0x00003c30       0x1c C:\Users\moseichuk\AppData\Local\Temp\VMBuilds\TestArduinoSAMD21E\arduino_zero_edbg\Debug/core.a(CDC.cpp.o)
                0x00003c30                Serial_::peek()
 .text._ZN7Serial_4readEv
                0x00003c4c       0x24 C:\Users\moseichuk\AppData\Local\Temp\VMBuilds\TestArduinoSAMD21E\arduino_zero_edbg\Debug/core.a(CDC.cpp.o)
                0x00003c4c                Serial_::read()
 .text._Z16CDC_GetInterfacePh
                0x00003c70       0x1c C:\Users\moseichuk\AppData\Local\Temp\VMBuilds\TestArduinoSAMD21E\arduino_zero_edbg\Debug/core.a(CDC.cpp.o)
                0x00003c70                CDC_GetInterface(unsigned char*)
 .text._Z9CDC_SetupR8USBSetup
                0x00003c8c       0x80 C:\Users\moseichuk\AppData\Local\Temp\VMBuilds\TestArduinoSAMD21E\arduino_zero_edbg\Debug/core.a(CDC.cpp.o)
                0x00003c8c                CDC_Setup(USBSetup&)
 .text.startup._GLOBAL__sub_I__Z17_CDC_GetInterfacev
                0x00003d0c       0x28 C:\Users\moseichuk\AppData\Local\Temp\VMBuilds\TestArduinoSAMD21E\arduino_zero_edbg\Debug/core.a(CDC.cpp.o)
 .text._ZN13PluggableUSB_12getInterfaceEPh
                0x00003d34       0x2a C:\Users\moseichuk\AppData\Local\Temp\VMBuilds\TestArduinoSAMD21E\arduino_zero_edbg\Debug/core.a(PluggableUSB.cpp.o)
                0x00003d34                PluggableUSB_::getInterface(unsigned char*)
 .text._ZN13PluggableUSB_13getDescriptorER8USBSetup
                0x00003d5e       0x20 C:\Users\moseichuk\AppData\Local\Temp\VMBuilds\TestArduinoSAMD21E\arduino_zero_edbg\Debug/core.a(PluggableUSB.cpp.o)
                0x00003d5e                PluggableUSB_::getDescriptor(USBSetup&)
 .text._ZN13PluggableUSB_12getShortNameEPc
                0x00003d7e       0x1e C:\Users\moseichuk\AppData\Local\Temp\VMBuilds\TestArduinoSAMD21E\arduino_zero_edbg\Debug/core.a(PluggableUSB.cpp.o)
                0x00003d7e                PluggableUSB_::getShortName(char*)
 .text._ZN13PluggableUSB_5setupER8USBSetup
                0x00003d9c       0x24 C:\Users\moseichuk\AppData\Local\Temp\VMBuilds\TestArduinoSAMD21E\arduino_zero_edbg\Debug/core.a(PluggableUSB.cpp.o)
                0x00003d9c                PluggableUSB_::setup(USBSetup&)
 .text._Z12PluggableUSBv
                0x00003dc0       0x24 C:\Users\moseichuk\AppData\Local\Temp\VMBuilds\TestArduinoSAMD21E\arduino_zero_edbg\Debug/core.a(PluggableUSB.cpp.o)
                0x00003dc0                PluggableUSB()
 .text          0x00003de4       0x14 c:/users/moseichuk/appdata/local/arduino15/packages/arduino/tools/arm-none-eabi-gcc/4.8.3-2014q1/bin/../lib/gcc/arm-none-eabi/4.8.3/armv6-m\libgcc.a(_thumb1_case_uqi.o)
                0x00003de4                __gnu_thumb1_case_uqi
 .text          0x00003df8       0x9c c:/users/moseichuk/appdata/local/arduino15/packages/arduino/tools/arm-none-eabi-gcc/4.8.3-2014q1/bin/../lib/gcc/arm-none-eabi/4.8.3/armv6-m\libgcc.a(_udivsi3.o)
                0x00003df8                __aeabi_uidiv
                0x00003df8                __udivsi3
                0x00003e80                __aeabi_uidivmod
 .text          0x00003e94        0x4 c:/users/moseichuk/appdata/local/arduino15/packages/arduino/tools/arm-none-eabi-gcc/4.8.3-2014q1/bin/../lib/gcc/arm-none-eabi/4.8.3/armv6-m\libgcc.a(_dvmd_tls.o)
                0x00003e94                __aeabi_idiv0
                0x00003e94                __aeabi_ldiv0
 .text.__libc_init_array
                0x00003e98       0x4c c:/users/moseichuk/appdata/local/arduino15/packages/arduino/tools/arm-none-eabi-gcc/4.8.3-2014q1/bin/../lib/gcc/arm-none-eabi/4.8.3/../../../../arm-none-eabi/lib/armv6-m\libc_s.a(lib_a-init.o)
                0x00003e98                __libc_init_array
 .text.malloc   0x00003ee4       0x14 c:/users/moseichuk/appdata/local/arduino15/packages/arduino/tools/arm-none-eabi-gcc/4.8.3-2014q1/bin/../lib/gcc/arm-none-eabi/4.8.3/../../../../arm-none-eabi/lib/armv6-m\libc_s.a(lib_a-malloc.o)
                0x00003ee4                malloc
 .text.memcpy   0x00003ef8       0x12 c:/users/moseichuk/appdata/local/arduino15/packages/arduino/tools/arm-none-eabi-gcc/4.8.3-2014q1/bin/../lib/gcc/arm-none-eabi/4.8.3/../../../../arm-none-eabi/lib/armv6-m\libc_s.a(lib_a-memcpy-stub.o)
                0x00003ef8                memcpy
 .text.memset   0x00003f0a       0x10 c:/users/moseichuk/appdata/local/arduino15/packages/arduino/tools/arm-none-eabi-gcc/4.8.3-2014q1/bin/../lib/gcc/arm-none-eabi/4.8.3/../../../../arm-none-eabi/lib/armv6-m\libc_s.a(lib_a-memset.o)
                0x00003f0a                memset
 *fill*         0x00003f1a        0x2 
 .text._malloc_r
                0x00003f1c       0xa8 c:/users/moseichuk/appdata/local/arduino15/packages/arduino/tools/arm-none-eabi-gcc/4.8.3-2014q1/bin/../lib/gcc/arm-none-eabi/4.8.3/../../../../arm-none-eabi/lib/armv6-m\libc_s.a(lib_a-nano-mallocr.o)
                0x00003f1c                _malloc_r
 .text._sbrk_r  0x00003fc4       0x24 c:/users/moseichuk/appdata/local/arduino15/packages/arduino/tools/arm-none-eabi-gcc/4.8.3-2014q1/bin/../lib/gcc/arm-none-eabi/4.8.3/../../../../arm-none-eabi/lib/armv6-m\libc_s.a(lib_a-sbrkr.o)
                0x00003fc4                _sbrk_r
 .text.strlen   0x00003fe8        0xe c:/users/moseichuk/appdata/local/arduino15/packages/arduino/tools/arm-none-eabi-gcc/4.8.3-2014q1/bin/../lib/gcc/arm-none-eabi/4.8.3/../../../../arm-none-eabi/lib/armv6-m\libc_s.a(lib_a-strlen.o)
                0x00003fe8                strlen
 *fill*         0x00003ff6        0x2 
 .text._sbrk    0x00003ff8       0x34 c:/users/moseichuk/appdata/local/arduino15/packages/arduino/tools/arm-none-eabi-gcc/4.8.3-2014q1/bin/../lib/gcc/arm-none-eabi/4.8.3/../../../../arm-none-eabi/lib/armv6-m\libnosys.a(sbrk.o)
                0x00003ff8                _sbrk
 *(.init)
 .init          0x0000402c        0x4 c:/users/moseichuk/appdata/local/arduino15/packages/arduino/tools/arm-none-eabi-gcc/4.8.3-2014q1/bin/../lib/gcc/arm-none-eabi/4.8.3/armv6-m/crti.o
                0x0000402c                _init
 .init          0x00004030        0x8 c:/users/moseichuk/appdata/local/arduino15/packages/arduino/tools/arm-none-eabi-gcc/4.8.3-2014q1/bin/../lib/gcc/arm-none-eabi/4.8.3/armv6-m/crtn.o
 *(.fini)
 .fini          0x00004038        0x4 c:/users/moseichuk/appdata/local/arduino15/packages/arduino/tools/arm-none-eabi-gcc/4.8.3-2014q1/bin/../lib/gcc/arm-none-eabi/4.8.3/armv6-m/crti.o
                0x00004038                _fini
 .fini          0x0000403c        0x8 c:/users/moseichuk/appdata/local/arduino15/packages/arduino/tools/arm-none-eabi-gcc/4.8.3-2014q1/bin/../lib/gcc/arm-none-eabi/4.8.3/armv6-m/crtn.o
 *crtbegin.o(.ctors)
 *crtbegin?.o(.ctors)
 *(EXCLUDE_FILE(*crtend.o *crtend?.o) .ctors)
 *(SORT(.ctors.*))
 *(.ctors)
 *crtbegin.o(.dtors)
 *crtbegin?.o(.dtors)
 *(EXCLUDE_FILE(*crtend.o *crtend?.o) .dtors)
 *(SORT(.dtors.*))
 *(.dtors)
 *(.rodata*)
 .rodata.g_APinDescription
                0x00004044      0x420 C:\Users\moseichuk\AppData\Local\Temp\VMBuilds\TestArduinoSAMD21E\arduino_zero_edbg\Debug\variant\variant.cpp.o
                0x00004044                g_APinDescription
 *fill*         0x00004464        0x4 
 .rodata._ZTV4Uart
                0x00004468       0x30 C:\Users\moseichuk\AppData\Local\Temp\VMBuilds\TestArduinoSAMD21E\arduino_zero_edbg\Debug/core.a(Uart.cpp.o)
                0x00004468                vtable for Uart
 .rodata._ZTV26DoubleBufferedEPOutHandler
                0x00004498       0x18 C:\Users\moseichuk\AppData\Local\Temp\VMBuilds\TestArduinoSAMD21E\arduino_zero_edbg\Debug/core.a(USBCore.cpp.o)
                0x00004498                vtable for DoubleBufferedEPOutHandler
 .rodata._ZL19STRING_MANUFACTURER
                0x000044b0        0xc C:\Users\moseichuk\AppData\Local\Temp\VMBuilds\TestArduinoSAMD21E\arduino_zero_edbg\Debug/core.a(USBCore.cpp.o)
 .rodata._ZL15STRING_LANGUAGE
                0x000044bc        0x4 C:\Users\moseichuk\AppData\Local\Temp\VMBuilds\TestArduinoSAMD21E\arduino_zero_edbg\Debug/core.a(USBCore.cpp.o)
 .rodata._ZL21USB_DeviceDescriptorB
                0x000044c0       0x12 C:\Users\moseichuk\AppData\Local\Temp\VMBuilds\TestArduinoSAMD21E\arduino_zero_edbg\Debug/core.a(USBCore.cpp.o)
 .rodata._ZL14STRING_PRODUCT
                0x000044d2        0xd C:\Users\moseichuk\AppData\Local\Temp\VMBuilds\TestArduinoSAMD21E\arduino_zero_edbg\Debug/core.a(USBCore.cpp.o)
 *fill*         0x000044df        0x1 
 .rodata._ZTV7Serial_
                0x000044e0       0x28 C:\Users\moseichuk\AppData\Local\Temp\VMBuilds\TestArduinoSAMD21E\arduino_zero_edbg\Debug/core.a(CDC.cpp.o)
                0x000044e0                vtable for Serial_
 .rodata.str1.1
                0x00004508        0x2 c:/users/moseichuk/appdata/local/arduino15/packages/arduino/tools/arm-none-eabi-gcc/4.8.3-2014q1/bin/../lib/gcc/arm-none-eabi/4.8.3/../../../../arm-none-eabi/lib/armv6-m\libc_s.a(lib_a-impure.o)
 *(.eh_frame*)
 *fill*         0x0000450a        0x2 
 .eh_frame      0x0000450c        0x0 c:/users/moseichuk/appdata/local/arduino15/packages/arduino/tools/arm-none-eabi-gcc/4.8.3-2014q1/bin/../lib/gcc/arm-none-eabi/4.8.3/armv6-m/crtbegin.o
 .eh_frame      0x0000450c        0x4 c:/users/moseichuk/appdata/local/arduino15/packages/arduino/tools/arm-none-eabi-gcc/4.8.3-2014q1/bin/../lib/gcc/arm-none-eabi/4.8.3/armv6-m/crtend.o

.glue_7         0x00004510        0x0
 .glue_7        0x00000000        0x0 linker stubs

.glue_7t        0x00004510        0x0
 .glue_7t       0x00000000        0x0 linker stubs

.vfp11_veneer   0x00004510        0x0
 .vfp11_veneer  0x00000000        0x0 linker stubs

.v4_bx          0x00004510        0x0
 .v4_bx         0x00000000        0x0 linker stubs

.iplt           0x00004510        0x0
 .iplt          0x00000000        0x0 c:/users/moseichuk/appdata/local/arduino15/packages/arduino/tools/arm-none-eabi-gcc/4.8.3-2014q1/bin/../lib/gcc/arm-none-eabi/4.8.3/armv6-m/crtbegin.o

.rel.dyn        0x00004510        0x0
 .rel.iplt      0x00000000        0x0 c:/users/moseichuk/appdata/local/arduino15/packages/arduino/tools/arm-none-eabi-gcc/4.8.3-2014q1/bin/../lib/gcc/arm-none-eabi/4.8.3/armv6-m/crtbegin.o

.ARM.extab
 *(.ARM.extab* .gnu.linkonce.armextab.*)
                0x00004510                __exidx_start = .

.ARM.exidx
 *(.ARM.exidx* .gnu.linkonce.armexidx.*)
                0x00004510                __exidx_end = .
                0x00004510                __etext = .

.data           0x20000000      0x100 load address 0x00004510
                0x20000000                __data_start__ = .
 *(vtable)
 *(.data*)
 .data.SystemCoreClock
                0x20000000        0x4 C:\Users\moseichuk\AppData\Local\Temp\VMBuilds\TestArduinoSAMD21E\arduino_zero_edbg\Debug/core.a(wiring.c.o)
                0x20000000                SystemCoreClock
 .data._ZL5ticks
                0x20000004        0x4 C:\Users\moseichuk\AppData\Local\Temp\VMBuilds\TestArduinoSAMD21E\arduino_zero_edbg\Debug/core.a(Reset.cpp.o)
 .data.EndPoints
                0x20000008       0x28 C:\Users\moseichuk\AppData\Local\Temp\VMBuilds\TestArduinoSAMD21E\arduino_zero_edbg\Debug/core.a(USBCore.cpp.o)
                0x20000008                EndPoints
 .data._ZL12_usbLineInfo
                0x20000030        0x8 C:\Users\moseichuk\AppData\Local\Temp\VMBuilds\TestArduinoSAMD21E\arduino_zero_edbg\Debug/core.a(CDC.cpp.o)
 .data._ZL10breakValue
                0x20000038        0x4 C:\Users\moseichuk\AppData\Local\Temp\VMBuilds\TestArduinoSAMD21E\arduino_zero_edbg\Debug/core.a(CDC.cpp.o)
 .data._ZL13_cdcInterface
                0x2000003c       0x42 C:\Users\moseichuk\AppData\Local\Temp\VMBuilds\TestArduinoSAMD21E\arduino_zero_edbg\Debug/core.a(CDC.cpp.o)
 *fill*         0x2000007e        0x2 
 .data._serialPeek
                0x20000080        0x4 C:\Users\moseichuk\AppData\Local\Temp\VMBuilds\TestArduinoSAMD21E\arduino_zero_edbg\Debug/core.a(CDC.cpp.o)
                0x20000080                _serialPeek
 .data.impure_data
                0x20000084       0x60 c:/users/moseichuk/appdata/local/arduino15/packages/arduino/tools/arm-none-eabi-gcc/4.8.3-2014q1/bin/../lib/gcc/arm-none-eabi/4.8.3/../../../../arm-none-eabi/lib/armv6-m\libc_s.a(lib_a-impure.o)
 .data._impure_ptr
                0x200000e4        0x4 c:/users/moseichuk/appdata/local/arduino15/packages/arduino/tools/arm-none-eabi-gcc/4.8.3-2014q1/bin/../lib/gcc/arm-none-eabi/4.8.3/../../../../arm-none-eabi/lib/armv6-m\libc_s.a(lib_a-impure.o)
                0x200000e4                _impure_ptr
                0x200000e8                . = ALIGN (0x4)
                0x200000e8                PROVIDE (__preinit_array_start, .)
 *(.preinit_array)
                0x200000e8                PROVIDE (__preinit_array_end, .)
                0x200000e8                . = ALIGN (0x4)
                0x200000e8                PROVIDE (__init_array_start, .)
 *(SORT(.init_array.*))
 *(.init_array)
 .init_array    0x200000e8        0x4 c:/users/moseichuk/appdata/local/arduino15/packages/arduino/tools/arm-none-eabi-gcc/4.8.3-2014q1/bin/../lib/gcc/arm-none-eabi/4.8.3/armv6-m/crtbegin.o
 .init_array    0x200000ec        0x4 C:\Users\moseichuk\AppData\Local\Temp\VMBuilds\TestArduinoSAMD21E\arduino_zero_edbg\Debug\variant\variant.cpp.o
 .init_array    0x200000f0        0x4 C:\Users\moseichuk\AppData\Local\Temp\VMBuilds\TestArduinoSAMD21E\arduino_zero_edbg\Debug/core.a(USBCore.cpp.o)
 .init_array    0x200000f4        0x4 C:\Users\moseichuk\AppData\Local\Temp\VMBuilds\TestArduinoSAMD21E\arduino_zero_edbg\Debug/core.a(CDC.cpp.o)
                0x200000f8                PROVIDE (__init_array_end, .)
                0x200000f8                . = ALIGN (0x4)
                0x200000f8                PROVIDE (__fini_array_start, .)
 *(SORT(.fini_array.*))
 *(.fini_array)
 .fini_array    0x200000f8        0x4 c:/users/moseichuk/appdata/local/arduino15/packages/arduino/tools/arm-none-eabi-gcc/4.8.3-2014q1/bin/../lib/gcc/arm-none-eabi/4.8.3/armv6-m/crtbegin.o
                0x200000fc                PROVIDE (__fini_array_end, .)
 *(.jcr*)
 .jcr           0x200000fc        0x0 c:/users/moseichuk/appdata/local/arduino15/packages/arduino/tools/arm-none-eabi-gcc/4.8.3-2014q1/bin/../lib/gcc/arm-none-eabi/4.8.3/armv6-m/crtbegin.o
 .jcr           0x200000fc        0x4 c:/users/moseichuk/appdata/local/arduino15/packages/arduino/tools/arm-none-eabi-gcc/4.8.3-2014q1/bin/../lib/gcc/arm-none-eabi/4.8.3/armv6-m/crtend.o
                0x20000100                . = ALIGN (0x10)
                0x20000100                __data_end__ = .

.igot.plt       0x20000100        0x0 load address 0x00004610
 .igot.plt      0x00000000        0x0 c:/users/moseichuk/appdata/local/arduino15/packages/arduino/tools/arm-none-eabi-gcc/4.8.3-2014q1/bin/../lib/gcc/arm-none-eabi/4.8.3/armv6-m/crtbegin.o

.bss            0x20000100      0x6fc load address 0x00004610
                0x20000100                . = ALIGN (0x4)
                0x20000100                __bss_start__ = .
 *(.bss*)
 .bss           0x20000100       0x1c c:/users/moseichuk/appdata/local/arduino15/packages/arduino/tools/arm-none-eabi-gcc/4.8.3-2014q1/bin/../lib/gcc/arm-none-eabi/4.8.3/armv6-m/crtbegin.o
 .bss.previousMillis
                0x2000011c        0x4 C:\Users\moseichuk\AppData\Local\Temp\VMBuilds\TestArduinoSAMD21E\arduino_zero_edbg\Debug\TestArduinoSAMD21E.cpp.o
                0x2000011c                previousMillis
 .bss.ledState  0x20000120        0x4 C:\Users\moseichuk\AppData\Local\Temp\VMBuilds\TestArduinoSAMD21E\arduino_zero_edbg\Debug\TestArduinoSAMD21E.cpp.o
                0x20000120                ledState
 .bss.Serial    0x20000124       0x60 C:\Users\moseichuk\AppData\Local\Temp\VMBuilds\TestArduinoSAMD21E\arduino_zero_edbg\Debug\variant\variant.cpp.o
                0x20000124                Serial
 .bss.Serial1   0x20000184       0x60 C:\Users\moseichuk\AppData\Local\Temp\VMBuilds\TestArduinoSAMD21E\arduino_zero_edbg\Debug\variant\variant.cpp.o
                0x20000184                Serial1
 .bss.sercom3   0x200001e4        0x4 C:\Users\moseichuk\AppData\Local\Temp\VMBuilds\TestArduinoSAMD21E\arduino_zero_edbg\Debug\variant\variant.cpp.o
                0x200001e4                sercom3
 .bss.sercom0   0x200001e8        0x4 C:\Users\moseichuk\AppData\Local\Temp\VMBuilds\TestArduinoSAMD21E\arduino_zero_edbg\Debug\variant\variant.cpp.o
                0x200001e8                sercom0
 .bss.sercom1   0x200001ec        0x4 C:\Users\moseichuk\AppData\Local\Temp\VMBuilds\TestArduinoSAMD21E\arduino_zero_edbg\Debug\variant\variant.cpp.o
                0x200001ec                sercom1
 .bss.sercom2   0x200001f0        0x4 C:\Users\moseichuk\AppData\Local\Temp\VMBuilds\TestArduinoSAMD21E\arduino_zero_edbg\Debug\variant\variant.cpp.o
                0x200001f0                sercom2
 .bss.sercom4   0x200001f4        0x4 C:\Users\moseichuk\AppData\Local\Temp\VMBuilds\TestArduinoSAMD21E\arduino_zero_edbg\Debug\variant\variant.cpp.o
                0x200001f4                sercom4
 .bss.sercom5   0x200001f8        0x4 C:\Users\moseichuk\AppData\Local\Temp\VMBuilds\TestArduinoSAMD21E\arduino_zero_edbg\Debug\variant\variant.cpp.o
                0x200001f8                sercom5
 .bss.usb_isr   0x200001fc        0x4 C:\Users\moseichuk\AppData\Local\Temp\VMBuilds\TestArduinoSAMD21E\arduino_zero_edbg\Debug/core.a(cortex_handlers.c.o)
 .bss._ulTickCount
                0x20000200        0x4 C:\Users\moseichuk\AppData\Local\Temp\VMBuilds\TestArduinoSAMD21E\arduino_zero_edbg\Debug/core.a(delay.c.o)
 .bss._ZL14isEndpointHalt
                0x20000204        0x1 C:\Users\moseichuk\AppData\Local\Temp\VMBuilds\TestArduinoSAMD21E\arduino_zero_edbg\Debug/core.a(USBCore.cpp.o)
 .bss._pack_buffer
                0x20000205      0x100 C:\Users\moseichuk\AppData\Local\Temp\VMBuilds\TestArduinoSAMD21E\arduino_zero_edbg\Debug/core.a(USBCore.cpp.o)
                0x20000205                _pack_buffer
 *fill*         0x20000305        0x1 
 .bss._pack_size
                0x20000306        0x2 C:\Users\moseichuk\AppData\Local\Temp\VMBuilds\TestArduinoSAMD21E\arduino_zero_edbg\Debug/core.a(USBCore.cpp.o)
                0x20000306                _pack_size
 .bss._ZL20LastTransmitTimedOut
                0x20000308        0x7 C:\Users\moseichuk\AppData\Local\Temp\VMBuilds\TestArduinoSAMD21E\arduino_zero_edbg\Debug/core.a(USBCore.cpp.o)
 *fill*         0x2000030f        0x1 
 .bss._ZL22udd_ep_in_cache_buffer
                0x20000310      0x1c0 C:\Users\moseichuk\AppData\Local\Temp\VMBuilds\TestArduinoSAMD21E\arduino_zero_edbg\Debug/core.a(USBCore.cpp.o)
 .bss._ZL10txLEDPulse
                0x200004d0        0x1 C:\Users\moseichuk\AppData\Local\Temp\VMBuilds\TestArduinoSAMD21E\arduino_zero_edbg\Debug/core.a(USBCore.cpp.o)
 *fill*         0x200004d1        0x3 
 .bss._ZL23udd_ep_out_cache_buffer
                0x200004d4      0x1c0 C:\Users\moseichuk\AppData\Local\Temp\VMBuilds\TestArduinoSAMD21E\arduino_zero_edbg\Debug/core.a(USBCore.cpp.o)
 .bss._ZL10epHandlers
                0x20000694       0x1c C:\Users\moseichuk\AppData\Local\Temp\VMBuilds\TestArduinoSAMD21E\arduino_zero_edbg\Debug/core.a(USBCore.cpp.o)
 .bss._pack_message
                0x200006b0        0x1 C:\Users\moseichuk\AppData\Local\Temp\VMBuilds\TestArduinoSAMD21E\arduino_zero_edbg\Debug/core.a(USBCore.cpp.o)
                0x200006b0                _pack_message
 .bss._ZL21isRemoteWakeUpEnabled
                0x200006b1        0x1 C:\Users\moseichuk\AppData\Local\Temp\VMBuilds\TestArduinoSAMD21E\arduino_zero_edbg\Debug/core.a(USBCore.cpp.o)
 .bss._dry_run  0x200006b2        0x1 C:\Users\moseichuk\AppData\Local\Temp\VMBuilds\TestArduinoSAMD21E\arduino_zero_edbg\Debug/core.a(USBCore.cpp.o)
                0x200006b2                _dry_run
 .bss.USBDevice
                0x200006b3        0x1 C:\Users\moseichuk\AppData\Local\Temp\VMBuilds\TestArduinoSAMD21E\arduino_zero_edbg\Debug/core.a(USBCore.cpp.o)
                0x200006b3                USBDevice
 .bss._usbSetInterface
                0x200006b4        0x4 C:\Users\moseichuk\AppData\Local\Temp\VMBuilds\TestArduinoSAMD21E\arduino_zero_edbg\Debug/core.a(USBCore.cpp.o)
                0x200006b4                _usbSetInterface
 .bss._ZL10rxLEDPulse
                0x200006b8        0x1 C:\Users\moseichuk\AppData\Local\Temp\VMBuilds\TestArduinoSAMD21E\arduino_zero_edbg\Debug/core.a(USBCore.cpp.o)
 *fill*         0x200006b9        0x3 
 .bss.usbd      0x200006bc      0x104 C:\Users\moseichuk\AppData\Local\Temp\VMBuilds\TestArduinoSAMD21E\arduino_zero_edbg\Debug/core.a(USBCore.cpp.o)
                0x200006bc                usbd
 .bss._usbConfiguration
                0x200007c0        0x4 C:\Users\moseichuk\AppData\Local\Temp\VMBuilds\TestArduinoSAMD21E\arduino_zero_edbg\Debug/core.a(USBCore.cpp.o)
                0x200007c0                _usbConfiguration
 .bss.SerialUSB
                0x200007c4       0x1c C:\Users\moseichuk\AppData\Local\Temp\VMBuilds\TestArduinoSAMD21E\arduino_zero_edbg\Debug/core.a(CDC.cpp.o)
                0x200007c4                SerialUSB
 .bss._ZZ12PluggableUSBvE3obj
                0x200007e0        0x8 C:\Users\moseichuk\AppData\Local\Temp\VMBuilds\TestArduinoSAMD21E\arduino_zero_edbg\Debug/core.a(PluggableUSB.cpp.o)
 .bss._ZGVZ12PluggableUSBvE3obj
                0x200007e8        0x4 C:\Users\moseichuk\AppData\Local\Temp\VMBuilds\TestArduinoSAMD21E\arduino_zero_edbg\Debug/core.a(PluggableUSB.cpp.o)
 .bss.__malloc_sbrk_start
                0x200007ec        0x4 c:/users/moseichuk/appdata/local/arduino15/packages/arduino/tools/arm-none-eabi-gcc/4.8.3-2014q1/bin/../lib/gcc/arm-none-eabi/4.8.3/../../../../arm-none-eabi/lib/armv6-m\libc_s.a(lib_a-nano-mallocr.o)
                0x200007ec                __malloc_sbrk_start
 .bss.__malloc_free_list
                0x200007f0        0x4 c:/users/moseichuk/appdata/local/arduino15/packages/arduino/tools/arm-none-eabi-gcc/4.8.3-2014q1/bin/../lib/gcc/arm-none-eabi/4.8.3/../../../../arm-none-eabi/lib/armv6-m\libc_s.a(lib_a-nano-mallocr.o)
                0x200007f0                __malloc_free_list
 .bss.heap_end.4243
                0x200007f4        0x4 c:/users/moseichuk/appdata/local/arduino15/packages/arduino/tools/arm-none-eabi-gcc/4.8.3-2014q1/bin/../lib/gcc/arm-none-eabi/4.8.3/../../../../arm-none-eabi/lib/armv6-m\libnosys.a(sbrk.o)
 *(COMMON)
 COMMON         0x200007f8        0x4 c:/users/moseichuk/appdata/local/arduino15/packages/arduino/tools/arm-none-eabi-gcc/4.8.3-2014q1/bin/../lib/gcc/arm-none-eabi/4.8.3/../../../../arm-none-eabi/lib/armv6-m\libc_s.a(lib_a-reent.o)
                0x200007f8                errno
                0x200007fc                . = ALIGN (0x4)
                0x200007fc                __bss_end__ = .

.heap           0x200007fc        0x0
                0x200007fc                __end__ = .
                0x200007fc                PROVIDE (end, .)
 *(.heap*)
                0x200007fc                __HeapLimit = .

.stack_dummy    0x200007fc        0x0
 *(.stack*)
                0x20008000                __StackTop = (ORIGIN (RAM) + 0x8000)
                0x20008000                __StackLimit = (__StackTop - SIZEOF (.stack_dummy))
                0x20008000                PROVIDE (__stack, __StackTop)
                0x20007fff                __ram_end__ = ((ORIGIN (RAM) + 0x8000) - 0x1)
                0x00000001                ASSERT ((__StackLimit >= __HeapLimit), region RAM overflowed with stack)
OUTPUT(C:\Users\moseichuk\AppData\Local\Temp\VMBuilds\TestArduinoSAMD21E\arduino_zero_edbg\Debug/TestArduinoSAMD21E.ino.elf elf32-littlearm)

.ARM.attributes
                0x00000000       0x28
 .ARM.attributes
                0x00000000       0x1e c:/users/moseichuk/appdata/local/arduino15/packages/arduino/tools/arm-none-eabi-gcc/4.8.3-2014q1/bin/../lib/gcc/arm-none-eabi/4.8.3/armv6-m/crti.o
 .ARM.attributes
                0x0000001e       0x2c c:/users/moseichuk/appdata/local/arduino15/packages/arduino/tools/arm-none-eabi-gcc/4.8.3-2014q1/bin/../lib/gcc/arm-none-eabi/4.8.3/armv6-m/crtbegin.o
 .ARM.attributes
                0x0000004a       0x32 C:\Users\moseichuk\AppData\Local\Temp\VMBuilds\TestArduinoSAMD21E\arduino_zero_edbg\Debug\TestArduinoSAMD21E.cpp.o
 .ARM.attributes
                0x0000007c       0x32 C:\Users\moseichuk\AppData\Local\Temp\VMBuilds\TestArduinoSAMD21E\arduino_zero_edbg\Debug\variant\variant.cpp.o
 .ARM.attributes
                0x000000ae       0x32 C:\Users\moseichuk\AppData\Local\Temp\VMBuilds\TestArduinoSAMD21E\arduino_zero_edbg\Debug/core.a(cortex_handlers.c.o)
 .ARM.attributes
                0x000000e0       0x32 C:\Users\moseichuk\AppData\Local\Temp\VMBuilds\TestArduinoSAMD21E\arduino_zero_edbg\Debug/core.a(delay.c.o)
 .ARM.attributes
                0x00000112       0x32 C:\Users\moseichuk\AppData\Local\Temp\VMBuilds\TestArduinoSAMD21E\arduino_zero_edbg\Debug/core.a(hooks.c.o)
 .ARM.attributes
                0x00000144       0x32 C:\Users\moseichuk\AppData\Local\Temp\VMBuilds\TestArduinoSAMD21E\arduino_zero_edbg\Debug/core.a(startup.c.o)
 .ARM.attributes
                0x00000176       0x32 C:\Users\moseichuk\AppData\Local\Temp\VMBuilds\TestArduinoSAMD21E\arduino_zero_edbg\Debug/core.a(wiring.c.o)
 .ARM.attributes
                0x000001a8       0x32 C:\Users\moseichuk\AppData\Local\Temp\VMBuilds\TestArduinoSAMD21E\arduino_zero_edbg\Debug/core.a(wiring_analog.c.o)
 .ARM.attributes
                0x000001da       0x32 C:\Users\moseichuk\AppData\Local\Temp\VMBuilds\TestArduinoSAMD21E\arduino_zero_edbg\Debug/core.a(wiring_digital.c.o)
 .ARM.attributes
                0x0000020c       0x32 C:\Users\moseichuk\AppData\Local\Temp\VMBuilds\TestArduinoSAMD21E\arduino_zero_edbg\Debug/core.a(wiring_private.c.o)
 .ARM.attributes
                0x0000023e       0x32 C:\Users\moseichuk\AppData\Local\Temp\VMBuilds\TestArduinoSAMD21E\arduino_zero_edbg\Debug/core.a(main.cpp.o)
 .ARM.attributes
                0x00000270       0x32 C:\Users\moseichuk\AppData\Local\Temp\VMBuilds\TestArduinoSAMD21E\arduino_zero_edbg\Debug/core.a(Reset.cpp.o)
 .ARM.attributes
                0x000002a2       0x32 C:\Users\moseichuk\AppData\Local\Temp\VMBuilds\TestArduinoSAMD21E\arduino_zero_edbg\Debug/core.a(SERCOM.cpp.o)
 .ARM.attributes
                0x000002d4       0x32 C:\Users\moseichuk\AppData\Local\Temp\VMBuilds\TestArduinoSAMD21E\arduino_zero_edbg\Debug/core.a(Uart.cpp.o)
 .ARM.attributes
                0x00000306       0x32 C:\Users\moseichuk\AppData\Local\Temp\VMBuilds\TestArduinoSAMD21E\arduino_zero_edbg\Debug/core.a(USBCore.cpp.o)
 .ARM.attributes
                0x00000338       0x32 C:\Users\moseichuk\AppData\Local\Temp\VMBuilds\TestArduinoSAMD21E\arduino_zero_edbg\Debug/core.a(new.cpp.o)
 .ARM.attributes
                0x0000036a       0x32 C:\Users\moseichuk\AppData\Local\Temp\VMBuilds\TestArduinoSAMD21E\arduino_zero_edbg\Debug/core.a(Print.cpp.o)
 .ARM.attributes
                0x0000039c       0x32 C:\Users\moseichuk\AppData\Local\Temp\VMBuilds\TestArduinoSAMD21E\arduino_zero_edbg\Debug/core.a(RingBuffer.cpp.o)
 .ARM.attributes
                0x000003ce       0x32 C:\Users\moseichuk\AppData\Local\Temp\VMBuilds\TestArduinoSAMD21E\arduino_zero_edbg\Debug/core.a(CDC.cpp.o)
 .ARM.attributes
                0x00000400       0x32 C:\Users\moseichuk\AppData\Local\Temp\VMBuilds\TestArduinoSAMD21E\arduino_zero_edbg\Debug/core.a(PluggableUSB.cpp.o)
 .ARM.attributes
                0x00000432       0x1e c:/users/moseichuk/appdata/local/arduino15/packages/arduino/tools/arm-none-eabi-gcc/4.8.3-2014q1/bin/../lib/gcc/arm-none-eabi/4.8.3/armv6-m\libgcc.a(_thumb1_case_uqi.o)
 .ARM.attributes
                0x00000450       0x1e c:/users/moseichuk/appdata/local/arduino15/packages/arduino/tools/arm-none-eabi-gcc/4.8.3-2014q1/bin/../lib/gcc/arm-none-eabi/4.8.3/armv6-m\libgcc.a(_udivsi3.o)
 .ARM.attributes
                0x0000046e       0x1e c:/users/moseichuk/appdata/local/arduino15/packages/arduino/tools/arm-none-eabi-gcc/4.8.3-2014q1/bin/../lib/gcc/arm-none-eabi/4.8.3/armv6-m\libgcc.a(_dvmd_tls.o)
 .ARM.attributes
                0x0000048c       0x2c c:/users/moseichuk/appdata/local/arduino15/packages/arduino/tools/arm-none-eabi-gcc/4.8.3-2014q1/bin/../lib/gcc/arm-none-eabi/4.8.3/../../../../arm-none-eabi/lib/armv6-m\libc_s.a(lib_a-impure.o)
 .ARM.attributes
                0x000004b8       0x2c c:/users/moseichuk/appdata/local/arduino15/packages/arduino/tools/arm-none-eabi-gcc/4.8.3-2014q1/bin/../lib/gcc/arm-none-eabi/4.8.3/../../../../arm-none-eabi/lib/armv6-m\libc_s.a(lib_a-init.o)
 .ARM.attributes
                0x000004e4       0x2c c:/users/moseichuk/appdata/local/arduino15/packages/arduino/tools/arm-none-eabi-gcc/4.8.3-2014q1/bin/../lib/gcc/arm-none-eabi/4.8.3/../../../../arm-none-eabi/lib/armv6-m\libc_s.a(lib_a-malloc.o)
 .ARM.attributes
                0x00000510       0x2c c:/users/moseichuk/appdata/local/arduino15/packages/arduino/tools/arm-none-eabi-gcc/4.8.3-2014q1/bin/../lib/gcc/arm-none-eabi/4.8.3/../../../../arm-none-eabi/lib/armv6-m\libc_s.a(lib_a-memcpy-stub.o)
 .ARM.attributes
                0x0000053c       0x2c c:/users/moseichuk/appdata/local/arduino15/packages/arduino/tools/arm-none-eabi-gcc/4.8.3-2014q1/bin/../lib/gcc/arm-none-eabi/4.8.3/../../../../arm-none-eabi/lib/armv6-m\libc_s.a(lib_a-memset.o)
 .ARM.attributes
                0x00000568       0x2c c:/users/moseichuk/appdata/local/arduino15/packages/arduino/tools/arm-none-eabi-gcc/4.8.3-2014q1/bin/../lib/gcc/arm-none-eabi/4.8.3/../../../../arm-none-eabi/lib/armv6-m\libc_s.a(lib_a-nano-mallocr.o)
 .ARM.attributes
                0x00000594       0x2c c:/users/moseichuk/appdata/local/arduino15/packages/arduino/tools/arm-none-eabi-gcc/4.8.3-2014q1/bin/../lib/gcc/arm-none-eabi/4.8.3/../../../../arm-none-eabi/lib/armv6-m\libc_s.a(lib_a-sbrkr.o)
 .ARM.attributes
                0x000005c0       0x2c c:/users/moseichuk/appdata/local/arduino15/packages/arduino/tools/arm-none-eabi-gcc/4.8.3-2014q1/bin/../lib/gcc/arm-none-eabi/4.8.3/../../../../arm-none-eabi/lib/armv6-m\libc_s.a(lib_a-strlen.o)
 .ARM.attributes
                0x000005ec       0x2c c:/users/moseichuk/appdata/local/arduino15/packages/arduino/tools/arm-none-eabi-gcc/4.8.3-2014q1/bin/../lib/gcc/arm-none-eabi/4.8.3/../../../../arm-none-eabi/lib/armv6-m\libc_s.a(lib_a-reent.o)
 .ARM.attributes
                0x00000618       0x2c c:/users/moseichuk/appdata/local/arduino15/packages/arduino/tools/arm-none-eabi-gcc/4.8.3-2014q1/bin/../lib/gcc/arm-none-eabi/4.8.3/../../../../arm-none-eabi/lib/armv6-m\libnosys.a(sbrk.o)
 .ARM.attributes
                0x00000644       0x2c c:/users/moseichuk/appdata/local/arduino15/packages/arduino/tools/arm-none-eabi-gcc/4.8.3-2014q1/bin/../lib/gcc/arm-none-eabi/4.8.3/armv6-m/crtend.o
 .ARM.attributes
                0x00000670       0x1e c:/users/moseichuk/appdata/local/arduino15/packages/arduino/tools/arm-none-eabi-gcc/4.8.3-2014q1/bin/../lib/gcc/arm-none-eabi/4.8.3/armv6-m/crtn.o

.comment        0x00000000       0x70
 .comment       0x00000000       0x70 C:\Users\moseichuk\AppData\Local\Temp\VMBuilds\TestArduinoSAMD21E\arduino_zero_edbg\Debug\TestArduinoSAMD21E.cpp.o
                                 0x71 (size before relaxing)
 .comment       0x00000000       0x71 C:\Users\moseichuk\AppData\Local\Temp\VMBuilds\TestArduinoSAMD21E\arduino_zero_edbg\Debug\variant\variant.cpp.o
 .comment       0x00000000       0x71 C:\Users\moseichuk\AppData\Local\Temp\VMBuilds\TestArduinoSAMD21E\arduino_zero_edbg\Debug/core.a(cortex_handlers.c.o)
 .comment       0x00000000       0x71 C:\Users\moseichuk\AppData\Local\Temp\VMBuilds\TestArduinoSAMD21E\arduino_zero_edbg\Debug/core.a(delay.c.o)
 .comment       0x00000000       0x71 C:\Users\moseichuk\AppData\Local\Temp\VMBuilds\TestArduinoSAMD21E\arduino_zero_edbg\Debug/core.a(hooks.c.o)
 .comment       0x00000000       0x71 C:\Users\moseichuk\AppData\Local\Temp\VMBuilds\TestArduinoSAMD21E\arduino_zero_edbg\Debug/core.a(startup.c.o)
 .comment       0x00000000       0x71 C:\Users\moseichuk\AppData\Local\Temp\VMBuilds\TestArduinoSAMD21E\arduino_zero_edbg\Debug/core.a(wiring.c.o)
 .comment       0x00000000       0x71 C:\Users\moseichuk\AppData\Local\Temp\VMBuilds\TestArduinoSAMD21E\arduino_zero_edbg\Debug/core.a(wiring_analog.c.o)
 .comment       0x00000000       0x71 C:\Users\moseichuk\AppData\Local\Temp\VMBuilds\TestArduinoSAMD21E\arduino_zero_edbg\Debug/core.a(wiring_digital.c.o)
 .comment       0x00000000       0x71 C:\Users\moseichuk\AppData\Local\Temp\VMBuilds\TestArduinoSAMD21E\arduino_zero_edbg\Debug/core.a(wiring_private.c.o)
 .comment       0x00000000       0x71 C:\Users\moseichuk\AppData\Local\Temp\VMBuilds\TestArduinoSAMD21E\arduino_zero_edbg\Debug/core.a(main.cpp.o)
 .comment       0x00000000       0x71 C:\Users\moseichuk\AppData\Local\Temp\VMBuilds\TestArduinoSAMD21E\arduino_zero_edbg\Debug/core.a(Reset.cpp.o)
 .comment       0x00000000       0x71 C:\Users\moseichuk\AppData\Local\Temp\VMBuilds\TestArduinoSAMD21E\arduino_zero_edbg\Debug/core.a(SERCOM.cpp.o)
 .comment       0x00000000       0x71 C:\Users\moseichuk\AppData\Local\Temp\VMBuilds\TestArduinoSAMD21E\arduino_zero_edbg\Debug/core.a(Uart.cpp.o)
 .comment       0x00000000       0x71 C:\Users\moseichuk\AppData\Local\Temp\VMBuilds\TestArduinoSAMD21E\arduino_zero_edbg\Debug/core.a(USBCore.cpp.o)
 .comment       0x00000000       0x71 C:\Users\moseichuk\AppData\Local\Temp\VMBuilds\TestArduinoSAMD21E\arduino_zero_edbg\Debug/core.a(new.cpp.o)
 .comment       0x00000000       0x71 C:\Users\moseichuk\AppData\Local\Temp\VMBuilds\TestArduinoSAMD21E\arduino_zero_edbg\Debug/core.a(Print.cpp.o)
 .comment       0x00000000       0x71 C:\Users\moseichuk\AppData\Local\Temp\VMBuilds\TestArduinoSAMD21E\arduino_zero_edbg\Debug/core.a(RingBuffer.cpp.o)
 .comment       0x00000000       0x71 C:\Users\moseichuk\AppData\Local\Temp\VMBuilds\TestArduinoSAMD21E\arduino_zero_edbg\Debug/core.a(CDC.cpp.o)
 .comment       0x00000000       0x71 C:\Users\moseichuk\AppData\Local\Temp\VMBuilds\TestArduinoSAMD21E\arduino_zero_edbg\Debug/core.a(PluggableUSB.cpp.o)

.debug_info     0x00000000    0x26ec3
 .debug_info    0x00000000      0x274 C:\Users\moseichuk\AppData\Local\Temp\VMBuilds\TestArduinoSAMD21E\arduino_zero_edbg\Debug\TestArduinoSAMD21E.cpp.o
 .debug_info    0x00000274     0x54e3 C:\Users\moseichuk\AppData\Local\Temp\VMBuilds\TestArduinoSAMD21E\arduino_zero_edbg\Debug\variant\variant.cpp.o
 .debug_info    0x00005757      0x4d6 C:\Users\moseichuk\AppData\Local\Temp\VMBuilds\TestArduinoSAMD21E\arduino_zero_edbg\Debug/core.a(cortex_handlers.c.o)
 .debug_info    0x00005c2d      0x362 C:\Users\moseichuk\AppData\Local\Temp\VMBuilds\TestArduinoSAMD21E\arduino_zero_edbg\Debug/core.a(delay.c.o)
 .debug_info    0x00005f8f       0x60 C:\Users\moseichuk\AppData\Local\Temp\VMBuilds\TestArduinoSAMD21E\arduino_zero_edbg\Debug/core.a(hooks.c.o)
 .debug_info    0x00005fef     0x28ff C:\Users\moseichuk\AppData\Local\Temp\VMBuilds\TestArduinoSAMD21E\arduino_zero_edbg\Debug/core.a(startup.c.o)
 .debug_info    0x000088ee     0x1ddc C:\Users\moseichuk\AppData\Local\Temp\VMBuilds\TestArduinoSAMD21E\arduino_zero_edbg\Debug/core.a(wiring.c.o)
 .debug_info    0x0000a6ca     0x4399 C:\Users\moseichuk\AppData\Local\Temp\VMBuilds\TestArduinoSAMD21E\arduino_zero_edbg\Debug/core.a(wiring_analog.c.o)
 .debug_info    0x0000ea63      0xb8f C:\Users\moseichuk\AppData\Local\Temp\VMBuilds\TestArduinoSAMD21E\arduino_zero_edbg\Debug/core.a(wiring_digital.c.o)
 .debug_info    0x0000f5f2      0xb78 C:\Users\moseichuk\AppData\Local\Temp\VMBuilds\TestArduinoSAMD21E\arduino_zero_edbg\Debug/core.a(wiring_private.c.o)
 .debug_info    0x0001016a      0x7a8 C:\Users\moseichuk\AppData\Local\Temp\VMBuilds\TestArduinoSAMD21E\arduino_zero_edbg\Debug/core.a(main.cpp.o)
 .debug_info    0x00010912      0x846 C:\Users\moseichuk\AppData\Local\Temp\VMBuilds\TestArduinoSAMD21E\arduino_zero_edbg\Debug/core.a(Reset.cpp.o)
 .debug_info    0x00011158     0x3a05 C:\Users\moseichuk\AppData\Local\Temp\VMBuilds\TestArduinoSAMD21E\arduino_zero_edbg\Debug/core.a(SERCOM.cpp.o)
 .debug_info    0x00014b5d     0x4842 C:\Users\moseichuk\AppData\Local\Temp\VMBuilds\TestArduinoSAMD21E\arduino_zero_edbg\Debug/core.a(Uart.cpp.o)
 .debug_info    0x0001939f     0x7b4f C:\Users\moseichuk\AppData\Local\Temp\VMBuilds\TestArduinoSAMD21E\arduino_zero_edbg\Debug/core.a(USBCore.cpp.o)
 .debug_info    0x00020eee      0x1a1 C:\Users\moseichuk\AppData\Local\Temp\VMBuilds\TestArduinoSAMD21E\arduino_zero_edbg\Debug/core.a(new.cpp.o)
 .debug_info    0x0002108f     0x26ed C:\Users\moseichuk\AppData\Local\Temp\VMBuilds\TestArduinoSAMD21E\arduino_zero_edbg\Debug/core.a(Print.cpp.o)
 .debug_info    0x0002377c      0x47c C:\Users\moseichuk\AppData\Local\Temp\VMBuilds\TestArduinoSAMD21E\arduino_zero_edbg\Debug/core.a(RingBuffer.cpp.o)
 .debug_info    0x00023bf8     0x2bdb C:\Users\moseichuk\AppData\Local\Temp\VMBuilds\TestArduinoSAMD21E\arduino_zero_edbg\Debug/core.a(CDC.cpp.o)
 .debug_info    0x000267d3      0x6f0 C:\Users\moseichuk\AppData\Local\Temp\VMBuilds\TestArduinoSAMD21E\arduino_zero_edbg\Debug/core.a(PluggableUSB.cpp.o)

.debug_abbrev   0x00000000     0x39ef
 .debug_abbrev  0x00000000      0x116 C:\Users\moseichuk\AppData\Local\Temp\VMBuilds\TestArduinoSAMD21E\arduino_zero_edbg\Debug\TestArduinoSAMD21E.cpp.o
 .debug_abbrev  0x00000116      0x32b C:\Users\moseichuk\AppData\Local\Temp\VMBuilds\TestArduinoSAMD21E\arduino_zero_edbg\Debug\variant\variant.cpp.o
 .debug_abbrev  0x00000441      0x159 C:\Users\moseichuk\AppData\Local\Temp\VMBuilds\TestArduinoSAMD21E\arduino_zero_edbg\Debug/core.a(cortex_handlers.c.o)
 .debug_abbrev  0x0000059a      0x158 C:\Users\moseichuk\AppData\Local\Temp\VMBuilds\TestArduinoSAMD21E\arduino_zero_edbg\Debug/core.a(delay.c.o)
 .debug_abbrev  0x000006f2       0x47 C:\Users\moseichuk\AppData\Local\Temp\VMBuilds\TestArduinoSAMD21E\arduino_zero_edbg\Debug/core.a(hooks.c.o)
 .debug_abbrev  0x00000739      0x17a C:\Users\moseichuk\AppData\Local\Temp\VMBuilds\TestArduinoSAMD21E\arduino_zero_edbg\Debug/core.a(startup.c.o)
 .debug_abbrev  0x000008b3      0x281 C:\Users\moseichuk\AppData\Local\Temp\VMBuilds\TestArduinoSAMD21E\arduino_zero_edbg\Debug/core.a(wiring.c.o)
 .debug_abbrev  0x00000b34      0x38f C:\Users\moseichuk\AppData\Local\Temp\VMBuilds\TestArduinoSAMD21E\arduino_zero_edbg\Debug/core.a(wiring_analog.c.o)
 .debug_abbrev  0x00000ec3      0x201 C:\Users\moseichuk\AppData\Local\Temp\VMBuilds\TestArduinoSAMD21E\arduino_zero_edbg\Debug/core.a(wiring_digital.c.o)
 .debug_abbrev  0x000010c4      0x21b C:\Users\moseichuk\AppData\Local\Temp\VMBuilds\TestArduinoSAMD21E\arduino_zero_edbg\Debug/core.a(wiring_private.c.o)
 .debug_abbrev  0x000012df      0x216 C:\Users\moseichuk\AppData\Local\Temp\VMBuilds\TestArduinoSAMD21E\arduino_zero_edbg\Debug/core.a(main.cpp.o)
 .debug_abbrev  0x000014f5      0x264 C:\Users\moseichuk\AppData\Local\Temp\VMBuilds\TestArduinoSAMD21E\arduino_zero_edbg\Debug/core.a(Reset.cpp.o)
 .debug_abbrev  0x00001759      0x48d C:\Users\moseichuk\AppData\Local\Temp\VMBuilds\TestArduinoSAMD21E\arduino_zero_edbg\Debug/core.a(SERCOM.cpp.o)
 .debug_abbrev  0x00001be6      0x500 C:\Users\moseichuk\AppData\Local\Temp\VMBuilds\TestArduinoSAMD21E\arduino_zero_edbg\Debug/core.a(Uart.cpp.o)
 .debug_abbrev  0x000020e6      0x8ba C:\Users\moseichuk\AppData\Local\Temp\VMBuilds\TestArduinoSAMD21E\arduino_zero_edbg\Debug/core.a(USBCore.cpp.o)
 .debug_abbrev  0x000029a0       0xd7 C:\Users\moseichuk\AppData\Local\Temp\VMBuilds\TestArduinoSAMD21E\arduino_zero_edbg\Debug/core.a(new.cpp.o)
 .debug_abbrev  0x00002a77      0x476 C:\Users\moseichuk\AppData\Local\Temp\VMBuilds\TestArduinoSAMD21E\arduino_zero_edbg\Debug/core.a(Print.cpp.o)
 .debug_abbrev  0x00002eed      0x1f5 C:\Users\moseichuk\AppData\Local\Temp\VMBuilds\TestArduinoSAMD21E\arduino_zero_edbg\Debug/core.a(RingBuffer.cpp.o)
 .debug_abbrev  0x000030e2      0x61c C:\Users\moseichuk\AppData\Local\Temp\VMBuilds\TestArduinoSAMD21E\arduino_zero_edbg\Debug/core.a(CDC.cpp.o)
 .debug_abbrev  0x000036fe      0x2f1 C:\Users\moseichuk\AppData\Local\Temp\VMBuilds\TestArduinoSAMD21E\arduino_zero_edbg\Debug/core.a(PluggableUSB.cpp.o)

.debug_loc      0x00000000     0x595a
 .debug_loc     0x00000000       0x22 C:\Users\moseichuk\AppData\Local\Temp\VMBuilds\TestArduinoSAMD21E\arduino_zero_edbg\Debug\TestArduinoSAMD21E.cpp.o
 .debug_loc     0x00000022       0x7b C:\Users\moseichuk\AppData\Local\Temp\VMBuilds\TestArduinoSAMD21E\arduino_zero_edbg\Debug/core.a(cortex_handlers.c.o)
 .debug_loc     0x0000009d       0xf4 C:\Users\moseichuk\AppData\Local\Temp\VMBuilds\TestArduinoSAMD21E\arduino_zero_edbg\Debug/core.a(delay.c.o)
 .debug_loc     0x00000191       0x58 C:\Users\moseichuk\AppData\Local\Temp\VMBuilds\TestArduinoSAMD21E\arduino_zero_edbg\Debug/core.a(startup.c.o)
 .debug_loc     0x000001e9       0xe9 C:\Users\moseichuk\AppData\Local\Temp\VMBuilds\TestArduinoSAMD21E\arduino_zero_edbg\Debug/core.a(wiring.c.o)
 .debug_loc     0x000002d2      0x635 C:\Users\moseichuk\AppData\Local\Temp\VMBuilds\TestArduinoSAMD21E\arduino_zero_edbg\Debug/core.a(wiring_analog.c.o)
 .debug_loc     0x00000907      0x19f C:\Users\moseichuk\AppData\Local\Temp\VMBuilds\TestArduinoSAMD21E\arduino_zero_edbg\Debug/core.a(wiring_digital.c.o)
 .debug_loc     0x00000aa6      0x123 C:\Users\moseichuk\AppData\Local\Temp\VMBuilds\TestArduinoSAMD21E\arduino_zero_edbg\Debug/core.a(wiring_private.c.o)
 .debug_loc     0x00000bc9      0xa76 C:\Users\moseichuk\AppData\Local\Temp\VMBuilds\TestArduinoSAMD21E\arduino_zero_edbg\Debug/core.a(SERCOM.cpp.o)
 .debug_loc     0x0000163f      0x42a C:\Users\moseichuk\AppData\Local\Temp\VMBuilds\TestArduinoSAMD21E\arduino_zero_edbg\Debug/core.a(Uart.cpp.o)
 .debug_loc     0x00001a69     0x2399 C:\Users\moseichuk\AppData\Local\Temp\VMBuilds\TestArduinoSAMD21E\arduino_zero_edbg\Debug/core.a(USBCore.cpp.o)
 .debug_loc     0x00003e02       0x84 C:\Users\moseichuk\AppData\Local\Temp\VMBuilds\TestArduinoSAMD21E\arduino_zero_edbg\Debug/core.a(new.cpp.o)
 .debug_loc     0x00003e86     0x115f C:\Users\moseichuk\AppData\Local\Temp\VMBuilds\TestArduinoSAMD21E\arduino_zero_edbg\Debug/core.a(Print.cpp.o)
 .debug_loc     0x00004fe5      0x1d9 C:\Users\moseichuk\AppData\Local\Temp\VMBuilds\TestArduinoSAMD21E\arduino_zero_edbg\Debug/core.a(RingBuffer.cpp.o)
 .debug_loc     0x000051be      0x544 C:\Users\moseichuk\AppData\Local\Temp\VMBuilds\TestArduinoSAMD21E\arduino_zero_edbg\Debug/core.a(CDC.cpp.o)
 .debug_loc     0x00005702      0x258 C:\Users\moseichuk\AppData\Local\Temp\VMBuilds\TestArduinoSAMD21E\arduino_zero_edbg\Debug/core.a(PluggableUSB.cpp.o)

.debug_aranges  0x00000000      0x898
 .debug_aranges
                0x00000000       0x28 C:\Users\moseichuk\AppData\Local\Temp\VMBuilds\TestArduinoSAMD21E\arduino_zero_edbg\Debug\TestArduinoSAMD21E.cpp.o
 .debug_aranges
                0x00000028       0x30 C:\Users\moseichuk\AppData\Local\Temp\VMBuilds\TestArduinoSAMD21E\arduino_zero_edbg\Debug\variant\variant.cpp.o
 .debug_aranges
                0x00000058       0x40 C:\Users\moseichuk\AppData\Local\Temp\VMBuilds\TestArduinoSAMD21E\arduino_zero_edbg\Debug/core.a(cortex_handlers.c.o)
 .debug_aranges
                0x00000098       0x38 C:\Users\moseichuk\AppData\Local\Temp\VMBuilds\TestArduinoSAMD21E\arduino_zero_edbg\Debug/core.a(delay.c.o)
 .debug_aranges
                0x000000d0       0x30 C:\Users\moseichuk\AppData\Local\Temp\VMBuilds\TestArduinoSAMD21E\arduino_zero_edbg\Debug/core.a(hooks.c.o)
 .debug_aranges
                0x00000100       0x20 C:\Users\moseichuk\AppData\Local\Temp\VMBuilds\TestArduinoSAMD21E\arduino_zero_edbg\Debug/core.a(startup.c.o)
 .debug_aranges
                0x00000120       0x20 C:\Users\moseichuk\AppData\Local\Temp\VMBuilds\TestArduinoSAMD21E\arduino_zero_edbg\Debug/core.a(wiring.c.o)
 .debug_aranges
                0x00000140       0x48 C:\Users\moseichuk\AppData\Local\Temp\VMBuilds\TestArduinoSAMD21E\arduino_zero_edbg\Debug/core.a(wiring_analog.c.o)
 .debug_aranges
                0x00000188       0x30 C:\Users\moseichuk\AppData\Local\Temp\VMBuilds\TestArduinoSAMD21E\arduino_zero_edbg\Debug/core.a(wiring_digital.c.o)
 .debug_aranges
                0x000001b8       0x20 C:\Users\moseichuk\AppData\Local\Temp\VMBuilds\TestArduinoSAMD21E\arduino_zero_edbg\Debug/core.a(wiring_private.c.o)
 .debug_aranges
                0x000001d8       0x28 C:\Users\moseichuk\AppData\Local\Temp\VMBuilds\TestArduinoSAMD21E\arduino_zero_edbg\Debug/core.a(main.cpp.o)
 .debug_aranges
                0x00000200       0x30 C:\Users\moseichuk\AppData\Local\Temp\VMBuilds\TestArduinoSAMD21E\arduino_zero_edbg\Debug/core.a(Reset.cpp.o)
 .debug_aranges
                0x00000230      0x1c8 C:\Users\moseichuk\AppData\Local\Temp\VMBuilds\TestArduinoSAMD21E\arduino_zero_edbg\Debug/core.a(SERCOM.cpp.o)
 .debug_aranges
                0x000003f8       0x90 C:\Users\moseichuk\AppData\Local\Temp\VMBuilds\TestArduinoSAMD21E\arduino_zero_edbg\Debug/core.a(Uart.cpp.o)
 .debug_aranges
                0x00000488      0x160 C:\Users\moseichuk\AppData\Local\Temp\VMBuilds\TestArduinoSAMD21E\arduino_zero_edbg\Debug/core.a(USBCore.cpp.o)
 .debug_aranges
                0x000005e8       0x38 C:\Users\moseichuk\AppData\Local\Temp\VMBuilds\TestArduinoSAMD21E\arduino_zero_edbg\Debug/core.a(new.cpp.o)
 .debug_aranges
                0x00000620       0xf8 C:\Users\moseichuk\AppData\Local\Temp\VMBuilds\TestArduinoSAMD21E\arduino_zero_edbg\Debug/core.a(Print.cpp.o)
 .debug_aranges
                0x00000718       0x58 C:\Users\moseichuk\AppData\Local\Temp\VMBuilds\TestArduinoSAMD21E\arduino_zero_edbg\Debug/core.a(RingBuffer.cpp.o)
 .debug_aranges
                0x00000770       0xd8 C:\Users\moseichuk\AppData\Local\Temp\VMBuilds\TestArduinoSAMD21E\arduino_zero_edbg\Debug/core.a(CDC.cpp.o)
 .debug_aranges
                0x00000848       0x50 C:\Users\moseichuk\AppData\Local\Temp\VMBuilds\TestArduinoSAMD21E\arduino_zero_edbg\Debug/core.a(PluggableUSB.cpp.o)

.debug_ranges   0x00000000     0x1190
 .debug_ranges  0x00000000       0x18 C:\Users\moseichuk\AppData\Local\Temp\VMBuilds\TestArduinoSAMD21E\arduino_zero_edbg\Debug\TestArduinoSAMD21E.cpp.o
 .debug_ranges  0x00000018       0x20 C:\Users\moseichuk\AppData\Local\Temp\VMBuilds\TestArduinoSAMD21E\arduino_zero_edbg\Debug\variant\variant.cpp.o
 .debug_ranges  0x00000038       0x30 C:\Users\moseichuk\AppData\Local\Temp\VMBuilds\TestArduinoSAMD21E\arduino_zero_edbg\Debug/core.a(cortex_handlers.c.o)
 .debug_ranges  0x00000068       0x28 C:\Users\moseichuk\AppData\Local\Temp\VMBuilds\TestArduinoSAMD21E\arduino_zero_edbg\Debug/core.a(delay.c.o)
 .debug_ranges  0x00000090       0x20 C:\Users\moseichuk\AppData\Local\Temp\VMBuilds\TestArduinoSAMD21E\arduino_zero_edbg\Debug/core.a(hooks.c.o)
 .debug_ranges  0x000000b0       0x10 C:\Users\moseichuk\AppData\Local\Temp\VMBuilds\TestArduinoSAMD21E\arduino_zero_edbg\Debug/core.a(startup.c.o)
 .debug_ranges  0x000000c0       0x28 C:\Users\moseichuk\AppData\Local\Temp\VMBuilds\TestArduinoSAMD21E\arduino_zero_edbg\Debug/core.a(wiring.c.o)
 .debug_ranges  0x000000e8       0x38 C:\Users\moseichuk\AppData\Local\Temp\VMBuilds\TestArduinoSAMD21E\arduino_zero_edbg\Debug/core.a(wiring_analog.c.o)
 .debug_ranges  0x00000120       0x20 C:\Users\moseichuk\AppData\Local\Temp\VMBuilds\TestArduinoSAMD21E\arduino_zero_edbg\Debug/core.a(wiring_digital.c.o)
 .debug_ranges  0x00000140       0x28 C:\Users\moseichuk\AppData\Local\Temp\VMBuilds\TestArduinoSAMD21E\arduino_zero_edbg\Debug/core.a(wiring_private.c.o)
 .debug_ranges  0x00000168       0x18 C:\Users\moseichuk\AppData\Local\Temp\VMBuilds\TestArduinoSAMD21E\arduino_zero_edbg\Debug/core.a(main.cpp.o)
 .debug_ranges  0x00000180       0x38 C:\Users\moseichuk\AppData\Local\Temp\VMBuilds\TestArduinoSAMD21E\arduino_zero_edbg\Debug/core.a(Reset.cpp.o)
 .debug_ranges  0x000001b8      0x288 C:\Users\moseichuk\AppData\Local\Temp\VMBuilds\TestArduinoSAMD21E\arduino_zero_edbg\Debug/core.a(SERCOM.cpp.o)
 .debug_ranges  0x00000440       0x80 C:\Users\moseichuk\AppData\Local\Temp\VMBuilds\TestArduinoSAMD21E\arduino_zero_edbg\Debug/core.a(Uart.cpp.o)
 .debug_ranges  0x000004c0      0x7c0 C:\Users\moseichuk\AppData\Local\Temp\VMBuilds\TestArduinoSAMD21E\arduino_zero_edbg\Debug/core.a(USBCore.cpp.o)
 .debug_ranges  0x00000c80       0x28 C:\Users\moseichuk\AppData\Local\Temp\VMBuilds\TestArduinoSAMD21E\arduino_zero_edbg\Debug/core.a(new.cpp.o)
 .debug_ranges  0x00000ca8      0x280 C:\Users\moseichuk\AppData\Local\Temp\VMBuilds\TestArduinoSAMD21E\arduino_zero_edbg\Debug/core.a(Print.cpp.o)
 .debug_ranges  0x00000f28       0x78 C:\Users\moseichuk\AppData\Local\Temp\VMBuilds\TestArduinoSAMD21E\arduino_zero_edbg\Debug/core.a(RingBuffer.cpp.o)
 .debug_ranges  0x00000fa0      0x120 C:\Users\moseichuk\AppData\Local\Temp\VMBuilds\TestArduinoSAMD21E\arduino_zero_edbg\Debug/core.a(CDC.cpp.o)
 .debug_ranges  0x000010c0       0xd0 C:\Users\moseichuk\AppData\Local\Temp\VMBuilds\TestArduinoSAMD21E\arduino_zero_edbg\Debug/core.a(PluggableUSB.cpp.o)

.debug_line     0x00000000     0x5a32
 .debug_line    0x00000000      0x2cd C:\Users\moseichuk\AppData\Local\Temp\VMBuilds\TestArduinoSAMD21E\arduino_zero_edbg\Debug\TestArduinoSAMD21E.cpp.o
 .debug_line    0x000002cd      0x325 C:\Users\moseichuk\AppData\Local\Temp\VMBuilds\TestArduinoSAMD21E\arduino_zero_edbg\Debug\variant\variant.cpp.o
 .debug_line    0x000005f2      0x332 C:\Users\moseichuk\AppData\Local\Temp\VMBuilds\TestArduinoSAMD21E\arduino_zero_edbg\Debug/core.a(cortex_handlers.c.o)
 .debug_line    0x00000924      0x329 C:\Users\moseichuk\AppData\Local\Temp\VMBuilds\TestArduinoSAMD21E\arduino_zero_edbg\Debug/core.a(delay.c.o)
 .debug_line    0x00000c4d       0xb6 C:\Users\moseichuk\AppData\Local\Temp\VMBuilds\TestArduinoSAMD21E\arduino_zero_edbg\Debug/core.a(hooks.c.o)
 .debug_line    0x00000d03      0x3fb C:\Users\moseichuk\AppData\Local\Temp\VMBuilds\TestArduinoSAMD21E\arduino_zero_edbg\Debug/core.a(startup.c.o)
 .debug_line    0x000010fe      0x43d C:\Users\moseichuk\AppData\Local\Temp\VMBuilds\TestArduinoSAMD21E\arduino_zero_edbg\Debug/core.a(wiring.c.o)
 .debug_line    0x0000153b      0x533 C:\Users\moseichuk\AppData\Local\Temp\VMBuilds\TestArduinoSAMD21E\arduino_zero_edbg\Debug/core.a(wiring_analog.c.o)
 .debug_line    0x00001a6e      0x392 C:\Users\moseichuk\AppData\Local\Temp\VMBuilds\TestArduinoSAMD21E\arduino_zero_edbg\Debug/core.a(wiring_digital.c.o)
 .debug_line    0x00001e00      0x395 C:\Users\moseichuk\AppData\Local\Temp\VMBuilds\TestArduinoSAMD21E\arduino_zero_edbg\Debug/core.a(wiring_private.c.o)
 .debug_line    0x00002195      0x2f3 C:\Users\moseichuk\AppData\Local\Temp\VMBuilds\TestArduinoSAMD21E\arduino_zero_edbg\Debug/core.a(main.cpp.o)
 .debug_line    0x00002488      0x39e C:\Users\moseichuk\AppData\Local\Temp\VMBuilds\TestArduinoSAMD21E\arduino_zero_edbg\Debug/core.a(Reset.cpp.o)
 .debug_line    0x00002826      0x98d C:\Users\moseichuk\AppData\Local\Temp\VMBuilds\TestArduinoSAMD21E\arduino_zero_edbg\Debug/core.a(SERCOM.cpp.o)
 .debug_line    0x000031b3      0x586 C:\Users\moseichuk\AppData\Local\Temp\VMBuilds\TestArduinoSAMD21E\arduino_zero_edbg\Debug/core.a(Uart.cpp.o)
 .debug_line    0x00003739      0xec6 C:\Users\moseichuk\AppData\Local\Temp\VMBuilds\TestArduinoSAMD21E\arduino_zero_edbg\Debug/core.a(USBCore.cpp.o)
 .debug_line    0x000045ff      0x1df C:\Users\moseichuk\AppData\Local\Temp\VMBuilds\TestArduinoSAMD21E\arduino_zero_edbg\Debug/core.a(new.cpp.o)
 .debug_line    0x000047de      0x67e C:\Users\moseichuk\AppData\Local\Temp\VMBuilds\TestArduinoSAMD21E\arduino_zero_edbg\Debug/core.a(Print.cpp.o)
 .debug_line    0x00004e5c      0x267 C:\Users\moseichuk\AppData\Local\Temp\VMBuilds\TestArduinoSAMD21E\arduino_zero_edbg\Debug/core.a(RingBuffer.cpp.o)
 .debug_line    0x000050c3      0x652 C:\Users\moseichuk\AppData\Local\Temp\VMBuilds\TestArduinoSAMD21E\arduino_zero_edbg\Debug/core.a(CDC.cpp.o)
 .debug_line    0x00005715      0x31d C:\Users\moseichuk\AppData\Local\Temp\VMBuilds\TestArduinoSAMD21E\arduino_zero_edbg\Debug/core.a(PluggableUSB.cpp.o)

.debug_str      0x00000000     0x862c
 .debug_str     0x00000000      0x2af C:\Users\moseichuk\AppData\Local\Temp\VMBuilds\TestArduinoSAMD21E\arduino_zero_edbg\Debug\TestArduinoSAMD21E.cpp.o
                                0x305 (size before relaxing)
 .debug_str     0x000002af     0x2356 C:\Users\moseichuk\AppData\Local\Temp\VMBuilds\TestArduinoSAMD21E\arduino_zero_edbg\Debug\variant\variant.cpp.o
                               0x2ea6 (size before relaxing)
 .debug_str     0x00002605      0x4c5 C:\Users\moseichuk\AppData\Local\Temp\VMBuilds\TestArduinoSAMD21E\arduino_zero_edbg\Debug/core.a(cortex_handlers.c.o)
                                0x5f2 (size before relaxing)
 .debug_str     0x00002aca       0xfa C:\Users\moseichuk\AppData\Local\Temp\VMBuilds\TestArduinoSAMD21E\arduino_zero_edbg\Debug/core.a(delay.c.o)
                                0x2cb (size before relaxing)
 .debug_str     0x00002bc4       0x7e C:\Users\moseichuk\AppData\Local\Temp\VMBuilds\TestArduinoSAMD21E\arduino_zero_edbg\Debug/core.a(hooks.c.o)
                                0x13d (size before relaxing)
 .debug_str     0x00002c42      0x87f C:\Users\moseichuk\AppData\Local\Temp\VMBuilds\TestArduinoSAMD21E\arduino_zero_edbg\Debug/core.a(startup.c.o)
                                0xd3f (size before relaxing)
 .debug_str     0x000034c1      0x37a C:\Users\moseichuk\AppData\Local\Temp\VMBuilds\TestArduinoSAMD21E\arduino_zero_edbg\Debug/core.a(wiring.c.o)
                                0xbee (size before relaxing)
 .debug_str     0x0000383b      0x17c C:\Users\moseichuk\AppData\Local\Temp\VMBuilds\TestArduinoSAMD21E\arduino_zero_edbg\Debug/core.a(wiring_analog.c.o)
                               0x15da (size before relaxing)
 .debug_str     0x000039b7      0x116 C:\Users\moseichuk\AppData\Local\Temp\VMBuilds\TestArduinoSAMD21E\arduino_zero_edbg\Debug/core.a(wiring_digital.c.o)
                                0x979 (size before relaxing)
 .debug_str     0x00003acd       0x82 C:\Users\moseichuk\AppData\Local\Temp\VMBuilds\TestArduinoSAMD21E\arduino_zero_edbg\Debug/core.a(wiring_private.c.o)
                                0x980 (size before relaxing)
 .debug_str     0x00003b4f      0x6bb C:\Users\moseichuk\AppData\Local\Temp\VMBuilds\TestArduinoSAMD21E\arduino_zero_edbg\Debug/core.a(main.cpp.o)
                                0x944 (size before relaxing)
 .debug_str     0x0000420a      0x1bd C:\Users\moseichuk\AppData\Local\Temp\VMBuilds\TestArduinoSAMD21E\arduino_zero_edbg\Debug/core.a(Reset.cpp.o)
                                0x5c7 (size before relaxing)
 .debug_str     0x000043c7      0x246 C:\Users\moseichuk\AppData\Local\Temp\VMBuilds\TestArduinoSAMD21E\arduino_zero_edbg\Debug/core.a(SERCOM.cpp.o)
                               0x21f5 (size before relaxing)
 .debug_str     0x0000460d     0x1023 C:\Users\moseichuk\AppData\Local\Temp\VMBuilds\TestArduinoSAMD21E\arduino_zero_edbg\Debug/core.a(Uart.cpp.o)
                               0x3351 (size before relaxing)
 .debug_str     0x00005630     0x2504 C:\Users\moseichuk\AppData\Local\Temp\VMBuilds\TestArduinoSAMD21E\arduino_zero_edbg\Debug/core.a(USBCore.cpp.o)
                               0x3b0a (size before relaxing)
 .debug_str     0x00007b34       0xb3 C:\Users\moseichuk\AppData\Local\Temp\VMBuilds\TestArduinoSAMD21E\arduino_zero_edbg\Debug/core.a(new.cpp.o)
                                0x27e (size before relaxing)
 .debug_str     0x00007be7      0x3f5 C:\Users\moseichuk\AppData\Local\Temp\VMBuilds\TestArduinoSAMD21E\arduino_zero_edbg\Debug/core.a(Print.cpp.o)
                                0xfc7 (size before relaxing)
 .debug_str     0x00007fdc       0x82 C:\Users\moseichuk\AppData\Local\Temp\VMBuilds\TestArduinoSAMD21E\arduino_zero_edbg\Debug/core.a(RingBuffer.cpp.o)
                                0x389 (size before relaxing)
 .debug_str     0x0000805e      0x533 C:\Users\moseichuk\AppData\Local\Temp\VMBuilds\TestArduinoSAMD21E\arduino_zero_edbg\Debug/core.a(CDC.cpp.o)
                               0x1e24 (size before relaxing)
 .debug_str     0x00008591       0x9b C:\Users\moseichuk\AppData\Local\Temp\VMBuilds\TestArduinoSAMD21E\arduino_zero_edbg\Debug/core.a(PluggableUSB.cpp.o)
                                0x5e1 (size before relaxing)

.debug_frame    0x00000000     0x1608
 .debug_frame   0x00000000       0x40 C:\Users\moseichuk\AppData\Local\Temp\VMBuilds\TestArduinoSAMD21E\arduino_zero_edbg\Debug\TestArduinoSAMD21E.cpp.o
 .debug_frame   0x00000040       0x64 C:\Users\moseichuk\AppData\Local\Temp\VMBuilds\TestArduinoSAMD21E\arduino_zero_edbg\Debug\variant\variant.cpp.o
 .debug_frame   0x000000a4       0x7c C:\Users\moseichuk\AppData\Local\Temp\VMBuilds\TestArduinoSAMD21E\arduino_zero_edbg\Debug/core.a(cortex_handlers.c.o)
 .debug_frame   0x00000120       0x78 C:\Users\moseichuk\AppData\Local\Temp\VMBuilds\TestArduinoSAMD21E\arduino_zero_edbg\Debug/core.a(delay.c.o)
 .debug_frame   0x00000198       0x40 C:\Users\moseichuk\AppData\Local\Temp\VMBuilds\TestArduinoSAMD21E\arduino_zero_edbg\Debug/core.a(hooks.c.o)
 .debug_frame   0x000001d8       0x2c C:\Users\moseichuk\AppData\Local\Temp\VMBuilds\TestArduinoSAMD21E\arduino_zero_edbg\Debug/core.a(startup.c.o)
 .debug_frame   0x00000204       0x28 C:\Users\moseichuk\AppData\Local\Temp\VMBuilds\TestArduinoSAMD21E\arduino_zero_edbg\Debug/core.a(wiring.c.o)
 .debug_frame   0x0000022c       0x90 C:\Users\moseichuk\AppData\Local\Temp\VMBuilds\TestArduinoSAMD21E\arduino_zero_edbg\Debug/core.a(wiring_analog.c.o)
 .debug_frame   0x000002bc       0x58 C:\Users\moseichuk\AppData\Local\Temp\VMBuilds\TestArduinoSAMD21E\arduino_zero_edbg\Debug/core.a(wiring_digital.c.o)
 .debug_frame   0x00000314       0x30 C:\Users\moseichuk\AppData\Local\Temp\VMBuilds\TestArduinoSAMD21E\arduino_zero_edbg\Debug/core.a(wiring_private.c.o)
 .debug_frame   0x00000344       0x38 C:\Users\moseichuk\AppData\Local\Temp\VMBuilds\TestArduinoSAMD21E\arduino_zero_edbg\Debug/core.a(main.cpp.o)
 .debug_frame   0x0000037c       0x40 C:\Users\moseichuk\AppData\Local\Temp\VMBuilds\TestArduinoSAMD21E\arduino_zero_edbg\Debug/core.a(Reset.cpp.o)
 .debug_frame   0x000003bc      0x428 C:\Users\moseichuk\AppData\Local\Temp\VMBuilds\TestArduinoSAMD21E\arduino_zero_edbg\Debug/core.a(SERCOM.cpp.o)
 .debug_frame   0x000007e4      0x16c C:\Users\moseichuk\AppData\Local\Temp\VMBuilds\TestArduinoSAMD21E\arduino_zero_edbg\Debug/core.a(Uart.cpp.o)
 .debug_frame   0x00000950      0x42c C:\Users\moseichuk\AppData\Local\Temp\VMBuilds\TestArduinoSAMD21E\arduino_zero_edbg\Debug/core.a(USBCore.cpp.o)
 .debug_frame   0x00000d7c       0x70 C:\Users\moseichuk\AppData\Local\Temp\VMBuilds\TestArduinoSAMD21E\arduino_zero_edbg\Debug/core.a(new.cpp.o)
 .debug_frame   0x00000dec      0x310 C:\Users\moseichuk\AppData\Local\Temp\VMBuilds\TestArduinoSAMD21E\arduino_zero_edbg\Debug/core.a(Print.cpp.o)
 .debug_frame   0x000010fc       0xa0 C:\Users\moseichuk\AppData\Local\Temp\VMBuilds\TestArduinoSAMD21E\arduino_zero_edbg\Debug/core.a(RingBuffer.cpp.o)
 .debug_frame   0x0000119c      0x1f4 C:\Users\moseichuk\AppData\Local\Temp\VMBuilds\TestArduinoSAMD21E\arduino_zero_edbg\Debug/core.a(CDC.cpp.o)
 .debug_frame   0x00001390       0xc4 C:\Users\moseichuk\AppData\Local\Temp\VMBuilds\TestArduinoSAMD21E\arduino_zero_edbg\Debug/core.a(PluggableUSB.cpp.o)
 .debug_frame   0x00001454       0x20 c:/users/moseichuk/appdata/local/arduino15/packages/arduino/tools/arm-none-eabi-gcc/4.8.3-2014q1/bin/../lib/gcc/arm-none-eabi/4.8.3/armv6-m\libgcc.a(_udivsi3.o)
 .debug_frame   0x00001474       0x2c c:/users/moseichuk/appdata/local/arduino15/packages/arduino/tools/arm-none-eabi-gcc/4.8.3-2014q1/bin/../lib/gcc/arm-none-eabi/4.8.3/../../../../arm-none-eabi/lib/armv6-m\libc_s.a(lib_a-init.o)
 .debug_frame   0x000014a0       0x40 c:/users/moseichuk/appdata/local/arduino15/packages/arduino/tools/arm-none-eabi-gcc/4.8.3-2014q1/bin/../lib/gcc/arm-none-eabi/4.8.3/../../../../arm-none-eabi/lib/armv6-m\libc_s.a(lib_a-malloc.o)
 .debug_frame   0x000014e0       0x28 c:/users/moseichuk/appdata/local/arduino15/packages/arduino/tools/arm-none-eabi-gcc/4.8.3-2014q1/bin/../lib/gcc/arm-none-eabi/4.8.3/../../../../arm-none-eabi/lib/armv6-m\libc_s.a(lib_a-memcpy-stub.o)
 .debug_frame   0x00001508       0x20 c:/users/moseichuk/appdata/local/arduino15/packages/arduino/tools/arm-none-eabi-gcc/4.8.3-2014q1/bin/../lib/gcc/arm-none-eabi/4.8.3/../../../../arm-none-eabi/lib/armv6-m\libc_s.a(lib_a-memset.o)
 .debug_frame   0x00001528       0x2c c:/users/moseichuk/appdata/local/arduino15/packages/arduino/tools/arm-none-eabi-gcc/4.8.3-2014q1/bin/../lib/gcc/arm-none-eabi/4.8.3/../../../../arm-none-eabi/lib/armv6-m\libc_s.a(lib_a-nano-mallocr.o)
 .debug_frame   0x00001554       0x2c c:/users/moseichuk/appdata/local/arduino15/packages/arduino/tools/arm-none-eabi-gcc/4.8.3-2014q1/bin/../lib/gcc/arm-none-eabi/4.8.3/../../../../arm-none-eabi/lib/armv6-m\libc_s.a(lib_a-sbrkr.o)
 .debug_frame   0x00001580       0x20 c:/users/moseichuk/appdata/local/arduino15/packages/arduino/tools/arm-none-eabi-gcc/4.8.3-2014q1/bin/../lib/gcc/arm-none-eabi/4.8.3/../../../../arm-none-eabi/lib/armv6-m\libc_s.a(lib_a-strlen.o)
 .debug_frame   0x000015a0       0x48 c:/users/moseichuk/appdata/local/arduino15/packages/arduino/tools/arm-none-eabi-gcc/4.8.3-2014q1/bin/../lib/gcc/arm-none-eabi/4.8.3/../../../../arm-none-eabi/lib/armv6-m\libc_s.a(lib_a-reent.o)
 .debug_frame   0x000015e8       0x20 c:/users/moseichuk/appdata/local/arduino15/packages/arduino/tools/arm-none-eabi-gcc/4.8.3-2014q1/bin/../lib/gcc/arm-none-eabi/4.8.3/../../../../arm-none-eabi/lib/armv6-m\libnosys.a(sbrk.o)

Cross Reference Table

Symbol                                            File
AC_Handler                                        C:\Users\moseichuk\AppData\Local\Temp\VMBuilds\TestArduinoSAMD21E\arduino_zero_edbg\Debug/core.a(cortex_handlers.c.o)
ADC_Handler                                       C:\Users\moseichuk\AppData\Local\Temp\VMBuilds\TestArduinoSAMD21E\arduino_zero_edbg\Debug/core.a(cortex_handlers.c.o)
CDC_GetInterface(unsigned char*)                  C:\Users\moseichuk\AppData\Local\Temp\VMBuilds\TestArduinoSAMD21E\arduino_zero_edbg\Debug/core.a(CDC.cpp.o)
                                                  C:\Users\moseichuk\AppData\Local\Temp\VMBuilds\TestArduinoSAMD21E\arduino_zero_edbg\Debug/core.a(USBCore.cpp.o)