Archive member included because of file (symbol)

C:\Users\moseichuk\AppData\Local\arduino15\packages\arduino\hardware\sam\1.6.11\variants\arduino_due_x/libsam_sam3x8e_gcc_rel.a(pio.o)
                              C:\Users\moseichuk\AppData\Local\Temp\VMBuilds\DS3231_DUE_SDA1\arduino_due_x_dbg\Debug\Wire\Wire.cpp.o (PIO_Configure)
C:\Users\moseichuk\AppData\Local\arduino15\packages\arduino\hardware\sam\1.6.11\variants\arduino_due_x/libsam_sam3x8e_gcc_rel.a(pmc.o)
                              C:\Users\moseichuk\AppData\Local\Temp\VMBuilds\DS3231_DUE_SDA1\arduino_due_x_dbg\Debug\Wire\Wire.cpp.o (pmc_enable_periph_clk)
C:\Users\moseichuk\AppData\Local\arduino15\packages\arduino\hardware\sam\1.6.11\variants\arduino_due_x/libsam_sam3x8e_gcc_rel.a(twi.o)
                              C:\Users\moseichuk\AppData\Local\Temp\VMBuilds\DS3231_DUE_SDA1\arduino_due_x_dbg\Debug\Wire\Wire.cpp.o (TWI_SetClock)
C:\Users\moseichuk\AppData\Local\arduino15\packages\arduino\hardware\sam\1.6.11\variants\arduino_due_x/libsam_sam3x8e_gcc_rel.a(system_sam3xa.o)
                              C:\Users\moseichuk\AppData\Local\Temp\VMBuilds\DS3231_DUE_SDA1\arduino_due_x_dbg\Debug\variant\variant.cpp.o (SystemInit)
C:\Users\moseichuk\AppData\Local\arduino15\packages\arduino\hardware\sam\1.6.11\variants\arduino_due_x/libsam_sam3x8e_gcc_rel.a(startup_sam3xa.o)
                              (Reset_Handler)
C:\Users\moseichuk\AppData\Local\arduino15\packages\arduino\hardware\sam\1.6.11\variants\arduino_due_x/libsam_sam3x8e_gcc_rel.a(adc.o)
                              C:\Users\moseichuk\AppData\Local\Temp\VMBuilds\DS3231_DUE_SDA1\arduino_due_x_dbg\Debug\variant\variant.cpp.o (adc_init)
C:\Users\moseichuk\AppData\Local\arduino15\packages\arduino\hardware\sam\1.6.11\variants\arduino_due_x/libsam_sam3x8e_gcc_rel.a(uotghs.o)
                              C:\Users\moseichuk\AppData\Local\arduino15\packages\arduino\hardware\sam\1.6.11\variants\arduino_due_x/libsam_sam3x8e_gcc_rel.a(startup_sam3xa.o) (UOTGHS_Handler)
C:\Users\moseichuk\AppData\Local\Temp\VMBuilds\DS3231_DUE_SDA1\arduino_due_x_dbg\Debug/core.a(cortex_handlers.c.o)
                              C:\Users\moseichuk\AppData\Local\arduino15\packages\arduino\hardware\sam\1.6.11\variants\arduino_due_x/libsam_sam3x8e_gcc_rel.a(startup_sam3xa.o) (NMI_Handler)
C:\Users\moseichuk\AppData\Local\Temp\VMBuilds\DS3231_DUE_SDA1\arduino_due_x_dbg\Debug/core.a(hooks.c.o)
                              C:\Users\moseichuk\AppData\Local\Temp\VMBuilds\DS3231_DUE_SDA1\arduino_due_x_dbg\Debug/core.a(cortex_handlers.c.o) (sysTickHook)
C:\Users\moseichuk\AppData\Local\Temp\VMBuilds\DS3231_DUE_SDA1\arduino_due_x_dbg\Debug/core.a(syscalls_sam3.c.o)
                              (_sbrk)
C:\Users\moseichuk\AppData\Local\Temp\VMBuilds\DS3231_DUE_SDA1\arduino_due_x_dbg\Debug/core.a(wiring.c.o)
                              C:\Users\moseichuk\AppData\Local\Temp\VMBuilds\DS3231_DUE_SDA1\arduino_due_x_dbg\Debug\DS3231_DUE_SDA1.cpp.o (delay)
C:\Users\moseichuk\AppData\Local\Temp\VMBuilds\DS3231_DUE_SDA1\arduino_due_x_dbg\Debug/core.a(wiring_analog.c.o)
                              C:\Users\moseichuk\AppData\Local\Temp\VMBuilds\DS3231_DUE_SDA1\arduino_due_x_dbg\Debug\variant\variant.cpp.o (analogOutputInit)
C:\Users\moseichuk\AppData\Local\Temp\VMBuilds\DS3231_DUE_SDA1\arduino_due_x_dbg\Debug/core.a(wiring_digital.c.o)
                              C:\Users\moseichuk\AppData\Local\Temp\VMBuilds\DS3231_DUE_SDA1\arduino_due_x_dbg\Debug\DS3231_DUE_SDA1.cpp.o (pinMode)
C:\Users\moseichuk\AppData\Local\Temp\VMBuilds\DS3231_DUE_SDA1\arduino_due_x_dbg\Debug/core.a(wiring_shift.c.o)
                              C:\Users\moseichuk\AppData\Local\Temp\VMBuilds\DS3231_DUE_SDA1\arduino_due_x_dbg\Debug\DS3231\DS3231.cpp.o (shiftOut)
C:\Users\moseichuk\AppData\Local\Temp\VMBuilds\DS3231_DUE_SDA1\arduino_due_x_dbg\Debug/core.a(abi.cpp.o)
                              C:\Users\moseichuk\AppData\Local\Temp\VMBuilds\DS3231_DUE_SDA1\arduino_due_x_dbg\Debug\Wire\Wire.cpp.o (__cxa_pure_virtual)
C:\Users\moseichuk\AppData\Local\Temp\VMBuilds\DS3231_DUE_SDA1\arduino_due_x_dbg\Debug/core.a(main.cpp.o)
                              c:/users/moseichuk/appdata/local/arduino15/packages/arduino/tools/arm-none-eabi-gcc/4.8.3-2014q1/bin/../lib/gcc/arm-none-eabi/4.8.3/../../../../arm-none-eabi/lib/armv7-m/crt0.o (main)
C:\Users\moseichuk\AppData\Local\Temp\VMBuilds\DS3231_DUE_SDA1\arduino_due_x_dbg\Debug/core.a(Print.cpp.o)
                              C:\Users\moseichuk\AppData\Local\Temp\VMBuilds\DS3231_DUE_SDA1\arduino_due_x_dbg\Debug\Wire\Wire.cpp.o (Print::write(unsigned char const*, unsigned int))
C:\Users\moseichuk\AppData\Local\Temp\VMBuilds\DS3231_DUE_SDA1\arduino_due_x_dbg\Debug/core.a(Reset.cpp.o)
                              C:\Users\moseichuk\AppData\Local\Temp\VMBuilds\DS3231_DUE_SDA1\arduino_due_x_dbg\Debug/core.a(cortex_handlers.c.o) (tickReset)
[...]
Memory Configuration

Name             Origin             Length             Attributes
rom              0x00080000         0x00080000         xr
sram0            0x20000000         0x00010000         xrw
sram1            0x20080000         0x00008000         xrw
ram              0x20070000         0x00018000         xrw
*default*        0x00000000         0xffffffff

Linker script and memory map

LOAD c:/users/moseichuk/appdata/local/arduino15/packages/arduino/tools/arm-none-eabi-gcc/4.8.3-2014q1/bin/../lib/gcc/arm-none-eabi/4.8.3/armv7-m/crti.o
LOAD c:/users/moseichuk/appdata/local/arduino15/packages/arduino/tools/arm-none-eabi-gcc/4.8.3-2014q1/bin/../lib/gcc/arm-none-eabi/4.8.3/armv7-m/crtbegin.o
LOAD c:/users/moseichuk/appdata/local/arduino15/packages/arduino/tools/arm-none-eabi-gcc/4.8.3-2014q1/bin/../lib/gcc/arm-none-eabi/4.8.3/../../../../arm-none-eabi/lib/armv7-m/crt0.o
START GROUP
LOAD C:\Users\moseichuk\AppData\Local\Temp\VMBuilds\DS3231_DUE_SDA1\arduino_due_x_dbg\Debug\DS3231_DUE_SDA1.cpp.o
LOAD C:\Users\moseichuk\AppData\Local\Temp\VMBuilds\DS3231_DUE_SDA1\arduino_due_x_dbg\Debug\Wire\Wire.cpp.o
LOAD C:\Users\moseichuk\AppData\Local\Temp\VMBuilds\DS3231_DUE_SDA1\arduino_due_x_dbg\Debug\DS3231\DS3231.cpp.o
LOAD C:\Users\moseichuk\AppData\Local\Temp\VMBuilds\DS3231_DUE_SDA1\arduino_due_x_dbg\Debug\variant\variant.cpp.o
LOAD C:\Users\moseichuk\AppData\Local\arduino15\packages\arduino\hardware\sam\1.6.11\variants\arduino_due_x/libsam_sam3x8e_gcc_rel.a
LOAD C:\Users\moseichuk\AppData\Local\Temp\VMBuilds\DS3231_DUE_SDA1\arduino_due_x_dbg\Debug/core.a
END GROUP
LOAD c:/users/moseichuk/appdata/local/arduino15/packages/arduino/tools/arm-none-eabi-gcc/4.8.3-2014q1/bin/../lib/gcc/arm-none-eabi/4.8.3/../../../../arm-none-eabi/lib/armv7-m\libm.a
START GROUP
LOAD c:/users/moseichuk/appdata/local/arduino15/packages/arduino/tools/arm-none-eabi-gcc/4.8.3-2014q1/bin/../lib/gcc/arm-none-eabi/4.8.3/armv7-m\libgcc.a
LOAD c:/users/moseichuk/appdata/local/arduino15/packages/arduino/tools/arm-none-eabi-gcc/4.8.3-2014q1/bin/../lib/gcc/arm-none-eabi/4.8.3/../../../../arm-none-eabi/lib/armv7-m\libg.a
LOAD c:/users/moseichuk/appdata/local/arduino15/packages/arduino/tools/arm-none-eabi-gcc/4.8.3-2014q1/bin/../lib/gcc/arm-none-eabi/4.8.3/../../../../arm-none-eabi/lib/armv7-m\libc.a
END GROUP
LOAD c:/users/moseichuk/appdata/local/arduino15/packages/arduino/tools/arm-none-eabi-gcc/4.8.3-2014q1/bin/../lib/gcc/arm-none-eabi/4.8.3/armv7-m/crtend.o
LOAD c:/users/moseichuk/appdata/local/arduino15/packages/arduino/tools/arm-none-eabi-gcc/4.8.3-2014q1/bin/../lib/gcc/arm-none-eabi/4.8.3/armv7-m/crtn.o

.text           0x00080000     0x9f54
                0x00080000                . = ALIGN (0x4)
                0x00080000                _sfixed = .
 *(.vectors .vectors.*)
 .vectors       0x00080000       0xf4 C:\Users\moseichuk\AppData\Local\arduino15\packages\arduino\hardware\sam\1.6.11\variants\arduino_due_x/libsam_sam3x8e_gcc_rel.a(startup_sam3xa.o)
                0x00080000                exception_table
 *(.text .text.* .gnu.linkonce.t.*)
 .text          0x000800f4       0x54 c:/users/moseichuk/appdata/local/arduino15/packages/arduino/tools/arm-none-eabi-gcc/4.8.3-2014q1/bin/../lib/gcc/arm-none-eabi/4.8.3/armv7-m/crtbegin.o
 .text.loop     0x00080148       0x58 C:\Users\moseichuk\AppData\Local\Temp\VMBuilds\DS3231_DUE_SDA1\arduino_due_x_dbg\Debug\DS3231_DUE_SDA1.cpp.o
                0x00080148                loop
 .text.startup._GLOBAL__sub_I_DS3231_clock
                0x000801a0       0x20 C:\Users\moseichuk\AppData\Local\Temp\VMBuilds\DS3231_DUE_SDA1\arduino_due_x_dbg\Debug\DS3231_DUE_SDA1.cpp.o
 .text.setup    0x000801c0       0x5c C:\Users\moseichuk\AppData\Local\Temp\VMBuilds\DS3231_DUE_SDA1\arduino_due_x_dbg\Debug\DS3231_DUE_SDA1.cpp.o
                0x000801c0                setup
 .text._ZN7TwoWire5writeEPKhj
                0x0008021c       0x50 C:\Users\moseichuk\AppData\Local\Temp\VMBuilds\DS3231_DUE_SDA1\arduino_due_x_dbg\Debug\Wire\Wire.cpp.o
                0x0008021c                TwoWire::write(unsigned char const*, unsigned int)
 .text._ZN7TwoWire9availableEv
                0x0008026c        0xc C:\Users\moseichuk\AppData\Local\Temp\VMBuilds\DS3231_DUE_SDA1\arduino_due_x_dbg\Debug\Wire\Wire.cpp.o
                0x0008026c                TwoWire::available()
 .text._ZN7TwoWire4readEv
                0x00080278       0x1e C:\Users\moseichuk\AppData\Local\Temp\VMBuilds\DS3231_DUE_SDA1\arduino_due_x_dbg\Debug\Wire\Wire.cpp.o
                0x00080278                TwoWire::read()
 .text._ZN7TwoWire4peekEv
                0x00080296       0x16 C:\Users\moseichuk\AppData\Local\Temp\VMBuilds\DS3231_DUE_SDA1\arduino_due_x_dbg\Debug\Wire\Wire.cpp.o
                0x00080296                TwoWire::peek()
 .text._ZN7TwoWire5flushEv
                0x000802ac        0x2 C:\Users\moseichuk\AppData\Local\Temp\VMBuilds\DS3231_DUE_SDA1\arduino_due_x_dbg\Debug\Wire\Wire.cpp.o
                0x000802ac                TwoWire::flush()
 .text._ZN7TwoWire5writeEh
                0x000802ae       0x3a C:\Users\moseichuk\AppData\Local\Temp\VMBuilds\DS3231_DUE_SDA1\arduino_due_x_dbg\Debug\Wire\Wire.cpp.o
                0x000802ae                TwoWire::write(unsigned char)
 .text._ZL9Wire_Initv
                0x000802e8       0x54 C:\Users\moseichuk\AppData\Local\Temp\VMBuilds\DS3231_DUE_SDA1\arduino_due_x_dbg\Debug\Wire\Wire.cpp.o
 .text._ZL12Wire1_Deinitv
                0x0008033c       0x18 C:\Users\moseichuk\AppData\Local\Temp\VMBuilds\DS3231_DUE_SDA1\arduino_due_x_dbg\Debug\Wire\Wire.cpp.o
 .text._ZL11Wire_Deinitv
                0x00080354       0x18 C:\Users\moseichuk\AppData\Local\Temp\VMBuilds\DS3231_DUE_SDA1\arduino_due_x_dbg\Debug\Wire\Wire.cpp.o
 .text._ZL10Wire1_Initv
                0x0008036c       0x54 C:\Users\moseichuk\AppData\Local\Temp\VMBuilds\DS3231_DUE_SDA1\arduino_due_x_dbg\Debug\Wire\Wire.cpp.o
 .text._ZN7TwoWireC2EP3TwiPFvvES3_
                0x000803c0       0x48 C:\Users\moseichuk\AppData\Local\Temp\VMBuilds\DS3231_DUE_SDA1\arduino_due_x_dbg\Debug\Wire\Wire.cpp.o
                0x000803c0                TwoWire::TwoWire(Twi*, void (*)(), void (*)())
                0x000803c0                TwoWire::TwoWire(Twi*, void (*)(), void (*)())
 .text._ZN7TwoWire9onServiceEv
                0x00080408      0x118 C:\Users\moseichuk\AppData\Local\Temp\VMBuilds\DS3231_DUE_SDA1\arduino_due_x_dbg\Debug\Wire\Wire.cpp.o
                0x00080408                TwoWire::onService()
 .text.TWI1_Handler
                0x00080520        0xc C:\Users\moseichuk\AppData\Local\Temp\VMBuilds\DS3231_DUE_SDA1\arduino_due_x_dbg\Debug\Wire\Wire.cpp.o
                0x00080520                TWI1_Handler
 .text.TWI0_Handler
                0x0008052c        0xc C:\Users\moseichuk\AppData\Local\Temp\VMBuilds\DS3231_DUE_SDA1\arduino_due_x_dbg\Debug\Wire\Wire.cpp.o
                0x0008052c                TWI0_Handler
 .text.startup._GLOBAL__sub_I__ZN7TwoWireC2EP3TwiPFvvES3_
                0x00080538       0x40 C:\Users\moseichuk\AppData\Local\Temp\VMBuilds\DS3231_DUE_SDA1\arduino_due_x_dbg\Debug\Wire\Wire.cpp.o
 .text._ZN6DS32315beginEv
                0x00080578       0xfc C:\Users\moseichuk\AppData\Local\Temp\VMBuilds\DS3231_DUE_SDA1\arduino_due_x_dbg\Debug\DS3231\DS3231.cpp.o
                0x00080578                DS3231::begin()
 .text._ZN11RTCDateTimeC2Ev
                0x00080674       0x1a C:\Users\moseichuk\AppData\Local\Temp\VMBuilds\DS3231_DUE_SDA1\arduino_due_x_dbg\Debug\DS3231\DS3231.cpp.o
                0x00080674                RTCDateTime::RTCDateTime()
                0x00080674                RTCDateTime::RTCDateTime()
 .text._ZN6DS3231C2Ehh
                0x0008068e       0x16 C:\Users\moseichuk\AppData\Local\Temp\VMBuilds\DS3231_DUE_SDA1\arduino_due_x_dbg\Debug\DS3231\DS3231.cpp.o
                0x0008068e                DS3231::DS3231(unsigned char, unsigned char)
                0x0008068e                DS3231::DS3231(unsigned char, unsigned char)
 .text._ZN6DS323110_sendStartEh
                0x000806a4       0x3e C:\Users\moseichuk\AppData\Local\Temp\VMBuilds\DS3231_DUE_SDA1\arduino_due_x_dbg\Debug\DS3231\DS3231.cpp.o
                0x000806a4                DS3231::_sendStart(unsigned char)
 .text._ZN6DS32319_sendStopEv
                0x000806e2       0x30 C:\Users\moseichuk\AppData\Local\Temp\VMBuilds\DS3231_DUE_SDA1\arduino_due_x_dbg\Debug\DS3231\DS3231.cpp.o
                0x000806e2                DS3231::_sendStop()
 .text._ZN6DS32319_sendNackEv
                0x00080712       0x38 C:\Users\moseichuk\AppData\Local\Temp\VMBuilds\DS3231_DUE_SDA1\arduino_due_x_dbg\Debug\DS3231\DS3231.cpp.o
                0x00080712                DS3231::_sendNack()
 .text._ZN6DS32318_sendAckEv
                0x0008074a       0x38 C:\Users\moseichuk\AppData\Local\Temp\VMBuilds\DS3231_DUE_SDA1\arduino_due_x_dbg\Debug\DS3231\DS3231.cpp.o
                0x0008074a                DS3231::_sendAck()
 .text._ZN6DS323111_waitForAckEv
                0x00080782       0x2a C:\Users\moseichuk\AppData\Local\Temp\VMBuilds\DS3231_DUE_SDA1\arduino_due_x_dbg\Debug\DS3231\DS3231.cpp.o
                0x00080782                DS3231::_waitForAck()
 .text._ZN6DS32319_readByteEv
                0x000807ac       0x40 C:\Users\moseichuk\AppData\Local\Temp\VMBuilds\DS3231_DUE_SDA1\arduino_due_x_dbg\Debug\DS3231\DS3231.cpp.o
                0x000807ac                DS3231::_readByte()
 .text._ZN6DS323110_writeByteEh
                0x000807ec       0x1e C:\Users\moseichuk\AppData\Local\Temp\VMBuilds\DS3231_DUE_SDA1\arduino_due_x_dbg\Debug\DS3231\DS3231.cpp.o
                0x000807ec                DS3231::_writeByte(unsigned char)
 *fill*         0x0008080a        0x2 
 .text._ZN6DS323110_burstReadEv
                0x0008080c       0x94 C:\Users\moseichuk\AppData\Local\Temp\VMBuilds\DS3231_DUE_SDA1\arduino_due_x_dbg\Debug\DS3231\DS3231.cpp.o
                0x0008080c                DS3231::_burstRead()
 .text._ZN6DS323114_writeRegisterEhh
                0x000808a0       0x60 C:\Users\moseichuk\AppData\Local\Temp\VMBuilds\DS3231_DUE_SDA1\arduino_due_x_dbg\Debug\DS3231\DS3231.cpp.o
                0x000808a0                DS3231::_writeRegister(unsigned char, unsigned char)
 .text._ZN6DS323111setDateTimeEthhhhh
                0x00080900       0xd0 C:\Users\moseichuk\AppData\Local\Temp\VMBuilds\DS3231_DUE_SDA1\arduino_due_x_dbg\Debug\DS3231\DS3231.cpp.o
                0x00080900                DS3231::setDateTime(unsigned short, unsigned char, unsigned char, unsigned char, unsigned char, unsigned char)
 .text._ZN6DS32317_decodeEh
                0x000809d0       0x12 C:\Users\moseichuk\AppData\Local\Temp\VMBuilds\DS3231_DUE_SDA1\arduino_due_x_dbg\Debug\DS3231\DS3231.cpp.o
                0x000809d0                DS3231::_decode(unsigned char)
 .text._ZN6DS32318_decodeHEh
                0x000809e2       0x26 C:\Users\moseichuk\AppData\Local\Temp\VMBuilds\DS3231_DUE_SDA1\arduino_due_x_dbg\Debug\DS3231\DS3231.cpp.o
                0x000809e2                DS3231::_decodeH(unsigned char)
 .text._ZN6DS32317getTimeEv
                0x00080a08       0x62 C:\Users\moseichuk\AppData\Local\Temp\VMBuilds\DS3231_DUE_SDA1\arduino_due_x_dbg\Debug\DS3231\DS3231.cpp.o
                0x00080a08                DS3231::getTime()
 *fill*         0x00080a6a        0x2 
 .text._ZN6DS323111strDaySufixEh
                0x00080a6c       0x38 C:\Users\moseichuk\AppData\Local\Temp\VMBuilds\DS3231_DUE_SDA1\arduino_due_x_dbg\Debug\DS3231\DS3231.cpp.o
                0x00080a6c                DS3231::strDaySufix(unsigned char)
 .text._ZN6DS32316hour12Eh
                0x00080aa4       0x14 C:\Users\moseichuk\AppData\Local\Temp\VMBuilds\DS3231_DUE_SDA1\arduino_due_x_dbg\Debug\DS3231\DS3231.cpp.o
                0x00080aa4                DS3231::hour12(unsigned char)
 .text._ZN6DS323111daysInMonthEth
                0x00080ab8       0x1c C:\Users\moseichuk\AppData\Local\Temp\VMBuilds\DS3231_DUE_SDA1\arduino_due_x_dbg\Debug\DS3231\DS3231.cpp.o
                0x00080ab8                DS3231::daysInMonth(unsigned short, unsigned char)
 .text._ZN6DS32319date2daysEthh
                0x00080ad4       0x4c C:\Users\moseichuk\AppData\Local\Temp\VMBuilds\DS3231_DUE_SDA1\arduino_due_x_dbg\Debug\DS3231\DS3231.cpp.o
                0x00080ad4                DS3231::date2days(unsigned short, unsigned char, unsigned char)
 .text._ZN6DS32319dayInYearEthh
                0x00080b20       0x2a C:\Users\moseichuk\AppData\Local\Temp\VMBuilds\DS3231_DUE_SDA1\arduino_due_x_dbg\Debug\DS3231\DS3231.cpp.o
                0x00080b20                DS3231::dayInYear(unsigned short, unsigned char, unsigned char)
 *fill*         0x00080b4a        0x2 
 .text._ZN6DS323110dateFormatEPKc11RTCDateTime
                0x00080b4c      0x234 C:\Users\moseichuk\AppData\Local\Temp\VMBuilds\DS3231_DUE_SDA1\arduino_due_x_dbg\Debug\DS3231\DS3231.cpp.o
                0x00080b4c                DS3231::dateFormat(char const*, RTCDateTime)
 .text._Z11serialEventv
                0x00080d80        0x2 C:\Users\moseichuk\AppData\Local\Temp\VMBuilds\DS3231_DUE_SDA1\arduino_due_x_dbg\Debug\variant\variant.cpp.o
                0x00080d80                serialEvent()
 *fill*         0x00080d82        0x2 
 .text.UART_Handler
                0x00080d84        0xc C:\Users\moseichuk\AppData\Local\Temp\VMBuilds\DS3231_DUE_SDA1\arduino_due_x_dbg\Debug\variant\variant.cpp.o
                0x00080d84                UART_Handler
 .text._Z12serialEvent1v
                0x00080d90        0x2 C:\Users\moseichuk\AppData\Local\Temp\VMBuilds\DS3231_DUE_SDA1\arduino_due_x_dbg\Debug\variant\variant.cpp.o
                0x00080d90                serialEvent1()
 .text._Z12serialEvent2v
                0x00080d92        0x2 C:\Users\moseichuk\AppData\Local\Temp\VMBuilds\DS3231_DUE_SDA1\arduino_due_x_dbg\Debug\variant\variant.cpp.o
                0x00080d92                serialEvent2()
 .text._Z12serialEvent3v
                0x00080d94        0x2 C:\Users\moseichuk\AppData\Local\Temp\VMBuilds\DS3231_DUE_SDA1\arduino_due_x_dbg\Debug\variant\variant.cpp.o
                0x00080d94                serialEvent3()
 *fill*         0x00080d96        0x2 
 .text.USART0_Handler
                0x00080d98        0xc C:\Users\moseichuk\AppData\Local\Temp\VMBuilds\DS3231_DUE_SDA1\arduino_due_x_dbg\Debug\variant\variant.cpp.o
                0x00080d98                USART0_Handler
 .text.USART1_Handler
                0x00080da4        0xc C:\Users\moseichuk\AppData\Local\Temp\VMBuilds\DS3231_DUE_SDA1\arduino_due_x_dbg\Debug\variant\variant.cpp.o
                0x00080da4                USART1_Handler
 .text.USART3_Handler
                0x00080db0        0xc C:\Users\moseichuk\AppData\Local\Temp\VMBuilds\DS3231_DUE_SDA1\arduino_due_x_dbg\Debug\variant\variant.cpp.o
                0x00080db0                USART3_Handler
 .text.init     0x00080dbc      0x128 C:\Users\moseichuk\AppData\Local\Temp\VMBuilds\DS3231_DUE_SDA1\arduino_due_x_dbg\Debug\variant\variant.cpp.o
                0x00080dbc                init
 .text.startup._GLOBAL__sub_I_g_APinDescription
                0x00080ee4       0xd4 C:\Users\moseichuk\AppData\Local\Temp\VMBuilds\DS3231_DUE_SDA1\arduino_due_x_dbg\Debug\variant\variant.cpp.o
 .text._Z14serialEventRunv
                0x00080fb8       0x44 C:\Users\moseichuk\AppData\Local\Temp\VMBuilds\DS3231_DUE_SDA1\arduino_due_x_dbg\Debug\variant\variant.cpp.o
                0x00080fb8                serialEventRun()
 .text.PIO_PullUp
                0x00080ffc        0xa C:\Users\moseichuk\AppData\Local\arduino15\packages\arduino\hardware\sam\1.6.11\variants\arduino_due_x/libsam_sam3x8e_gcc_rel.a(pio.o)
                0x00080ffc                PIO_PullUp
 .text.PIO_Get  0x00081006       0x14 C:\Users\moseichuk\AppData\Local\arduino15\packages\arduino\hardware\sam\1.6.11\variants\arduino_due_x/libsam_sam3x8e_gcc_rel.a(pio.o)
                0x00081006                PIO_Get
 .text.PIO_SetPeripheral
                0x0008101a       0x26 C:\Users\moseichuk\AppData\Local\arduino15\packages\arduino\hardware\sam\1.6.11\variants\arduino_due_x/libsam_sam3x8e_gcc_rel.a(pio.o)
                0x0008101a                PIO_SetPeripheral
 .text.PIO_SetInput
                0x00081040       0x26 C:\Users\moseichuk\AppData\Local\arduino15\packages\arduino\hardware\sam\1.6.11\variants\arduino_due_x/libsam_sam3x8e_gcc_rel.a(pio.o)
                0x00081040                PIO_SetInput
 .text.PIO_SetOutput
                0x00081066       0x24 C:\Users\moseichuk\AppData\Local\arduino15\packages\arduino\hardware\sam\1.6.11\variants\arduino_due_x/libsam_sam3x8e_gcc_rel.a(pio.o)
                0x00081066                PIO_SetOutput
 *fill*         0x0008108a        0x2 
 .text.PIO_Configure
                0x0008108c       0x64 C:\Users\moseichuk\AppData\Local\arduino15\packages\arduino\hardware\sam\1.6.11\variants\arduino_due_x/libsam_sam3x8e_gcc_rel.a(pio.o)
                0x0008108c                PIO_Configure
 .text.PIO_GetOutputDataStatus
                0x000810f0       0x14 C:\Users\moseichuk\AppData\Local\arduino15\packages\arduino\hardware\sam\1.6.11\variants\arduino_due_x/libsam_sam3x8e_gcc_rel.a(pio.o)
                0x000810f0                PIO_GetOutputDataStatus
 .text.pmc_enable_upll_clock
                0x00081104       0x14 C:\Users\moseichuk\AppData\Local\arduino15\packages\arduino\hardware\sam\1.6.11\variants\arduino_due_x/libsam_sam3x8e_gcc_rel.a(pmc.o)
                0x00081104                pmc_enable_upll_clock
 .text.pmc_enable_periph_clk
                0x00081118       0x44 C:\Users\moseichuk\AppData\Local\arduino15\packages\arduino\hardware\sam\1.6.11\variants\arduino_due_x/libsam_sam3x8e_gcc_rel.a(pmc.o)
                0x00081118                pmc_enable_periph_clk
 .text.pmc_disable_periph_clk
                0x0008115c       0x40 C:\Users\moseichuk\AppData\Local\arduino15\packages\arduino\hardware\sam\1.6.11\variants\arduino_due_x/libsam_sam3x8e_gcc_rel.a(pmc.o)
                0x0008115c                pmc_disable_periph_clk
 .text.pmc_switch_udpck_to_upllck
                0x0008119c       0x14 C:\Users\moseichuk\AppData\Local\arduino15\packages\arduino\hardware\sam\1.6.11\variants\arduino_due_x/libsam_sam3x8e_gcc_rel.a(pmc.o)
                0x0008119c                pmc_switch_udpck_to_upllck
 .text.pmc_enable_udpck
                0x000811b0        0xc C:\Users\moseichuk\AppData\Local\arduino15\packages\arduino\hardware\sam\1.6.11\variants\arduino_due_x/libsam_sam3x8e_gcc_rel.a(pmc.o)
                0x000811b0                pmc_enable_udpck
 .text.TWI_ReadByte
                0x000811bc       0x28 C:\Users\moseichuk\AppData\Local\arduino15\packages\arduino\hardware\sam\1.6.11\variants\arduino_due_x/libsam_sam3x8e_gcc_rel.a(twi.o)
                0x000811bc                TWI_ReadByte
 .text.TWI_WriteByte
                0x000811e4       0x24 C:\Users\moseichuk\AppData\Local\arduino15\packages\arduino\hardware\sam\1.6.11\variants\arduino_due_x/libsam_sam3x8e_gcc_rel.a(twi.o)
                0x000811e4                TWI_WriteByte
 .text.TWI_EnableIt
                0x00081208       0x40 C:\Users\moseichuk\AppData\Local\arduino15\packages\arduino\hardware\sam\1.6.11\variants\arduino_due_x/libsam_sam3x8e_gcc_rel.a(twi.o)
                0x00081208                TWI_EnableIt
 .text.TWI_DisableIt
                0x00081248       0x40 C:\Users\moseichuk\AppData\Local\arduino15\packages\arduino\hardware\sam\1.6.11\variants\arduino_due_x/libsam_sam3x8e_gcc_rel.a(twi.o)
                0x00081248                TWI_DisableIt
 .text.TWI_GetStatus
                0x00081288       0x28 C:\Users\moseichuk\AppData\Local\arduino15\packages\arduino\hardware\sam\1.6.11\variants\arduino_due_x/libsam_sam3x8e_gcc_rel.a(twi.o)
                0x00081288                TWI_GetStatus
 .text.SystemInit
                0x000812b0       0x88 C:\Users\moseichuk\AppData\Local\arduino15\packages\arduino\hardware\sam\1.6.11\variants\arduino_due_x/libsam_sam3x8e_gcc_rel.a(system_sam3xa.o)
                0x000812b0                SystemInit
 .text.Reset_Handler
                0x00081338       0x78 C:\Users\moseichuk\AppData\Local\arduino15\packages\arduino\hardware\sam\1.6.11\variants\arduino_due_x/libsam_sam3x8e_gcc_rel.a(startup_sam3xa.o)
                0x00081338                Reset_Handler
 .text.adc_init
                0x000813b0       0x98 C:\Users\moseichuk\AppData\Local\arduino15\packages\arduino\hardware\sam\1.6.11\variants\arduino_due_x/libsam_sam3x8e_gcc_rel.a(adc.o)
                0x000813b0                adc_init
 .text.adc_configure_trigger
                0x00081448        0xe C:\Users\moseichuk\AppData\Local\arduino15\packages\arduino\hardware\sam\1.6.11\variants\arduino_due_x/libsam_sam3x8e_gcc_rel.a(adc.o)
                0x00081448                adc_configure_trigger
 .text.adc_configure_timing
                0x00081456       0x1a C:\Users\moseichuk\AppData\Local\arduino15\packages\arduino\hardware\sam\1.6.11\variants\arduino_due_x/libsam_sam3x8e_gcc_rel.a(adc.o)
                0x00081456                adc_configure_timing
 .text.adc_disable_channel
                0x00081470        0xa C:\Users\moseichuk\AppData\Local\arduino15\packages\arduino\hardware\sam\1.6.11\variants\arduino_due_x/libsam_sam3x8e_gcc_rel.a(adc.o)
                0x00081470                adc_disable_channel
 .text.adc_disable_all_channel
                0x0008147a        0x8 C:\Users\moseichuk\AppData\Local\arduino15\packages\arduino\hardware\sam\1.6.11\variants\arduino_due_x/libsam_sam3x8e_gcc_rel.a(adc.o)
                0x0008147a                adc_disable_all_channel
 .text.adc_disable_interrupt
                0x00081482        0x4 C:\Users\moseichuk\AppData\Local\arduino15\packages\arduino\hardware\sam\1.6.11\variants\arduino_due_x/libsam_sam3x8e_gcc_rel.a(adc.o)
                0x00081482                adc_disable_interrupt
 *fill*         0x00081486        0x2 
 .text.UOTGHS_Handler
                0x00081488       0x10 C:\Users\moseichuk\AppData\Local\arduino15\packages\arduino\hardware\sam\1.6.11\variants\arduino_due_x/libsam_sam3x8e_gcc_rel.a(uotghs.o)
                0x00081488                UOTGHS_Handler
 .text.__halt   0x00081498        0x2 C:\Users\moseichuk\AppData\Local\Temp\VMBuilds\DS3231_DUE_SDA1\arduino_due_x_dbg\Debug/core.a(cortex_handlers.c.o)
                0x00081498                DACC_Handler
                0x00081498                DebugMon_Handler
                0x00081498                DMAC_Handler
                0x00081498                TRNG_Handler
                0x00081498                HardFault_Handler
                0x00081498                TC2_Handler
                0x00081498                NMI_Handler
                0x00081498                TC7_Handler
                0x00081498                ADC_Handler
                0x00081498                SMC_Handler
                0x00081498                RTT_Handler
                0x00081498                EFC1_Handler
                0x00081498                PIOB_Handler
                0x00081498                RTC_Handler
                0x00081498                UsageFault_Handler
                0x00081498                TC6_Handler
                0x00081498                WDT_Handler
                0x00081498                CAN0_Handler
                0x00081498                TC4_Handler
                0x00081498                TC1_Handler
                0x00081498                HSMCI_Handler
                0x00081498                TC3_Handler
                0x00081498                PIOA_Handler
                0x00081498                SSC_Handler
                0x00081498                EFC0_Handler
                0x00081498                PMC_Handler
                0x00081498                PWM_Handler
                0x00081498                CAN1_Handler
                0x00081498                MemManage_Handler
                0x00081498                SUPC_Handler
                0x00081498                TC8_Handler
                0x00081498                USART2_Handler
                0x00081498                PIOD_Handler
                0x00081498                EMAC_Handler
                0x00081498                PIOC_Handler
                0x00081498                BusFault_Handler
                0x00081498                RSTC_Handler
                0x00081498                TC0_Handler
                0x00081498                TC5_Handler
                0x00081498                SPI0_Handler
 .text.SVC_Handler
                0x0008149a        0x4 C:\Users\moseichuk\AppData\Local\Temp\VMBuilds\DS3231_DUE_SDA1\arduino_due_x_dbg\Debug/core.a(cortex_handlers.c.o)
                0x0008149a                SVC_Handler
 .text.PendSV_Handler
                0x0008149e        0x4 C:\Users\moseichuk\AppData\Local\Temp\VMBuilds\DS3231_DUE_SDA1\arduino_due_x_dbg\Debug/core.a(cortex_handlers.c.o)
                0x0008149e                PendSV_Handler
 .text.SysTick_Handler
                0x000814a2       0x16 C:\Users\moseichuk\AppData\Local\Temp\VMBuilds\DS3231_DUE_SDA1\arduino_due_x_dbg\Debug/core.a(cortex_handlers.c.o)
                0x000814a2                SysTick_Handler
 .text.__empty  0x000814b8        0x2 C:\Users\moseichuk\AppData\Local\Temp\VMBuilds\DS3231_DUE_SDA1\arduino_due_x_dbg\Debug/core.a(hooks.c.o)
                0x000814b8                yield
 .text.__false  0x000814ba        0x4 C:\Users\moseichuk\AppData\Local\Temp\VMBuilds\DS3231_DUE_SDA1\arduino_due_x_dbg\Debug/core.a(hooks.c.o)
                0x000814ba                sysTickHook
 .text.__halt   0x000814be        0x2 C:\Users\moseichuk\AppData\Local\Temp\VMBuilds\DS3231_DUE_SDA1\arduino_due_x_dbg\Debug/core.a(hooks.c.o)
                0x000814be                svcHook
                0x000814be                pendSVHook
 .text._sbrk    0x000814c0       0x1c C:\Users\moseichuk\AppData\Local\Temp\VMBuilds\DS3231_DUE_SDA1\arduino_due_x_dbg\Debug/core.a(syscalls_sam3.c.o)
                0x000814c0                _sbrk
 .text.link     0x000814dc        0x6 C:\Users\moseichuk\AppData\Local\Temp\VMBuilds\DS3231_DUE_SDA1\arduino_due_x_dbg\Debug/core.a(syscalls_sam3.c.o)
                0x000814dc                link
 .text._close   0x000814e2        0x6 C:\Users\moseichuk\AppData\Local\Temp\VMBuilds\DS3231_DUE_SDA1\arduino_due_x_dbg\Debug/core.a(syscalls_sam3.c.o)
                0x000814e2                _close
 .text._fstat   0x000814e8        0xa C:\Users\moseichuk\AppData\Local\Temp\VMBuilds\DS3231_DUE_SDA1\arduino_due_x_dbg\Debug/core.a(syscalls_sam3.c.o)
                0x000814e8                _fstat
 .text._isatty  0x000814f2        0x4 C:\Users\moseichuk\AppData\Local\Temp\VMBuilds\DS3231_DUE_SDA1\arduino_due_x_dbg\Debug/core.a(syscalls_sam3.c.o)
                0x000814f2                _isatty
 .text._lseek   0x000814f6        0x4 C:\Users\moseichuk\AppData\Local\Temp\VMBuilds\DS3231_DUE_SDA1\arduino_due_x_dbg\Debug/core.a(syscalls_sam3.c.o)
                0x000814f6                _lseek
 .text._read    0x000814fa        0x4 C:\Users\moseichuk\AppData\Local\Temp\VMBuilds\DS3231_DUE_SDA1\arduino_due_x_dbg\Debug/core.a(syscalls_sam3.c.o)
                0x000814fa                _read
 *fill*         0x000814fe        0x2 
 .text._write   0x00081500       0x24 C:\Users\moseichuk\AppData\Local\Temp\VMBuilds\DS3231_DUE_SDA1\arduino_due_x_dbg\Debug/core.a(syscalls_sam3.c.o)
                0x00081500                _write
 .text._exit    0x00081524       0x10 C:\Users\moseichuk\AppData\Local\Temp\VMBuilds\DS3231_DUE_SDA1\arduino_due_x_dbg\Debug/core.a(syscalls_sam3.c.o)
                0x00081524                _exit
 .text._kill    0x00081534        0x2 C:\Users\moseichuk\AppData\Local\Temp\VMBuilds\DS3231_DUE_SDA1\arduino_due_x_dbg\Debug/core.a(syscalls_sam3.c.o)
                0x00081534                _kill
 .text._getpid  0x00081536        0x6 C:\Users\moseichuk\AppData\Local\Temp\VMBuilds\DS3231_DUE_SDA1\arduino_due_x_dbg\Debug/core.a(syscalls_sam3.c.o)
                0x00081536                _getpid
 .text.delay    0x0008153c       0x1c C:\Users\moseichuk\AppData\Local\Temp\VMBuilds\DS3231_DUE_SDA1\arduino_due_x_dbg\Debug/core.a(wiring.c.o)
                0x0008153c                delay
 .text.analogOutputInit
                0x00081558        0x2 C:\Users\moseichuk\AppData\Local\Temp\VMBuilds\DS3231_DUE_SDA1\arduino_due_x_dbg\Debug/core.a(wiring_analog.c.o)
                0x00081558                analogOutputInit
 *fill*         0x0008155a        0x2 
 .text.pinMode  0x0008155c      0x108 C:\Users\moseichuk\AppData\Local\Temp\VMBuilds\DS3231_DUE_SDA1\arduino_due_x_dbg\Debug/core.a(wiring_digital.c.o)
                0x0008155c                pinMode
 .text.digitalWrite
                0x00081664       0x70 C:\Users\moseichuk\AppData\Local\Temp\VMBuilds\DS3231_DUE_SDA1\arduino_due_x_dbg\Debug/core.a(wiring_digital.c.o)
                0x00081664                digitalWrite
 .text.digitalRead
                0x000816d4       0x44 C:\Users\moseichuk\AppData\Local\Temp\VMBuilds\DS3231_DUE_SDA1\arduino_due_x_dbg\Debug/core.a(wiring_digital.c.o)
                0x000816d4                digitalRead
 .text.shiftOut
                0x00081718       0x48 C:\Users\moseichuk\AppData\Local\Temp\VMBuilds\DS3231_DUE_SDA1\arduino_due_x_dbg\Debug/core.a(wiring_shift.c.o)
                0x00081718                shiftOut
 .text.initVariant
                0x00081760        0x2 C:\Users\moseichuk\AppData\Local\Temp\VMBuilds\DS3231_DUE_SDA1\arduino_due_x_dbg\Debug/core.a(main.cpp.o)
                0x00081760                initVariant
 *fill*         0x00081762        0x2 
 .text.startup.main
                0x00081764       0x38 C:\Users\moseichuk\AppData\Local\Temp\VMBuilds\DS3231_DUE_SDA1\arduino_due_x_dbg\Debug/core.a(main.cpp.o)
                0x00081764                main
 .text._ZN5Print5writeEPKhj
                0x0008179c       0x22 C:\Users\moseichuk\AppData\Local\Temp\VMBuilds\DS3231_DUE_SDA1\arduino_due_x_dbg\Debug/core.a(Print.cpp.o)
                0x0008179c                Print::write(unsigned char const*, unsigned int)
 .text._ZN5Print5writeEPKc
                0x000817be       0x1e C:\Users\moseichuk\AppData\Local\Temp\VMBuilds\DS3231_DUE_SDA1\arduino_due_x_dbg\Debug/core.a(Print.cpp.o)
                0x000817be                Print::write(char const*)
 .text._ZN5Print7printlnEv
                0x000817dc       0x10 C:\Users\moseichuk\AppData\Local\Temp\VMBuilds\DS3231_DUE_SDA1\arduino_due_x_dbg\Debug/core.a(Print.cpp.o)
                0x000817dc                Print::println()
 .text._ZN5Print7printlnEPKc
                0x000817ec       0x14 C:\Users\moseichuk\AppData\Local\Temp\VMBuilds\DS3231_DUE_SDA1\arduino_due_x_dbg\Debug/core.a(Print.cpp.o)
                0x000817ec                Print::println(char const*)
 .text.initiateReset
                0x00081800        0xc C:\Users\moseichuk\AppData\Local\Temp\VMBuilds\DS3231_DUE_SDA1\arduino_due_x_dbg\Debug/core.a(Reset.cpp.o)
                0x00081800                initiateReset
 .text.cancelReset
                0x0008180c       0x10 C:\Users\moseichuk\AppData\Local\Temp\VMBuilds\DS3231_DUE_SDA1\arduino_due_x_dbg\Debug/core.a(Reset.cpp.o)
                0x0008180c                cancelReset
 .text.tickReset
                0x0008181c       0x20 C:\Users\moseichuk\AppData\Local\Temp\VMBuilds\DS3231_DUE_SDA1\arduino_due_x_dbg\Debug/core.a(Reset.cpp.o)
                0x0008181c                tickReset
 .text._ZN10RingBufferC2Ev
                0x0008183c       0x1a C:\Users\moseichuk\AppData\Local\Temp\VMBuilds\DS3231_DUE_SDA1\arduino_due_x_dbg\Debug/core.a(RingBuffer.cpp.o)
                0x0008183c                RingBuffer::RingBuffer()
                0x0008183c                RingBuffer::RingBuffer()
 .text._ZN10RingBuffer10store_charEh
                0x00081856       0x1e C:\Users\moseichuk\AppData\Local\Temp\VMBuilds\DS3231_DUE_SDA1\arduino_due_x_dbg\Debug/core.a(RingBuffer.cpp.o)
                0x00081856                RingBuffer::store_char(unsigned char)
 .text._ZN9UARTClasscvbEv
                0x00081874        0x4 C:\Users\moseichuk\AppData\Local\Temp\VMBuilds\DS3231_DUE_SDA1\arduino_due_x_dbg\Debug/core.a(UARTClass.cpp.o)
                0x00081874                UARTClass::operator bool()
 .text._ZN9UARTClass9availableEv
                0x00081878       0x12 C:\Users\moseichuk\AppData\Local\Temp\VMBuilds\DS3231_DUE_SDA1\arduino_due_x_dbg\Debug/core.a(UARTClass.cpp.o)
                0x00081878                UARTClass::available()
 .text._ZN9UARTClass4peekEv
                0x0008188a       0x1c C:\Users\moseichuk\AppData\Local\Temp\VMBuilds\DS3231_DUE_SDA1\arduino_due_x_dbg\Debug/core.a(UARTClass.cpp.o)
                0x0008188a                UARTClass::peek()
 .text._ZN9UARTClass4readEv
                0x000818a6       0x2a C:\Users\moseichuk\AppData\Local\Temp\VMBuilds\DS3231_DUE_SDA1\arduino_due_x_dbg\Debug/core.a(UARTClass.cpp.o)
                0x000818a6                UARTClass::read()
 .text._ZN9UARTClass5flushEv
                0x000818d0       0x18 C:\Users\moseichuk\AppData\Local\Temp\VMBuilds\DS3231_DUE_SDA1\arduino_due_x_dbg\Debug/core.a(UARTClass.cpp.o)
                0x000818d0                UARTClass::flush()
 .text._ZN9UARTClass5writeEh
                0x000818e8       0x54 C:\Users\moseichuk\AppData\Local\Temp\VMBuilds\DS3231_DUE_SDA1\arduino_due_x_dbg\Debug/core.a(UARTClass.cpp.o)
                0x000818e8                UARTClass::write(unsigned char)
 .text._ZN9UARTClass3endEv
                0x0008193c       0x3c C:\Users\moseichuk\AppData\Local\Temp\VMBuilds\DS3231_DUE_SDA1\arduino_due_x_dbg\Debug/core.a(UARTClass.cpp.o)
                0x0008193c                UARTClass::end()
 .text._ZN9UARTClassC2EP4Uart4IRQnmP10RingBufferS4_
                0x00081978       0x24 C:\Users\moseichuk\AppData\Local\Temp\VMBuilds\DS3231_DUE_SDA1\arduino_due_x_dbg\Debug/core.a(UARTClass.cpp.o)
                0x00081978                UARTClass::UARTClass(Uart*, IRQn, unsigned long, RingBuffer*, RingBuffer*)
                0x00081978                UARTClass::UARTClass(Uart*, IRQn, unsigned long, RingBuffer*, RingBuffer*)
 .text._ZN9UARTClass4initEmm
                0x0008199c       0x70 C:\Users\moseichuk\AppData\Local\Temp\VMBuilds\DS3231_DUE_SDA1\arduino_due_x_dbg\Debug/core.a(UARTClass.cpp.o)
                0x0008199c                UARTClass::init(unsigned long, unsigned long)
 .text._ZN9UARTClass5beginEm
                0x00081a0c        0x8 C:\Users\moseichuk\AppData\Local\Temp\VMBuilds\DS3231_DUE_SDA1\arduino_due_x_dbg\Debug/core.a(UARTClass.cpp.o)
                0x00081a0c                UARTClass::begin(unsigned long)
 .text._ZN9UARTClass10IrqHandlerEv
                0x00081a14       0x5a C:\Users\moseichuk\AppData\Local\Temp\VMBuilds\DS3231_DUE_SDA1\arduino_due_x_dbg\Debug/core.a(UARTClass.cpp.o)
                0x00081a14                UARTClass::IrqHandler()
 .text._ZN10USARTClass5beginEm
                0x00081a6e        0x8 C:\Users\moseichuk\AppData\Local\Temp\VMBuilds\DS3231_DUE_SDA1\arduino_due_x_dbg\Debug/core.a(USARTClass.cpp.o)
                0x00081a6e                USARTClass::begin(unsigned long)
 *fill*         0x00081a76        0x2 
 .text._ZN10USARTClassC2EP5Usart4IRQnmP10RingBufferS4_
                0x00081a78       0x24 C:\Users\moseichuk\AppData\Local\Temp\VMBuilds\DS3231_DUE_SDA1\arduino_due_x_dbg\Debug/core.a(USARTClass.cpp.o)
                0x00081a78                USARTClass::USARTClass(Usart*, IRQn, unsigned long, RingBuffer*, RingBuffer*)
                0x00081a78                USARTClass::USARTClass(Usart*, IRQn, unsigned long, RingBuffer*, RingBuffer*)
 .text._watchdogDefaultSetup
                0x00081a9c        0xc C:\Users\moseichuk\AppData\Local\Temp\VMBuilds\DS3231_DUE_SDA1\arduino_due_x_dbg\Debug/core.a(watchdog.cpp.o)
                0x00081a9c                _watchdogDefaultSetup
                0x00081a9c                watchdogSetup()
 .text.unlikely._ZL11USB_SendZlpv
                0x00081aa8       0x20 C:\Users\moseichuk\AppData\Local\Temp\VMBuilds\DS3231_DUE_SDA1\arduino_due_x_dbg\Debug/core.a(USBCore.cpp.o)
 .text._Z14USBD_Availablem
                0x00081ac8       0x2c C:\Users\moseichuk\AppData\Local\Temp\VMBuilds\DS3231_DUE_SDA1\arduino_due_x_dbg\Debug/core.a(USBCore.cpp.o)
                0x00081ac8                USBD_Available(unsigned long)
 .text._Z9USBD_RecvmPvm
                0x00081af4       0x7c C:\Users\moseichuk\AppData\Local\Temp\VMBuilds\DS3231_DUE_SDA1\arduino_due_x_dbg\Debug/core.a(USBCore.cpp.o)
                0x00081af4                USBD_Recv(unsigned long, void*, unsigned long)
 .text._Z9USBD_Recvm
                0x00081b70       0x22 C:\Users\moseichuk\AppData\Local\Temp\VMBuilds\DS3231_DUE_SDA1\arduino_due_x_dbg\Debug/core.a(USBCore.cpp.o)
                0x00081b70                USBD_Recv(unsigned long)
 *fill*         0x00081b92        0x2 
 .text._Z9USBD_SendmPKvm
                0x00081b94       0x4c C:\Users\moseichuk\AppData\Local\Temp\VMBuilds\DS3231_DUE_SDA1\arduino_due_x_dbg\Debug/core.a(USBCore.cpp.o)
                0x00081b94                USBD_Send(unsigned long, void const*, unsigned long)
 .text._Z16USBD_SendControlhPKvm
                0x00081be0       0x40 C:\Users\moseichuk\AppData\Local\Temp\VMBuilds\DS3231_DUE_SDA1\arduino_due_x_dbg\Debug/core.a(USBCore.cpp.o)
                0x00081be0                USBD_SendControl(unsigned char, void const*, unsigned long)
 .text.unlikely._ZL24USB_SendStringDescriptorPKhi
                0x00081c20       0x64 C:\Users\moseichuk\AppData\Local\Temp\VMBuilds\DS3231_DUE_SDA1\arduino_due_x_dbg\Debug/core.a(USBCore.cpp.o)
 .text._Z16USBD_RecvControlPvm
                0x00081c84       0x1c C:\Users\moseichuk\AppData\Local\Temp\VMBuilds\DS3231_DUE_SDA1\arduino_due_x_dbg\Debug/core.a(USBCore.cpp.o)
                0x00081c84                USBD_RecvControl(void*, unsigned long)
 .text._Z26USBD_ClassInterfaceRequestR8USBSetup
                0x00081ca0       0x1e C:\Users\moseichuk\AppData\Local\Temp\VMBuilds\DS3231_DUE_SDA1\arduino_due_x_dbg\Debug/core.a(USBCore.cpp.o)
                0x00081ca0                USBD_ClassInterfaceRequest(USBSetup&)
 .text._Z19USBD_SendInterfacesv
                0x00081cbe       0x22 C:\Users\moseichuk\AppData\Local\Temp\VMBuilds\DS3231_DUE_SDA1\arduino_due_x_dbg\Debug/core.a(USBCore.cpp.o)
                0x00081cbe                USBD_SendInterfaces()
 .text._Z24USBD_SendOtherInterfacesv
                0x00081ce0       0x22 C:\Users\moseichuk\AppData\Local\Temp\VMBuilds\DS3231_DUE_SDA1\arduino_due_x_dbg\Debug/core.a(USBCore.cpp.o)
                0x00081ce0                USBD_SendOtherInterfaces()
 .text._Z10USBD_Flushm
                0x00081d02       0x16 C:\Users\moseichuk\AppData\Local\Temp\VMBuilds\DS3231_DUE_SDA1\arduino_due_x_dbg\Debug/core.a(USBCore.cpp.o)
                0x00081d02                USBD_Flush(unsigned long)
 .text._ZN10USBDevice_C2Ev
                0x00081d18       0x24 C:\Users\moseichuk\AppData\Local\Temp\VMBuilds\DS3231_DUE_SDA1\arduino_due_x_dbg\Debug/core.a(USBCore.cpp.o)
                0x00081d18                USBDevice_::USBDevice_()
                0x00081d18                USBDevice_::USBDevice_()
 .text._ZN10USBDevice_6attachEv
                0x00081d3c       0x20 C:\Users\moseichuk\AppData\Local\Temp\VMBuilds\DS3231_DUE_SDA1\arduino_due_x_dbg\Debug/core.a(USBCore.cpp.o)
                0x00081d3c                USBDevice_::attach()
 .text.startup._GLOBAL__sub_I_EndPoints
                0x00081d5c        0xc C:\Users\moseichuk\AppData\Local\Temp\VMBuilds\DS3231_DUE_SDA1\arduino_due_x_dbg\Debug/core.a(USBCore.cpp.o)
 .text._ZL7USB_ISRv
                0x00081d68      0x454 C:\Users\moseichuk\AppData\Local\Temp\VMBuilds\DS3231_DUE_SDA1\arduino_due_x_dbg\Debug/core.a(USBCore.cpp.o)
 .text._ZN7Serial_9availableEv
                0x000821bc       0x18 C:\Users\moseichuk\AppData\Local\Temp\VMBuilds\DS3231_DUE_SDA1\arduino_due_x_dbg\Debug/core.a(CDC.cpp.o)
                0x000821bc                Serial_::available()
 .text._ZN7Serial_17availableForWriteEv
                0x000821d4        0x6 C:\Users\moseichuk\AppData\Local\Temp\VMBuilds\DS3231_DUE_SDA1\arduino_due_x_dbg\Debug/core.a(CDC.cpp.o)
                0x000821d4                Serial_::availableForWrite()
 *fill*         0x000821da        0x2 
 .text._ZN7Serial_4peekEv
                0x000821dc       0x20 C:\Users\moseichuk\AppData\Local\Temp\VMBuilds\DS3231_DUE_SDA1\arduino_due_x_dbg\Debug/core.a(CDC.cpp.o)
                0x000821dc                Serial_::peek()
 .text._ZN7Serial_5writeEh
                0x000821fc       0x16 C:\Users\moseichuk\AppData\Local\Temp\VMBuilds\DS3231_DUE_SDA1\arduino_due_x_dbg\Debug/core.a(CDC.cpp.o)
                0x000821fc                Serial_::write(unsigned char)
 *fill*         0x00082212        0x2 
 .text._ZN7Serial_4readEv
                0x00082214       0x44 C:\Users\moseichuk\AppData\Local\Temp\VMBuilds\DS3231_DUE_SDA1\arduino_due_x_dbg\Debug/core.a(CDC.cpp.o)
                0x00082214                Serial_::read()
 .text._ZN7Serial_5flushEv
                0x00082258        0x6 C:\Users\moseichuk\AppData\Local\Temp\VMBuilds\DS3231_DUE_SDA1\arduino_due_x_dbg\Debug/core.a(CDC.cpp.o)
                0x00082258                Serial_::flush()
 *fill*         0x0008225e        0x2 
 .text._ZN7Serial_6acceptEv
                0x00082260       0x70 C:\Users\moseichuk\AppData\Local\Temp\VMBuilds\DS3231_DUE_SDA1\arduino_due_x_dbg\Debug/core.a(CDC.cpp.o)
                0x00082260                Serial_::accept()
 .text._ZN7Serial_5writeEPKhj
                0x000822d0       0x2c C:\Users\moseichuk\AppData\Local\Temp\VMBuilds\DS3231_DUE_SDA1\arduino_due_x_dbg\Debug/core.a(CDC.cpp.o)
                0x000822d0                Serial_::write(unsigned char const*, unsigned int)
 .text._Z16CDC_GetInterfacePh
                0x000822fc       0x14 C:\Users\moseichuk\AppData\Local\Temp\VMBuilds\DS3231_DUE_SDA1\arduino_due_x_dbg\Debug/core.a(CDC.cpp.o)
                0x000822fc                CDC_GetInterface(unsigned char*)
 .text._Z21CDC_GetOtherInterfacePh
                0x00082310       0x14 C:\Users\moseichuk\AppData\Local\Temp\VMBuilds\DS3231_DUE_SDA1\arduino_due_x_dbg\Debug/core.a(CDC.cpp.o)
                0x00082310                CDC_GetOtherInterface(unsigned char*)
 .text._Z9CDC_SetupR8USBSetup
                0x00082324       0x78 C:\Users\moseichuk\AppData\Local\Temp\VMBuilds\DS3231_DUE_SDA1\arduino_due_x_dbg\Debug/core.a(CDC.cpp.o)
                0x00082324                CDC_Setup(USBSetup&)
 .text.startup._GLOBAL__sub_I_cdc_rx_buffer
                0x0008239c       0x1c C:\Users\moseichuk\AppData\Local\Temp\VMBuilds\DS3231_DUE_SDA1\arduino_due_x_dbg\Debug/core.a(CDC.cpp.o)
 .text._ZN13PluggableUSB_12getInterfaceEPh
                0x000823b8       0x28 C:\Users\moseichuk\AppData\Local\Temp\VMBuilds\DS3231_DUE_SDA1\arduino_due_x_dbg\Debug/core.a(PluggableUSB.cpp.o)
                0x000823b8                PluggableUSB_::getInterface(unsigned char*)
 .text._ZN13PluggableUSB_13getDescriptorER8USBSetup
                0x000823e0       0x1c C:\Users\moseichuk\AppData\Local\Temp\VMBuilds\DS3231_DUE_SDA1\arduino_due_x_dbg\Debug/core.a(PluggableUSB.cpp.o)
                0x000823e0                PluggableUSB_::getDescriptor(USBSetup&)
 .text._ZN13PluggableUSB_12getShortNameEPc
                0x000823fc       0x1c C:\Users\moseichuk\AppData\Local\Temp\VMBuilds\DS3231_DUE_SDA1\arduino_due_x_dbg\Debug/core.a(PluggableUSB.cpp.o)
                0x000823fc                PluggableUSB_::getShortName(char*)
 .text._ZN13PluggableUSB_5setupER8USBSetup
                0x00082418       0x20 C:\Users\moseichuk\AppData\Local\Temp\VMBuilds\DS3231_DUE_SDA1\arduino_due_x_dbg\Debug/core.a(PluggableUSB.cpp.o)
                0x00082418                PluggableUSB_::setup(USBSetup&)
 .text._Z12PluggableUSBv
                0x00082438       0x28 C:\Users\moseichuk\AppData\Local\Temp\VMBuilds\DS3231_DUE_SDA1\arduino_due_x_dbg\Debug/core.a(PluggableUSB.cpp.o)
                0x00082438                PluggableUSB()
 .text.TimeTick_Increment
                0x00082460       0x10 C:\Users\moseichuk\AppData\Local\arduino15\packages\arduino\hardware\sam\1.6.11\variants\arduino_due_x/libsam_sam3x8e_gcc_rel.a(timetick.o)
                0x00082460                TimeTick_Increment
 .text.GetTickCount
                0x00082470        0xc C:\Users\moseichuk\AppData\Local\arduino15\packages\arduino\hardware\sam\1.6.11\variants\arduino_due_x/libsam_sam3x8e_gcc_rel.a(timetick.o)
                0x00082470                GetTickCount
 .text.WDT_Disable
                0x0008247c        0x8 C:\Users\moseichuk\AppData\Local\arduino15\packages\arduino\hardware\sam\1.6.11\variants\arduino_due_x/libsam_sam3x8e_gcc_rel.a(wdt.o)
                0x0008247c                WDT_Disable
 .text.UDD_SetStack
                0x00082484        0xc C:\Users\moseichuk\AppData\Local\arduino15\packages\arduino\hardware\sam\1.6.11\variants\arduino_due_x/libsam_sam3x8e_gcc_rel.a(uotghs_device.o)
                0x00082484                UDD_SetStack
 .text.UDD_Init
                0x00082490       0xd0 C:\Users\moseichuk\AppData\Local\arduino15\packages\arduino\hardware\sam\1.6.11\variants\arduino_due_x/libsam_sam3x8e_gcc_rel.a(uotghs_device.o)
                0x00082490                UDD_Init
 .text.UDD_Attach
                0x00082560       0x50 C:\Users\moseichuk\AppData\Local\arduino15\packages\arduino\hardware\sam\1.6.11\variants\arduino_due_x/libsam_sam3x8e_gcc_rel.a(uotghs_device.o)
                0x00082560                UDD_Attach
 .text.UDD_InitEP
                0x000825b0       0x2c C:\Users\moseichuk\AppData\Local\arduino15\packages\arduino\hardware\sam\1.6.11\variants\arduino_due_x/libsam_sam3x8e_gcc_rel.a(uotghs_device.o)
                0x000825b0                UDD_InitEP
 .text.UDD_InitEndpoints
                0x000825dc       0x3c C:\Users\moseichuk\AppData\Local\arduino15\packages\arduino\hardware\sam\1.6.11\variants\arduino_due_x/libsam_sam3x8e_gcc_rel.a(uotghs_device.o)
                0x000825dc                UDD_InitEndpoints
 .text.UDD_WaitIN
                0x00082618       0x10 C:\Users\moseichuk\AppData\Local\arduino15\packages\arduino\hardware\sam\1.6.11\variants\arduino_due_x/libsam_sam3x8e_gcc_rel.a(uotghs_device.o)
                0x00082618                UDD_WaitIN
 .text.UDD_WaitOUT
                0x00082628       0x10 C:\Users\moseichuk\AppData\Local\arduino15\packages\arduino\hardware\sam\1.6.11\variants\arduino_due_x/libsam_sam3x8e_gcc_rel.a(uotghs_device.o)
                0x00082628                UDD_WaitOUT
 .text.UDD_ClearIN
                0x00082638       0x18 C:\Users\moseichuk\AppData\Local\arduino15\packages\arduino\hardware\sam\1.6.11\variants\arduino_due_x/libsam_sam3x8e_gcc_rel.a(uotghs_device.o)
                0x00082638                UDD_ClearIN
 .text.UDD_ClearOUT
                0x00082650       0x18 C:\Users\moseichuk\AppData\Local\arduino15\packages\arduino\hardware\sam\1.6.11\variants\arduino_due_x/libsam_sam3x8e_gcc_rel.a(uotghs_device.o)
                0x00082650                UDD_ClearOUT
 .text.UDD_ReceivedSetupInt
                0x00082668       0x10 C:\Users\moseichuk\AppData\Local\arduino15\packages\arduino\hardware\sam\1.6.11\variants\arduino_due_x/libsam_sam3x8e_gcc_rel.a(uotghs_device.o)
                0x00082668                UDD_ReceivedSetupInt
 .text.UDD_ClearSetupInt
                0x00082678       0x10 C:\Users\moseichuk\AppData\Local\arduino15\packages\arduino\hardware\sam\1.6.11\variants\arduino_due_x/libsam_sam3x8e_gcc_rel.a(uotghs_device.o)
                0x00082678                UDD_ClearSetupInt
 .text.UDD_Send
                0x00082688       0x88 C:\Users\moseichuk\AppData\Local\arduino15\packages\arduino\hardware\sam\1.6.11\variants\arduino_due_x/libsam_sam3x8e_gcc_rel.a(uotghs_device.o)
                0x00082688                UDD_Send
 .text.UDD_Send8
                0x00082710       0x24 C:\Users\moseichuk\AppData\Local\arduino15\packages\arduino\hardware\sam\1.6.11\variants\arduino_due_x/libsam_sam3x8e_gcc_rel.a(uotghs_device.o)
                0x00082710                UDD_Send8
 .text.UDD_Recv8
                0x00082734       0x28 C:\Users\moseichuk\AppData\Local\arduino15\packages\arduino\hardware\sam\1.6.11\variants\arduino_due_x/libsam_sam3x8e_gcc_rel.a(uotghs_device.o)
                0x00082734                UDD_Recv8
 .text.UDD_Recv
                0x0008275c       0x34 C:\Users\moseichuk\AppData\Local\arduino15\packages\arduino\hardware\sam\1.6.11\variants\arduino_due_x/libsam_sam3x8e_gcc_rel.a(uotghs_device.o)
                0x0008275c                UDD_Recv
 .text.UDD_Stall
                0x00082790       0x14 C:\Users\moseichuk\AppData\Local\arduino15\packages\arduino\hardware\sam\1.6.11\variants\arduino_due_x/libsam_sam3x8e_gcc_rel.a(uotghs_device.o)
                0x00082790                UDD_Stall
 .text.UDD_FifoByteCount
                0x000827a4       0x14 C:\Users\moseichuk\AppData\Local\arduino15\packages\arduino\hardware\sam\1.6.11\variants\arduino_due_x/libsam_sam3x8e_gcc_rel.a(uotghs_device.o)
                0x000827a4                UDD_FifoByteCount
 .text.UDD_ReleaseRX
                0x000827b8       0x28 C:\Users\moseichuk\AppData\Local\arduino15\packages\arduino\hardware\sam\1.6.11\variants\arduino_due_x/libsam_sam3x8e_gcc_rel.a(uotghs_device.o)
                0x000827b8                UDD_ReleaseRX
 .text.UDD_ReleaseTX
                0x000827e0       0x28 C:\Users\moseichuk\AppData\Local\arduino15\packages\arduino\hardware\sam\1.6.11\variants\arduino_due_x/libsam_sam3x8e_gcc_rel.a(uotghs_device.o)
                0x000827e0                UDD_ReleaseTX
 .text.UDD_SetAddress
                0x00082808       0x20 C:\Users\moseichuk\AppData\Local\arduino15\packages\arduino\hardware\sam\1.6.11\variants\arduino_due_x/libsam_sam3x8e_gcc_rel.a(uotghs_device.o)
                0x00082808                UDD_SetAddress
 .text.__fpclassifyd
                0x00082828       0x50 c:/users/moseichuk/appdata/local/arduino15/packages/arduino/tools/arm-none-eabi-gcc/4.8.3-2014q1/bin/../lib/gcc/arm-none-eabi/4.8.3/../../../../arm-none-eabi/lib/armv7-m\libm.a(lib_a-s_fpclassify.o)
                0x00082828                __fpclassifyd
 .text          0x00082878      0x370 c:/users/moseichuk/appdata/local/arduino15/packages/arduino/tools/arm-none-eabi-gcc/4.8.3-2014q1/bin/../lib/gcc/arm-none-eabi/4.8.3/armv7-m\libgcc.a(_arm_addsubdf3.o)
                0x00082878                __aeabi_drsub
                0x00082880                __aeabi_dsub
                0x00082880                __subdf3
                0x00082884                __aeabi_dadd
                0x00082884                __adddf3
                0x00082afc                __floatunsidf
                0x00082afc                __aeabi_ui2d
                0x00082b1c                __floatsidf
                0x00082b1c                __aeabi_i2d
                0x00082b40                __aeabi_f2d
                0x00082b40                __extendsfdf2
                0x00082b7c                __floatundidf
                0x00082b7c                __aeabi_ul2d
                0x00082b8c                __floatdidf
                0x00082b8c                __aeabi_l2d
 .text          0x00082be8      0x424 c:/users/moseichuk/appdata/local/arduino15/packages/arduino/tools/arm-none-eabi-gcc/4.8.3-2014q1/bin/../lib/gcc/arm-none-eabi/4.8.3/armv7-m\libgcc.a(_arm_muldivdf3.o)
                0x00082be8                __aeabi_dmul
                0x00082be8                __muldf3
                0x00082e3c                __divdf3
                0x00082e3c                __aeabi_ddiv
 .text          0x0008300c      0x110 c:/users/moseichuk/appdata/local/arduino15/packages/arduino/tools/arm-none-eabi-gcc/4.8.3-2014q1/bin/../lib/gcc/arm-none-eabi/4.8.3/armv7-m\libgcc.a(_arm_cmpdf2.o)
                0x0008300c                __gtdf2
                0x0008300c                __gedf2
                0x00083014                __ltdf2
                0x00083014                __ledf2
                0x0008301c                __nedf2
                0x0008301c                __eqdf2
                0x0008301c                __cmpdf2
                0x00083098                __aeabi_cdrcmple
                0x000830a8                __aeabi_cdcmpeq
                0x000830a8                __aeabi_cdcmple
                0x000830b8                __aeabi_dcmpeq
                0x000830cc                __aeabi_dcmplt
                0x000830e0                __aeabi_dcmple
                0x000830f4                __aeabi_dcmpge
                0x00083108                __aeabi_dcmpgt
 .text          0x0008311c       0x50 c:/users/moseichuk/appdata/local/arduino15/packages/arduino/tools/arm-none-eabi-gcc/4.8.3-2014q1/bin/../lib/gcc/arm-none-eabi/4.8.3/armv7-m\libgcc.a(_arm_fixdfsi.o)
                0x0008311c                __aeabi_d2iz
                0x0008311c                __fixdfsi
 .text.__assert_func
                0x0008316c       0x3c c:/users/moseichuk/appdata/local/arduino15/packages/arduino/tools/arm-none-eabi-gcc/4.8.3-2014q1/bin/../lib/gcc/arm-none-eabi/4.8.3/../../../../arm-none-eabi/lib/armv7-m\libg.a(lib_a-assert.o)
                0x0008316c                __assert_func
 .text.fiprintf
                0x000831a8       0x28 c:/users/moseichuk/appdata/local/arduino15/packages/arduino/tools/arm-none-eabi-gcc/4.8.3-2014q1/bin/../lib/gcc/arm-none-eabi/4.8.3/../../../../arm-none-eabi/lib/armv7-m\libg.a(lib_a-fiprintf.o)
                0x000831a8                fiprintf
 .text.__libc_init_array
                0x000831d0       0x50 c:/users/moseichuk/appdata/local/arduino15/packages/arduino/tools/arm-none-eabi-gcc/4.8.3-2014q1/bin/../lib/gcc/arm-none-eabi/4.8.3/../../../../arm-none-eabi/lib/armv7-m\libg.a(lib_a-init.o)
                0x000831d0                __libc_init_array
 .text.iprintf  0x00083220       0x28 c:/users/moseichuk/appdata/local/arduino15/packages/arduino/tools/arm-none-eabi-gcc/4.8.3-2014q1/bin/../lib/gcc/arm-none-eabi/4.8.3/../../../../arm-none-eabi/lib/armv7-m\libg.a(lib_a-iprintf.o)
                0x00083220                iprintf
 .text.memset   0x00083248       0x94 c:/users/moseichuk/appdata/local/arduino15/packages/arduino/tools/arm-none-eabi-gcc/4.8.3-2014q1/bin/../lib/gcc/arm-none-eabi/4.8.3/../../../../arm-none-eabi/lib/armv7-m\libg.a(lib_a-memset.o)
                0x00083248                memset
 .text.sprintf  0x000832dc       0x4c c:/users/moseichuk/appdata/local/arduino15/packages/arduino/tools/arm-none-eabi-gcc/4.8.3-2014q1/bin/../lib/gcc/arm-none-eabi/4.8.3/../../../../arm-none-eabi/lib/armv7-m\libg.a(lib_a-sprintf.o)
                0x000832dc                sprintf
 .text.strcat   0x00083328       0x4c c:/users/moseichuk/appdata/local/arduino15/packages/arduino/tools/arm-none-eabi-gcc/4.8.3-2014q1/bin/../lib/gcc/arm-none-eabi/4.8.3/../../../../arm-none-eabi/lib/armv7-m\libg.a(lib_a-strcat.o)
                0x00083328                strcat
 .text.strcpy   0x00083374       0xbc c:/users/moseichuk/appdata/local/arduino15/packages/arduino/tools/arm-none-eabi-gcc/4.8.3-2014q1/bin/../lib/gcc/arm-none-eabi/4.8.3/../../../../arm-none-eabi/lib/armv7-m\libg.a(lib_a-strcpy.o)
                0x00083374                strcpy
 .text.strlen   0x00083430       0x60 c:/users/moseichuk/appdata/local/arduino15/packages/arduino/tools/arm-none-eabi-gcc/4.8.3-2014q1/bin/../lib/gcc/arm-none-eabi/4.8.3/../../../../arm-none-eabi/lib/armv7-m\libg.a(lib_a-strlen.o)
                0x00083430                strlen
 .text.strncat  0x00083490       0x64 c:/users/moseichuk/appdata/local/arduino15/packages/arduino/tools/arm-none-eabi-gcc/4.8.3-2014q1/bin/../lib/gcc/arm-none-eabi/4.8.3/../../../../arm-none-eabi/lib/armv7-m\libg.a(lib_a-strncat.o)
                0x00083490                strncat
 .text._svfprintf_r
                0x000834f4     0x14e0 c:/users/moseichuk/appdata/local/arduino15/packages/arduino/tools/arm-none-eabi-gcc/4.8.3-2014q1/bin/../lib/gcc/arm-none-eabi/4.8.3/../../../../arm-none-eabi/lib/armv7-m\libg.a(lib_a-svfprintf.o)
                0x000834f4                _svfprintf_r
 .text.kill     0x000849d4       0x10 c:/users/moseichuk/appdata/local/arduino15/packages/arduino/tools/arm-none-eabi-gcc/4.8.3-2014q1/bin/../lib/gcc/arm-none-eabi/4.8.3/../../../../arm-none-eabi/lib/armv7-m\libg.a(lib_a-syskill.o)
                0x000849d4                kill
 .text.__sprint_r.part.0
                0x000849e4       0x78 c:/users/moseichuk/appdata/local/arduino15/packages/arduino/tools/arm-none-eabi-gcc/4.8.3-2014q1/bin/../lib/gcc/arm-none-eabi/4.8.3/../../../../arm-none-eabi/lib/armv7-m\libg.a(lib_a-vfiprintf.o)
 .text._vfiprintf_r
                0x00084a5c      0xc54 c:/users/moseichuk/appdata/local/arduino15/packages/arduino/tools/arm-none-eabi-gcc/4.8.3-2014q1/bin/../lib/gcc/arm-none-eabi/4.8.3/../../../../arm-none-eabi/lib/armv7-m\libg.a(lib_a-vfiprintf.o)
                0x00084a5c                _vfiprintf_r
 .text.__sbprintf
                0x000856b0       0x7c c:/users/moseichuk/appdata/local/arduino15/packages/arduino/tools/arm-none-eabi-gcc/4.8.3-2014q1/bin/../lib/gcc/arm-none-eabi/4.8.3/../../../../arm-none-eabi/lib/armv7-m\libg.a(lib_a-vfiprintf.o)
 .text.__swsetup_r
                0x0008572c       0xc4 c:/users/moseichuk/appdata/local/arduino15/packages/arduino/tools/arm-none-eabi-gcc/4.8.3-2014q1/bin/../lib/gcc/arm-none-eabi/4.8.3/../../../../arm-none-eabi/lib/armv7-m\libg.a(lib_a-wsetup.o)
                0x0008572c                __swsetup_r
 .text.startup.register_fini
                0x000857f0       0x14 c:/users/moseichuk/appdata/local/arduino15/packages/arduino/tools/arm-none-eabi-gcc/4.8.3-2014q1/bin/../lib/gcc/arm-none-eabi/4.8.3/../../../../arm-none-eabi/lib/armv7-m\libg.a(lib_a-__call_atexit.o)
 .text.abort    0x00085804       0x10 c:/users/moseichuk/appdata/local/arduino15/packages/arduino/tools/arm-none-eabi-gcc/4.8.3-2014q1/bin/../lib/gcc/arm-none-eabi/4.8.3/../../../../arm-none-eabi/lib/armv7-m\libg.a(lib_a-abort.o)
                0x00085804                abort
 .text.atexit   0x00085814        0xc c:/users/moseichuk/appdata/local/arduino15/packages/arduino/tools/arm-none-eabi-gcc/4.8.3-2014q1/bin/../lib/gcc/arm-none-eabi/4.8.3/../../../../arm-none-eabi/lib/armv7-m\libg.a(lib_a-atexit.o)
                0x00085814                atexit
 .text.quorem   0x00085820      0x134 c:/users/moseichuk/appdata/local/arduino15/packages/arduino/tools/arm-none-eabi-gcc/4.8.3-2014q1/bin/../lib/gcc/arm-none-eabi/4.8.3/../../../../arm-none-eabi/lib/armv7-m\libg.a(lib_a-dtoa.o)
 *fill*         0x00085954        0x4 
 .text._dtoa_r  0x00085958      0xe38 c:/users/moseichuk/appdata/local/arduino15/packages/arduino/tools/arm-none-eabi-gcc/4.8.3-2014q1/bin/../lib/gcc/arm-none-eabi/4.8.3/../../../../arm-none-eabi/lib/armv7-m\libg.a(lib_a-dtoa.o)
                0x00085958                _dtoa_r
 .text.__sflush_r
                0x00086790      0x148 c:/users/moseichuk/appdata/local/arduino15/packages/arduino/tools/arm-none-eabi-gcc/4.8.3-2014q1/bin/../lib/gcc/arm-none-eabi/4.8.3/../../../../arm-none-eabi/lib/armv7-m\libg.a(lib_a-fflush.o)
                0x00086790                __sflush_r
 .text._fflush_r
                0x000868d8       0x2c c:/users/moseichuk/appdata/local/arduino15/packages/arduino/tools/arm-none-eabi-gcc/4.8.3-2014q1/bin/../lib/gcc/arm-none-eabi/4.8.3/../../../../arm-none-eabi/lib/armv7-m\libg.a(lib_a-fflush.o)
                0x000868d8                _fflush_r
 .text._cleanup_r
                0x00086904        0xc c:/users/moseichuk/appdata/local/arduino15/packages/arduino/tools/arm-none-eabi-gcc/4.8.3-2014q1/bin/../lib/gcc/arm-none-eabi/4.8.3/../../../../arm-none-eabi/lib/armv7-m\libg.a(lib_a-findfp.o)
                0x00086904                _cleanup_r
 .text.__sinit  0x00086910       0xf4 c:/users/moseichuk/appdata/local/arduino15/packages/arduino/tools/arm-none-eabi-gcc/4.8.3-2014q1/bin/../lib/gcc/arm-none-eabi/4.8.3/../../../../arm-none-eabi/lib/armv7-m\libg.a(lib_a-findfp.o)
                0x00086910                __sinit
 .text.__sfp_lock_acquire
                0x00086a04        0x4 c:/users/moseichuk/appdata/local/arduino15/packages/arduino/tools/arm-none-eabi-gcc/4.8.3-2014q1/bin/../lib/gcc/arm-none-eabi/4.8.3/../../../../arm-none-eabi/lib/armv7-m\libg.a(lib_a-findfp.o)
                0x00086a04                __sfp_lock_acquire
 .text.__sfp_lock_release
                0x00086a08        0x4 c:/users/moseichuk/appdata/local/arduino15/packages/arduino/tools/arm-none-eabi-gcc/4.8.3-2014q1/bin/../lib/gcc/arm-none-eabi/4.8.3/../../../../arm-none-eabi/lib/armv7-m\libg.a(lib_a-findfp.o)
                0x00086a08                __sfp_lock_release
 .text.__libc_fini_array
                0x00086a0c       0x30 c:/users/moseichuk/appdata/local/arduino15/packages/arduino/tools/arm-none-eabi-gcc/4.8.3-2014q1/bin/../lib/gcc/arm-none-eabi/4.8.3/../../../../arm-none-eabi/lib/armv7-m\libg.a(lib_a-fini.o)
                0x00086a0c                __libc_fini_array
 .text._fputwc_r
                0x00086a3c       0xc0 c:/users/moseichuk/appdata/local/arduino15/packages/arduino/tools/arm-none-eabi-gcc/4.8.3-2014q1/bin/../lib/gcc/arm-none-eabi/4.8.3/../../../../arm-none-eabi/lib/armv7-m\libg.a(lib_a-fputwc.o)
                0x00086a3c                _fputwc_r
 .text._malloc_trim_r
                0x00086afc       0x9c c:/users/moseichuk/appdata/local/arduino15/packages/arduino/tools/arm-none-eabi-gcc/4.8.3-2014q1/bin/../lib/gcc/arm-none-eabi/4.8.3/../../../../arm-none-eabi/lib/armv7-m\libg.a(lib_a-freer.o)
                0x00086afc                _malloc_trim_r
 .text._free_r  0x00086b98      0x198 c:/users/moseichuk/appdata/local/arduino15/packages/arduino/tools/arm-none-eabi-gcc/4.8.3-2014q1/bin/../lib/gcc/arm-none-eabi/4.8.3/../../../../arm-none-eabi/lib/armv7-m\libg.a(lib_a-freer.o)
                0x00086b98                _free_r
 .text.__sfvwrite_r
                0x00086d30      0x314 c:/users/moseichuk/appdata/local/arduino15/packages/arduino/tools/arm-none-eabi-gcc/4.8.3-2014q1/bin/../lib/gcc/arm-none-eabi/4.8.3/../../../../arm-none-eabi/lib/armv7-m\libg.a(lib_a-fvwrite.o)
                0x00086d30                __sfvwrite_r
 .text._fwalk   0x00087044       0x48 c:/users/moseichuk/appdata/local/arduino15/packages/arduino/tools/arm-none-eabi-gcc/4.8.3-2014q1/bin/../lib/gcc/arm-none-eabi/4.8.3/../../../../arm-none-eabi/lib/armv7-m\libg.a(lib_a-fwalk.o)
                0x00087044                _fwalk
 .text.__locale_charset
                0x0008708c        0x8 c:/users/moseichuk/appdata/local/arduino15/packages/arduino/tools/arm-none-eabi-gcc/4.8.3-2014q1/bin/../lib/gcc/arm-none-eabi/4.8.3/../../../../arm-none-eabi/lib/armv7-m\libg.a(lib_a-locale.o)
                0x0008708c                __locale_charset
 .text.__locale_mb_cur_max
                0x00087094        0xc c:/users/moseichuk/appdata/local/arduino15/packages/arduino/tools/arm-none-eabi-gcc/4.8.3-2014q1/bin/../lib/gcc/arm-none-eabi/4.8.3/../../../../arm-none-eabi/lib/armv7-m\libg.a(lib_a-locale.o)
                0x00087094                __locale_mb_cur_max
 .text._localeconv_r
                0x000870a0        0x8 c:/users/moseichuk/appdata/local/arduino15/packages/arduino/tools/arm-none-eabi-gcc/4.8.3-2014q1/bin/../lib/gcc/arm-none-eabi/4.8.3/../../../../arm-none-eabi/lib/armv7-m\libg.a(lib_a-locale.o)
                0x000870a0                _localeconv_r
 .text.__smakebuf_r
                0x000870a8       0xe0 c:/users/moseichuk/appdata/local/arduino15/packages/arduino/tools/arm-none-eabi-gcc/4.8.3-2014q1/bin/../lib/gcc/arm-none-eabi/4.8.3/../../../../arm-none-eabi/lib/armv7-m\libg.a(lib_a-makebuf.o)
                0x000870a8                __smakebuf_r
 .text._malloc_r
                0x00087188      0x538 c:/users/moseichuk/appdata/local/arduino15/packages/arduino/tools/arm-none-eabi-gcc/4.8.3-2014q1/bin/../lib/gcc/arm-none-eabi/4.8.3/../../../../arm-none-eabi/lib/armv7-m\libg.a(lib_a-mallocr.o)
                0x00087188                _malloc_r
 .text.memchr   0x000876c0       0x94 c:/users/moseichuk/appdata/local/arduino15/packages/arduino/tools/arm-none-eabi-gcc/4.8.3-2014q1/bin/../lib/gcc/arm-none-eabi/4.8.3/../../../../arm-none-eabi/lib/armv7-m\libg.a(lib_a-memchr-stub.o)
                0x000876c0                memchr
 .text          0x00087754       0xec c:/users/moseichuk/appdata/local/arduino15/packages/arduino/tools/arm-none-eabi-gcc/4.8.3-2014q1/bin/../lib/gcc/arm-none-eabi/4.8.3/../../../../arm-none-eabi/lib/armv7-m\libg.a(lib_a-memcpy.o)
                0x00087754                memcpy
 .text.memmove  0x00087840       0xcc c:/users/moseichuk/appdata/local/arduino15/packages/arduino/tools/arm-none-eabi-gcc/4.8.3-2014q1/bin/../lib/gcc/arm-none-eabi/4.8.3/../../../../arm-none-eabi/lib/armv7-m\libg.a(lib_a-memmove.o)
                0x00087840                memmove
 .text.__malloc_lock
                0x0008790c        0x4 c:/users/moseichuk/appdata/local/arduino15/packages/arduino/tools/arm-none-eabi-gcc/4.8.3-2014q1/bin/../lib/gcc/arm-none-eabi/4.8.3/../../../../arm-none-eabi/lib/armv7-m\libg.a(lib_a-mlock.o)
                0x0008790c                __malloc_lock
 .text.__malloc_unlock
                0x00087910        0x4 c:/users/moseichuk/appdata/local/arduino15/packages/arduino/tools/arm-none-eabi-gcc/4.8.3-2014q1/bin/../lib/gcc/arm-none-eabi/4.8.3/../../../../arm-none-eabi/lib/armv7-m\libg.a(lib_a-mlock.o)
                0x00087910                __malloc_unlock
 .text._Balloc  0x00087914       0x4c c:/users/moseichuk/appdata/local/arduino15/packages/arduino/tools/arm-none-eabi-gcc/4.8.3-2014q1/bin/../lib/gcc/arm-none-eabi/4.8.3/../../../../arm-none-eabi/lib/armv7-m\libg.a(lib_a-mprec.o)
                0x00087914                _Balloc
 .text._Bfree   0x00087960       0x14 c:/users/moseichuk/appdata/local/arduino15/packages/arduino/tools/arm-none-eabi-gcc/4.8.3-2014q1/bin/../lib/gcc/arm-none-eabi/4.8.3/../../../../arm-none-eabi/lib/armv7-m\libg.a(lib_a-mprec.o)
                0x00087960                _Bfree
 .text.__multadd
                0x00087974       0x94 c:/users/moseichuk/appdata/local/arduino15/packages/arduino/tools/arm-none-eabi-gcc/4.8.3-2014q1/bin/../lib/gcc/arm-none-eabi/4.8.3/../../../../arm-none-eabi/lib/armv7-m\libg.a(lib_a-mprec.o)
                0x00087974                __multadd
 .text.__hi0bits
                0x00087a08       0x40 c:/users/moseichuk/appdata/local/arduino15/packages/arduino/tools/arm-none-eabi-gcc/4.8.3-2014q1/bin/../lib/gcc/arm-none-eabi/4.8.3/../../../../arm-none-eabi/lib/armv7-m\libg.a(lib_a-mprec.o)
                0x00087a08                __hi0bits
 .text.__lo0bits
                0x00087a48       0x5c c:/users/moseichuk/appdata/local/arduino15/packages/arduino/tools/arm-none-eabi-gcc/4.8.3-2014q1/bin/../lib/gcc/arm-none-eabi/4.8.3/../../../../arm-none-eabi/lib/armv7-m\libg.a(lib_a-mprec.o)
                0x00087a48                __lo0bits
 .text.__i2b    0x00087aa4       0x14 c:/users/moseichuk/appdata/local/arduino15/packages/arduino/tools/arm-none-eabi-gcc/4.8.3-2014q1/bin/../lib/gcc/arm-none-eabi/4.8.3/../../../../arm-none-eabi/lib/armv7-m\libg.a(lib_a-mprec.o)
                0x00087aa4                __i2b
 .text.__multiply
                0x00087ab8      0x13c c:/users/moseichuk/appdata/local/arduino15/packages/arduino/tools/arm-none-eabi-gcc/4.8.3-2014q1/bin/../lib/gcc/arm-none-eabi/4.8.3/../../../../arm-none-eabi/lib/armv7-m\libg.a(lib_a-mprec.o)
                0x00087ab8                __multiply
 .text.__pow5mult
                0x00087bf4       0x9c c:/users/moseichuk/appdata/local/arduino15/packages/arduino/tools/arm-none-eabi-gcc/4.8.3-2014q1/bin/../lib/gcc/arm-none-eabi/4.8.3/../../../../arm-none-eabi/lib/armv7-m\libg.a(lib_a-mprec.o)
                0x00087bf4                __pow5mult
 .text.__lshift
                0x00087c90       0xbc c:/users/moseichuk/appdata/local/arduino15/packages/arduino/tools/arm-none-eabi-gcc/4.8.3-2014q1/bin/../lib/gcc/arm-none-eabi/4.8.3/../../../../arm-none-eabi/lib/armv7-m\libg.a(lib_a-mprec.o)
                0x00087c90                __lshift
 .text.__mcmp   0x00087d4c       0x48 c:/users/moseichuk/appdata/local/arduino15/packages/arduino/tools/arm-none-eabi-gcc/4.8.3-2014q1/bin/../lib/gcc/arm-none-eabi/4.8.3/../../../../arm-none-eabi/lib/armv7-m\libg.a(lib_a-mprec.o)
                0x00087d4c                __mcmp
 .text.__mdiff  0x00087d94       0xd8 c:/users/moseichuk/appdata/local/arduino15/packages/arduino/tools/arm-none-eabi-gcc/4.8.3-2014q1/bin/../lib/gcc/arm-none-eabi/4.8.3/../../../../arm-none-eabi/lib/armv7-m\libg.a(lib_a-mprec.o)
                0x00087d94                __mdiff
 .text.__d2b    0x00087e6c       0xbc c:/users/moseichuk/appdata/local/arduino15/packages/arduino/tools/arm-none-eabi-gcc/4.8.3-2014q1/bin/../lib/gcc/arm-none-eabi/4.8.3/../../../../arm-none-eabi/lib/armv7-m\libg.a(lib_a-mprec.o)
                0x00087e6c                __d2b
 .text._realloc_r
                0x00087f28      0x3c0 c:/users/moseichuk/appdata/local/arduino15/packages/arduino/tools/arm-none-eabi-gcc/4.8.3-2014q1/bin/../lib/gcc/arm-none-eabi/4.8.3/../../../../arm-none-eabi/lib/armv7-m\libg.a(lib_a-reallocr.o)
                0x00087f28                _realloc_r
 .text._sbrk_r  0x000882e8       0x24 c:/users/moseichuk/appdata/local/arduino15/packages/arduino/tools/arm-none-eabi-gcc/4.8.3-2014q1/bin/../lib/gcc/arm-none-eabi/4.8.3/../../../../arm-none-eabi/lib/armv7-m\libg.a(lib_a-sbrkr.o)
                0x000882e8                _sbrk_r
 .text._raise_r
                0x0008830c       0x58 c:/users/moseichuk/appdata/local/arduino15/packages/arduino/tools/arm-none-eabi-gcc/4.8.3-2014q1/bin/../lib/gcc/arm-none-eabi/4.8.3/../../../../arm-none-eabi/lib/armv7-m\libg.a(lib_a-signal.o)
                0x0008830c                _raise_r
 .text.raise    0x00088364       0x10 c:/users/moseichuk/appdata/local/arduino15/packages/arduino/tools/arm-none-eabi-gcc/4.8.3-2014q1/bin/../lib/gcc/arm-none-eabi/4.8.3/../../../../arm-none-eabi/lib/armv7-m\libg.a(lib_a-signal.o)
                0x00088364                raise
 .text._kill_r  0x00088374       0x28 c:/users/moseichuk/appdata/local/arduino15/packages/arduino/tools/arm-none-eabi-gcc/4.8.3-2014q1/bin/../lib/gcc/arm-none-eabi/4.8.3/../../../../arm-none-eabi/lib/armv7-m\libg.a(lib_a-signalr.o)
                0x00088374                _kill_r
 .text._getpid_r
                0x0008839c        0x4 c:/users/moseichuk/appdata/local/arduino15/packages/arduino/tools/arm-none-eabi-gcc/4.8.3-2014q1/bin/../lib/gcc/arm-none-eabi/4.8.3/../../../../arm-none-eabi/lib/armv7-m\libg.a(lib_a-signalr.o)
                0x0008839c                _getpid_r
 .text.__sread  0x000883a0       0x24 c:/users/moseichuk/appdata/local/arduino15/packages/arduino/tools/arm-none-eabi-gcc/4.8.3-2014q1/bin/../lib/gcc/arm-none-eabi/4.8.3/../../../../arm-none-eabi/lib/armv7-m\libg.a(lib_a-stdio.o)
                0x000883a0                __sread
 .text.__swrite
                0x000883c4       0x38 c:/users/moseichuk/appdata/local/arduino15/packages/arduino/tools/arm-none-eabi-gcc/4.8.3-2014q1/bin/../lib/gcc/arm-none-eabi/4.8.3/../../../../arm-none-eabi/lib/armv7-m\libg.a(lib_a-stdio.o)
                0x000883c4                __swrite
 .text.__sseek  0x000883fc       0x20 c:/users/moseichuk/appdata/local/arduino15/packages/arduino/tools/arm-none-eabi-gcc/4.8.3-2014q1/bin/../lib/gcc/arm-none-eabi/4.8.3/../../../../arm-none-eabi/lib/armv7-m\libg.a(lib_a-stdio.o)
                0x000883fc                __sseek
 .text.__sclose
                0x0008841c        0x8 c:/users/moseichuk/appdata/local/arduino15/packages/arduino/tools/arm-none-eabi-gcc/4.8.3-2014q1/bin/../lib/gcc/arm-none-eabi/4.8.3/../../../../arm-none-eabi/lib/armv7-m\libg.a(lib_a-stdio.o)
                0x0008841c                __sclose
 .text.__ssprint_r
                0x00088424      0x100 c:/users/moseichuk/appdata/local/arduino15/packages/arduino/tools/arm-none-eabi-gcc/4.8.3-2014q1/bin/../lib/gcc/arm-none-eabi/4.8.3/../../../../arm-none-eabi/lib/armv7-m\libg.a(lib_a-svfiprintf.o)
                0x00088424                __ssprint_r
 .text.__swbuf_r
                0x00088524       0xa8 c:/users/moseichuk/appdata/local/arduino15/packages/arduino/tools/arm-none-eabi-gcc/4.8.3-2014q1/bin/../lib/gcc/arm-none-eabi/4.8.3/../../../../arm-none-eabi/lib/armv7-m\libg.a(lib_a-wbuf.o)
                0x00088524                __swbuf_r
 .text._wcrtomb_r
                0x000885cc       0x50 c:/users/moseichuk/appdata/local/arduino15/packages/arduino/tools/arm-none-eabi-gcc/4.8.3-2014q1/bin/../lib/gcc/arm-none-eabi/4.8.3/../../../../arm-none-eabi/lib/armv7-m\libg.a(lib_a-wcrtomb.o)
                0x000885cc                _wcrtomb_r
 .text.__ascii_wctomb
                0x0008861c       0x1c c:/users/moseichuk/appdata/local/arduino15/packages/arduino/tools/arm-none-eabi-gcc/4.8.3-2014q1/bin/../lib/gcc/arm-none-eabi/4.8.3/../../../../arm-none-eabi/lib/armv7-m\libg.a(lib_a-wctomb_r.o)
                0x0008861c                __ascii_wctomb
 .text._write_r
                0x00088638       0x28 c:/users/moseichuk/appdata/local/arduino15/packages/arduino/tools/arm-none-eabi-gcc/4.8.3-2014q1/bin/../lib/gcc/arm-none-eabi/4.8.3/../../../../arm-none-eabi/lib/armv7-m\libg.a(lib_a-writer.o)
                0x00088638                _write_r
 .text.__register_exitproc
                0x00088660       0xa8 c:/users/moseichuk/appdata/local/arduino15/packages/arduino/tools/arm-none-eabi-gcc/4.8.3-2014q1/bin/../lib/gcc/arm-none-eabi/4.8.3/../../../../arm-none-eabi/lib/armv7-m\libg.a(lib_a-__atexit.o)
                0x00088660                __register_exitproc
 .text._calloc_r
                0x00088708       0x60 c:/users/moseichuk/appdata/local/arduino15/packages/arduino/tools/arm-none-eabi-gcc/4.8.3-2014q1/bin/../lib/gcc/arm-none-eabi/4.8.3/../../../../arm-none-eabi/lib/armv7-m\libg.a(lib_a-callocr.o)
                0x00088708                _calloc_r
 .text._close_r
                0x00088768       0x24 c:/users/moseichuk/appdata/local/arduino15/packages/arduino/tools/arm-none-eabi-gcc/4.8.3-2014q1/bin/../lib/gcc/arm-none-eabi/4.8.3/../../../../arm-none-eabi/lib/armv7-m\libg.a(lib_a-closer.o)
                0x00088768                _close_r
 .text._fclose_r
                0x0008878c       0x80 c:/users/moseichuk/appdata/local/arduino15/packages/arduino/tools/arm-none-eabi-gcc/4.8.3-2014q1/bin/../lib/gcc/arm-none-eabi/4.8.3/../../../../arm-none-eabi/lib/armv7-m\libg.a(lib_a-fclose.o)
                0x0008878c                _fclose_r
 .text.fclose   0x0008880c       0x10 c:/users/moseichuk/appdata/local/arduino15/packages/arduino/tools/arm-none-eabi-gcc/4.8.3-2014q1/bin/../lib/gcc/arm-none-eabi/4.8.3/../../../../arm-none-eabi/lib/armv7-m\libg.a(lib_a-fclose.o)
                0x0008880c                fclose
 .text._fstat_r
                0x0008881c       0x28 c:/users/moseichuk/appdata/local/arduino15/packages/arduino/tools/arm-none-eabi-gcc/4.8.3-2014q1/bin/../lib/gcc/arm-none-eabi/4.8.3/../../../../arm-none-eabi/lib/armv7-m\libg.a(lib_a-fstatr.o)
                0x0008881c                _fstat_r
 .text._isatty_r
                0x00088844       0x24 c:/users/moseichuk/appdata/local/arduino15/packages/arduino/tools/arm-none-eabi-gcc/4.8.3-2014q1/bin/../lib/gcc/arm-none-eabi/4.8.3/../../../../arm-none-eabi/lib/armv7-m\libg.a(lib_a-isattyr.o)
                0x00088844                _isatty_r
 .text._lseek_r
                0x00088868       0x28 c:/users/moseichuk/appdata/local/arduino15/packages/arduino/tools/arm-none-eabi-gcc/4.8.3-2014q1/bin/../lib/gcc/arm-none-eabi/4.8.3/../../../../arm-none-eabi/lib/armv7-m\libg.a(lib_a-lseekr.o)
                0x00088868                _lseek_r
 .text._read_r  0x00088890       0x28 c:/users/moseichuk/appdata/local/arduino15/packages/arduino/tools/arm-none-eabi-gcc/4.8.3-2014q1/bin/../lib/gcc/arm-none-eabi/4.8.3/../../../../arm-none-eabi/lib/armv7-m\libg.a(lib_a-readr.o)
                0x00088890                _read_r
 .text          0x000888b8       0x2c c:/users/moseichuk/appdata/local/arduino15/packages/arduino/tools/arm-none-eabi-gcc/4.8.3-2014q1/bin/../lib/gcc/arm-none-eabi/4.8.3/armv7-m\libgcc.a(_aeabi_uldivmod.o)
                0x000888b8                __aeabi_uldivmod
 .text          0x000888e4       0x60 c:/users/moseichuk/appdata/local/arduino15/packages/arduino/tools/arm-none-eabi-gcc/4.8.3-2014q1/bin/../lib/gcc/arm-none-eabi/4.8.3/armv7-m\libgcc.a(bpabi.o)
                0x000888e4                __gnu_ldivmod_helper
                0x00088914                __gnu_uldivmod_helper
 .text          0x00088944        0x4 c:/users/moseichuk/appdata/local/arduino15/packages/arduino/tools/arm-none-eabi-gcc/4.8.3-2014q1/bin/../lib/gcc/arm-none-eabi/4.8.3/armv7-m\libgcc.a(_dvmd_tls.o)
                0x00088944                __aeabi_idiv0
                0x00088944                __aeabi_ldiv0
 .text          0x00088948      0x2a0 c:/users/moseichuk/appdata/local/arduino15/packages/arduino/tools/arm-none-eabi-gcc/4.8.3-2014q1/bin/../lib/gcc/arm-none-eabi/4.8.3/armv7-m\libgcc.a(_divdi3.o)
                0x00088948                __divdi3
 .text          0x00088be8      0x290 c:/users/moseichuk/appdata/local/arduino15/packages/arduino/tools/arm-none-eabi-gcc/4.8.3-2014q1/bin/../lib/gcc/arm-none-eabi/4.8.3/armv7-m\libgcc.a(_udivdi3.o)
                0x00088be8                __udivdi3
 *(.glue_7t)
 .glue_7t       0x00000000        0x0 linker stubs
 *(.glue_7)
 .glue_7        0x00000000        0x0 linker stubs
 *(.rodata .rodata* .gnu.linkonce.r.*)
 .rodata.str1.1
                0x00088e78       0x22 C:\Users\moseichuk\AppData\Local\Temp\VMBuilds\DS3231_DUE_SDA1\arduino_due_x_dbg\Debug\DS3231_DUE_SDA1.cpp.o
 *fill*         0x00088e9a        0x6 
 .rodata._ZTV7TwoWire
                0x00088ea0       0x20 C:\Users\moseichuk\AppData\Local\Temp\VMBuilds\DS3231_DUE_SDA1\arduino_due_x_dbg\Debug\Wire\Wire.cpp.o
                0x00088ea0                vtable for TwoWire
 .rodata.str1.1
                0x00088ec0      0x100 C:\Users\moseichuk\AppData\Local\Temp\VMBuilds\DS3231_DUE_SDA1\arduino_due_x_dbg\Debug\DS3231\DS3231.cpp.o
                                0x103 (size before relaxing)
 .rodata.CSWTCH.67
                0x00088fc0       0x30 C:\Users\moseichuk\AppData\Local\Temp\VMBuilds\DS3231_DUE_SDA1\arduino_due_x_dbg\Debug\DS3231\DS3231.cpp.o
 .rodata._ZL9daysArray
                0x00088ff0        0xc C:\Users\moseichuk\AppData\Local\Temp\VMBuilds\DS3231_DUE_SDA1\arduino_due_x_dbg\Debug\DS3231\DS3231.cpp.o
 .rodata.CSWTCH.65
                0x00088ffc       0x1c C:\Users\moseichuk\AppData\Local\Temp\VMBuilds\DS3231_DUE_SDA1\arduino_due_x_dbg\Debug\DS3231\DS3231.cpp.o
 .rodata.g_APinDescription
                0x00089018      0xa2c C:\Users\moseichuk\AppData\Local\Temp\VMBuilds\DS3231_DUE_SDA1\arduino_due_x_dbg\Debug\variant\variant.cpp.o
                0x00089018                g_APinDescription
 .rodata.__func__.7227
                0x00089a44        0xe C:\Users\moseichuk\AppData\Local\arduino15\packages\arduino\hardware\sam\1.6.11\variants\arduino_due_x/libsam_sam3x8e_gcc_rel.a(twi.o)
 .rodata.str1.1
                0x00089a52       0xb4 C:\Users\moseichuk\AppData\Local\arduino15\packages\arduino\hardware\sam\1.6.11\variants\arduino_due_x/libsam_sam3x8e_gcc_rel.a(twi.o)
 .rodata.__func__.7231
                0x00089b06        0xe C:\Users\moseichuk\AppData\Local\arduino15\packages\arduino\hardware\sam\1.6.11\variants\arduino_due_x/libsam_sam3x8e_gcc_rel.a(twi.o)
 .rodata.__func__.7195
                0x00089b14        0xd C:\Users\moseichuk\AppData\Local\arduino15\packages\arduino\hardware\sam\1.6.11\variants\arduino_due_x/libsam_sam3x8e_gcc_rel.a(twi.o)
 .rodata.__func__.7222
                0x00089b21        0xd C:\Users\moseichuk\AppData\Local\arduino15\packages\arduino\hardware\sam\1.6.11\variants\arduino_due_x/libsam_sam3x8e_gcc_rel.a(twi.o)
 .rodata.__func__.7200
                0x00089b2e        0xe C:\Users\moseichuk\AppData\Local\arduino15\packages\arduino\hardware\sam\1.6.11\variants\arduino_due_x/libsam_sam3x8e_gcc_rel.a(twi.o)
 .rodata        0x00089b3c       0x40 C:\Users\moseichuk\AppData\Local\arduino15\packages\arduino\hardware\sam\1.6.11\variants\arduino_due_x/libsam_sam3x8e_gcc_rel.a(adc.o)
 .rodata.str1.1
                0x00089b7c       0x19 C:\Users\moseichuk\AppData\Local\Temp\VMBuilds\DS3231_DUE_SDA1\arduino_due_x_dbg\Debug/core.a(syscalls_sam3.c.o)
 .rodata.str1.1
                0x00089b95        0xf C:\Users\moseichuk\AppData\Local\Temp\VMBuilds\DS3231_DUE_SDA1\arduino_due_x_dbg\Debug/core.a(Print.cpp.o)
 *fill*         0x00089ba4        0x4 
 .rodata._ZTV9UARTClass
                0x00089ba8       0x30 C:\Users\moseichuk\AppData\Local\Temp\VMBuilds\DS3231_DUE_SDA1\arduino_due_x_dbg\Debug/core.a(UARTClass.cpp.o)
                0x00089ba8                vtable for UARTClass
 .rodata._ZTV10USARTClass
                0x00089bd8       0x30 C:\Users\moseichuk\AppData\Local\Temp\VMBuilds\DS3231_DUE_SDA1\arduino_due_x_dbg\Debug/core.a(USARTClass.cpp.o)
                0x00089bd8                vtable for USARTClass
 .rodata.STRING_PRODUCT
                0x00089c08        0xc C:\Users\moseichuk\AppData\Local\Temp\VMBuilds\DS3231_DUE_SDA1\arduino_due_x_dbg\Debug/core.a(USBCore.cpp.o)
                0x00089c08                STRING_PRODUCT
 .rodata.USB_DeviceDescriptor
                0x00089c14       0x12 C:\Users\moseichuk\AppData\Local\Temp\VMBuilds\DS3231_DUE_SDA1\arduino_due_x_dbg\Debug/core.a(USBCore.cpp.o)
                0x00089c14                USB_DeviceDescriptor
 .rodata.STRING_LANGUAGE
                0x00089c26        0x4 C:\Users\moseichuk\AppData\Local\Temp\VMBuilds\DS3231_DUE_SDA1\arduino_due_x_dbg\Debug/core.a(USBCore.cpp.o)
                0x00089c26                STRING_LANGUAGE
 .rodata._ZL18test_packet_buffer
                0x00089c2a       0x35 C:\Users\moseichuk\AppData\Local\Temp\VMBuilds\DS3231_DUE_SDA1\arduino_due_x_dbg\Debug/core.a(USBCore.cpp.o)
 .rodata.STRING_MANUFACTURER
                0x00089c5f        0xc C:\Users\moseichuk\AppData\Local\Temp\VMBuilds\DS3231_DUE_SDA1\arduino_due_x_dbg\Debug/core.a(USBCore.cpp.o)
                0x00089c5f                STRING_MANUFACTURER
 .rodata.USB_DeviceDescriptorA
                0x00089c6b       0x12 C:\Users\moseichuk\AppData\Local\Temp\VMBuilds\DS3231_DUE_SDA1\arduino_due_x_dbg\Debug/core.a(USBCore.cpp.o)
                0x00089c6b                USB_DeviceDescriptorA
 .rodata._ZL19USB_DeviceQualifier
                0x00089c7d        0x9 C:\Users\moseichuk\AppData\Local\Temp\VMBuilds\DS3231_DUE_SDA1\arduino_due_x_dbg\Debug/core.a(USBCore.cpp.o)
 *fill*         0x00089c86        0x2 
 .rodata._ZTV7Serial_
                0x00089c88       0x28 C:\Users\moseichuk\AppData\Local\Temp\VMBuilds\DS3231_DUE_SDA1\arduino_due_x_dbg\Debug/core.a(CDC.cpp.o)
                0x00089c88                vtable for Serial_
 .rodata._ZL18_cdcOtherInterface
                0x00089cb0       0x42 C:\Users\moseichuk\AppData\Local\Temp\VMBuilds\DS3231_DUE_SDA1\arduino_due_x_dbg\Debug/core.a(CDC.cpp.o)
 .rodata._ZL13_cdcInterface
                0x00089cf2       0x42 C:\Users\moseichuk\AppData\Local\Temp\VMBuilds\DS3231_DUE_SDA1\arduino_due_x_dbg\Debug/core.a(CDC.cpp.o)
 .rodata.str1.4
                0x00089d34       0x3f c:/users/moseichuk/appdata/local/arduino15/packages/arduino/tools/arm-none-eabi-gcc/4.8.3-2014q1/bin/../lib/gcc/arm-none-eabi/4.8.3/../../../../arm-none-eabi/lib/armv7-m\libg.a(lib_a-assert.o)
                                 0x44 (size before relaxing)
 *fill*         0x00089d73        0x1 
 .rodata.str1.4
                0x00089d74        0x2 c:/users/moseichuk/appdata/local/arduino15/packages/arduino/tools/arm-none-eabi-gcc/4.8.3-2014q1/bin/../lib/gcc/arm-none-eabi/4.8.3/../../../../arm-none-eabi/lib/armv7-m\libg.a(lib_a-impure.o)
                                  0x4 (size before relaxing)
 *fill*         0x00089d76        0x2 
 .rodata._global_impure_ptr
                0x00089d78        0x4 c:/users/moseichuk/appdata/local/arduino15/packages/arduino/tools/arm-none-eabi-gcc/4.8.3-2014q1/bin/../lib/gcc/arm-none-eabi/4.8.3/../../../../arm-none-eabi/lib/armv7-m\libg.a(lib_a-impure.o)
                0x00089d78                _global_impure_ptr
 .rodata.zeroes.6760
                0x00089d7c       0x10 c:/users/moseichuk/appdata/local/arduino15/packages/arduino/tools/arm-none-eabi-gcc/4.8.3-2014q1/bin/../lib/gcc/arm-none-eabi/4.8.3/../../../../arm-none-eabi/lib/armv7-m\libg.a(lib_a-svfprintf.o)
 .rodata.str1.4
                0x00089d8c       0x42 c:/users/moseichuk/appdata/local/arduino15/packages/arduino/tools/arm-none-eabi-gcc/4.8.3-2014q1/bin/../lib/gcc/arm-none-eabi/4.8.3/../../../../arm-none-eabi/lib/armv7-m\libg.a(lib_a-svfprintf.o)
                                 0x44 (size before relaxing)
 *fill*         0x00089dce        0x2 
 .rodata.blanks.6759
                0x00089dd0       0x10 c:/users/moseichuk/appdata/local/arduino15/packages/arduino/tools/arm-none-eabi-gcc/4.8.3-2014q1/bin/../lib/gcc/arm-none-eabi/4.8.3/../../../../arm-none-eabi/lib/armv7-m\libg.a(lib_a-svfprintf.o)
 .rodata.blanks.6717
                0x00089de0       0x10 c:/users/moseichuk/appdata/local/arduino15/packages/arduino/tools/arm-none-eabi-gcc/4.8.3-2014q1/bin/../lib/gcc/arm-none-eabi/4.8.3/../../../../arm-none-eabi/lib/armv7-m\libg.a(lib_a-vfiprintf.o)
 .rodata.str1.4
                0x00000000       0x30 c:/users/moseichuk/appdata/local/arduino15/packages/arduino/tools/arm-none-eabi-gcc/4.8.3-2014q1/bin/../lib/gcc/arm-none-eabi/4.8.3/../../../../arm-none-eabi/lib/armv7-m\libg.a(lib_a-vfiprintf.o)
 .rodata.zeroes.6718
                0x00089df0       0x10 c:/users/moseichuk/appdata/local/arduino15/packages/arduino/tools/arm-none-eabi-gcc/4.8.3-2014q1/bin/../lib/gcc/arm-none-eabi/4.8.3/../../../../arm-none-eabi/lib/armv7-m\libg.a(lib_a-vfiprintf.o)
 .rodata.str1.4
                0x00089e00       0x10 c:/users/moseichuk/appdata/local/arduino15/packages/arduino/tools/arm-none-eabi-gcc/4.8.3-2014q1/bin/../lib/gcc/arm-none-eabi/4.8.3/../../../../arm-none-eabi/lib/armv7-m\libg.a(lib_a-dtoa.o)
                                 0x14 (size before relaxing)
 .rodata.str1.4
                0x00089e10        0xc c:/users/moseichuk/appdata/local/arduino15/packages/arduino/tools/arm-none-eabi-gcc/4.8.3-2014q1/bin/../lib/gcc/arm-none-eabi/4.8.3/../../../../arm-none-eabi/lib/armv7-m\libg.a(lib_a-locale.o)
                                 0x14 (size before relaxing)
 *fill*         0x00089e1c        0x4 
 .rodata.__mprec_tens
                0x00089e20       0xc8 c:/users/moseichuk/appdata/local/arduino15/packages/arduino/tools/arm-none-eabi-gcc/4.8.3-2014q1/bin/../lib/gcc/arm-none-eabi/4.8.3/../../../../arm-none-eabi/lib/armv7-m\libg.a(lib_a-mprec.o)
                0x00089e20                __mprec_tens
 .rodata.__mprec_bigtens
                0x00089ee8       0x28 c:/users/moseichuk/appdata/local/arduino15/packages/arduino/tools/arm-none-eabi-gcc/4.8.3-2014q1/bin/../lib/gcc/arm-none-eabi/4.8.3/../../../../arm-none-eabi/lib/armv7-m\libg.a(lib_a-mprec.o)
                0x00089ee8                __mprec_bigtens
 .rodata.p05.5266
                0x00089f10        0xc c:/users/moseichuk/appdata/local/arduino15/packages/arduino/tools/arm-none-eabi-gcc/4.8.3-2014q1/bin/../lib/gcc/arm-none-eabi/4.8.3/../../../../arm-none-eabi/lib/armv7-m\libg.a(lib_a-mprec.o)
 *(.ARM.extab* .gnu.linkonce.armextab.*)
                0x00089f1c                . = ALIGN (0x4)
 *(.init)
 .init          0x00089f1c        0x4 c:/users/moseichuk/appdata/local/arduino15/packages/arduino/tools/arm-none-eabi-gcc/4.8.3-2014q1/bin/../lib/gcc/arm-none-eabi/4.8.3/armv7-m/crti.o
                0x00089f1c                _init
 .init          0x00089f20        0x8 c:/users/moseichuk/appdata/local/arduino15/packages/arduino/tools/arm-none-eabi-gcc/4.8.3-2014q1/bin/../lib/gcc/arm-none-eabi/4.8.3/armv7-m/crtn.o
                0x00089f28                . = ALIGN (0x4)
                0x00089f28                __preinit_array_start = .
 *(.preinit_array)
                0x00089f28                __preinit_array_end = .
                0x00089f28                . = ALIGN (0x4)
                0x00089f28                __init_array_start = .
 *(SORT(.init_array.*))
 .init_array.00000
                0x00089f28        0x4 c:/users/moseichuk/appdata/local/arduino15/packages/arduino/tools/arm-none-eabi-gcc/4.8.3-2014q1/bin/../lib/gcc/arm-none-eabi/4.8.3/../../../../arm-none-eabi/lib/armv7-m\libg.a(lib_a-__call_atexit.o)
 *(.init_array)
 .init_array    0x00089f2c        0x4 c:/users/moseichuk/appdata/local/arduino15/packages/arduino/tools/arm-none-eabi-gcc/4.8.3-2014q1/bin/../lib/gcc/arm-none-eabi/4.8.3/armv7-m/crtbegin.o
 .init_array    0x00089f30        0x4 C:\Users\moseichuk\AppData\Local\Temp\VMBuilds\DS3231_DUE_SDA1\arduino_due_x_dbg\Debug\DS3231_DUE_SDA1.cpp.o
 .init_array    0x00089f34        0x4 C:\Users\moseichuk\AppData\Local\Temp\VMBuilds\DS3231_DUE_SDA1\arduino_due_x_dbg\Debug\Wire\Wire.cpp.o
 .init_array    0x00089f38        0x4 C:\Users\moseichuk\AppData\Local\Temp\VMBuilds\DS3231_DUE_SDA1\arduino_due_x_dbg\Debug\variant\variant.cpp.o
 .init_array    0x00089f3c        0x4 C:\Users\moseichuk\AppData\Local\Temp\VMBuilds\DS3231_DUE_SDA1\arduino_due_x_dbg\Debug/core.a(USBCore.cpp.o)
 .init_array    0x00089f40        0x4 C:\Users\moseichuk\AppData\Local\Temp\VMBuilds\DS3231_DUE_SDA1\arduino_due_x_dbg\Debug/core.a(CDC.cpp.o)
                0x00089f44                __init_array_end = .
                0x00089f44                . = ALIGN (0x4)
 *crtbegin.o(.ctors)
 *(EXCLUDE_FILE(*crtend.o) .ctors)
 *(SORT(.ctors.*))
 *crtend.o(.ctors)
                0x00089f44                . = ALIGN (0x4)
 *(.fini)
 .fini          0x00089f44        0x4 c:/users/moseichuk/appdata/local/arduino15/packages/arduino/tools/arm-none-eabi-gcc/4.8.3-2014q1/bin/../lib/gcc/arm-none-eabi/4.8.3/armv7-m/crti.o
                0x00089f44                _fini
 .fini          0x00089f48        0x8 c:/users/moseichuk/appdata/local/arduino15/packages/arduino/tools/arm-none-eabi-gcc/4.8.3-2014q1/bin/../lib/gcc/arm-none-eabi/4.8.3/armv7-m/crtn.o
                0x00089f50                . = ALIGN (0x4)
                0x00089f50                __fini_array_start = .
 *(.fini_array)
 .fini_array    0x00089f50        0x4 c:/users/moseichuk/appdata/local/arduino15/packages/arduino/tools/arm-none-eabi-gcc/4.8.3-2014q1/bin/../lib/gcc/arm-none-eabi/4.8.3/armv7-m/crtbegin.o
 *(SORT(.fini_array.*))
                0x00089f54                __fini_array_end = .
 *crtbegin.o(.dtors)
 *(EXCLUDE_FILE(*crtend.o) .dtors)
 *(SORT(.dtors.*))
 *crtend.o(.dtors)
                0x00089f54                . = ALIGN (0x4)
                0x00089f54                _efixed = .
                0x00089f54                PROVIDE (__exidx_start, .)

.vfp11_veneer   0x00089f54        0x0
 .vfp11_veneer  0x00000000        0x0 linker stubs

.v4_bx          0x00089f54        0x0
 .v4_bx         0x00000000        0x0 linker stubs

.iplt           0x00089f54        0x0
 .iplt          0x00000000        0x0 c:/users/moseichuk/appdata/local/arduino15/packages/arduino/tools/arm-none-eabi-gcc/4.8.3-2014q1/bin/../lib/gcc/arm-none-eabi/4.8.3/armv7-m/crtbegin.o

.ARM.exidx      0x00089f54        0x8
 *(.ARM.exidx* .gnu.linkonce.armexidx.*)
 .ARM.exidx     0x00089f54        0x8 c:/users/moseichuk/appdata/local/arduino15/packages/arduino/tools/arm-none-eabi-gcc/4.8.3-2014q1/bin/../lib/gcc/arm-none-eabi/4.8.3/armv7-m\libgcc.a(_divdi3.o)
 .ARM.exidx     0x00089f5c        0x0 c:/users/moseichuk/appdata/local/arduino15/packages/arduino/tools/arm-none-eabi-gcc/4.8.3-2014q1/bin/../lib/gcc/arm-none-eabi/4.8.3/armv7-m\libgcc.a(_udivdi3.o)
                                  0x8 (size before relaxing)
                0x00089f5c                PROVIDE (__exidx_end, .)

.eh_frame       0x00089f5c        0x0
 .eh_frame      0x00089f5c        0x0 c:/users/moseichuk/appdata/local/arduino15/packages/arduino/tools/arm-none-eabi-gcc/4.8.3-2014q1/bin/../lib/gcc/arm-none-eabi/4.8.3/armv7-m/crtbegin.o

.rel.dyn        0x00089f5c        0x0
 .rel.iplt      0x00000000        0x0 c:/users/moseichuk/appdata/local/arduino15/packages/arduino/tools/arm-none-eabi-gcc/4.8.3-2014q1/bin/../lib/gcc/arm-none-eabi/4.8.3/armv7-m/crtbegin.o

.jcr            0x00089f5c        0x0
 .jcr           0x00089f5c        0x0 c:/users/moseichuk/appdata/local/arduino15/packages/arduino/tools/arm-none-eabi-gcc/4.8.3-2014q1/bin/../lib/gcc/arm-none-eabi/4.8.3/armv7-m/crtbegin.o

.igot.plt       0x00089f5c        0x0
 .igot.plt      0x00000000        0x0 c:/users/moseichuk/appdata/local/arduino15/packages/arduino/tools/arm-none-eabi-gcc/4.8.3-2014q1/bin/../lib/gcc/arm-none-eabi/4.8.3/armv7-m/crtbegin.o
                0x00089f5c                . = ALIGN (0x4)
                0x00089f5c                _etext = .

.relocate       0x20070000      0x90c load address 0x00089f5c
                0x20070000                . = ALIGN (0x4)
                0x20070000                _srelocate = .
 *(.ramfunc .ramfunc.*)
 .ramfunc       0x20070000       0x2c C:\Users\moseichuk\AppData\Local\Temp\VMBuilds\DS3231_DUE_SDA1\arduino_due_x_dbg\Debug/core.a(Reset.cpp.o)
                0x20070000                banzai
 *(.data .data.*)
 .data.SystemCoreClock