Archive member included because of file (symbol)

C:\Users\moseichuk\AppData\Local\arduino15\packages\arduino\hardware\sam\1.6.11\variants\arduino_due_x/libsam_sam3x8e_gcc_rel.a(pio.o)
                              C:\Users\moseichuk\AppData\Local\Temp\VMBuilds\Sound_transmit_DUE_1\arduino_due_x_dbg\Debug\Wire\Wire.cpp.o (PIO_Configure)
C:\Users\moseichuk\AppData\Local\arduino15\packages\arduino\hardware\sam\1.6.11\variants\arduino_due_x/libsam_sam3x8e_gcc_rel.a(pmc.o)
                              C:\Users\moseichuk\AppData\Local\Temp\VMBuilds\Sound_transmit_DUE_1\arduino_due_x_dbg\Debug\Wire\Wire.cpp.o (pmc_enable_periph_clk)
C:\Users\moseichuk\AppData\Local\arduino15\packages\arduino\hardware\sam\1.6.11\variants\arduino_due_x/libsam_sam3x8e_gcc_rel.a(spi.o)
                              C:\Users\moseichuk\AppData\Local\Temp\VMBuilds\Sound_transmit_DUE_1\arduino_due_x_dbg\Debug\SPI\SPI.cpp.o (SPI_Enable)
C:\Users\moseichuk\AppData\Local\arduino15\packages\arduino\hardware\sam\1.6.11\variants\arduino_due_x/libsam_sam3x8e_gcc_rel.a(tc.o)
                              C:\Users\moseichuk\AppData\Local\Temp\VMBuilds\Sound_transmit_DUE_1\arduino_due_x_dbg\Debug\DueTimer\DueTimer.cpp.o (TC_Configure)
C:\Users\moseichuk\AppData\Local\arduino15\packages\arduino\hardware\sam\1.6.11\variants\arduino_due_x/libsam_sam3x8e_gcc_rel.a(twi.o)
                              C:\Users\moseichuk\AppData\Local\Temp\VMBuilds\Sound_transmit_DUE_1\arduino_due_x_dbg\Debug\Wire\Wire.cpp.o (TWI_SetClock)
C:\Users\moseichuk\AppData\Local\arduino15\packages\arduino\hardware\sam\1.6.11\variants\arduino_due_x/libsam_sam3x8e_gcc_rel.a(system_sam3xa.o)
                              C:\Users\moseichuk\AppData\Local\Temp\VMBuilds\Sound_transmit_DUE_1\arduino_due_x_dbg\Debug\variant\variant.cpp.o (SystemInit)
C:\Users\moseichuk\AppData\Local\arduino15\packages\arduino\hardware\sam\1.6.11\variants\arduino_due_x/libsam_sam3x8e_gcc_rel.a(startup_sam3xa.o)
                              (Reset_Handler)
C:\Users\moseichuk\AppData\Local\arduino15\packages\arduino\hardware\sam\1.6.11\variants\arduino_due_x/libsam_sam3x8e_gcc_rel.a(adc.o)
                              C:\Users\moseichuk\AppData\Local\Temp\VMBuilds\Sound_transmit_DUE_1\arduino_due_x_dbg\Debug\variant\variant.cpp.o (adc_init)
C:\Users\moseichuk\AppData\Local\arduino15\packages\arduino\hardware\sam\1.6.11\variants\arduino_due_x/libsam_sam3x8e_gcc_rel.a(uotghs.o)
                              C:\Users\moseichuk\AppData\Local\arduino15\packages\arduino\hardware\sam\1.6.11\variants\arduino_due_x/libsam_sam3x8e_gcc_rel.a(startup_sam3xa.o) (UOTGHS_Handler)
C:\Users\moseichuk\AppData\Local\Temp\VMBuilds\Sound_transmit_DUE_1\arduino_due_x_dbg\Debug/core.a(cortex_handlers.c.o)
                              C:\Users\moseichuk\AppData\Local\arduino15\packages\arduino\hardware\sam\1.6.11\variants\arduino_due_x/libsam_sam3x8e_gcc_rel.a(startup_sam3xa.o) (NMI_Handler)
C:\Users\moseichuk\AppData\Local\Temp\VMBuilds\Sound_transmit_DUE_1\arduino_due_x_dbg\Debug/core.a(hooks.c.o)
                              C:\Users\moseichuk\AppData\Local\Temp\VMBuilds\Sound_transmit_DUE_1\arduino_due_x_dbg\Debug/core.a(cortex_handlers.c.o) (sysTickHook)
C:\Users\moseichuk\AppData\Local\Temp\VMBuilds\Sound_transmit_DUE_1\arduino_due_x_dbg\Debug/core.a(syscalls_sam3.c.o)
                              (_sbrk)
C:\Users\moseichuk\AppData\Local\Temp\VMBuilds\Sound_transmit_DUE_1\arduino_due_x_dbg\Debug/core.a(WInterrupts.c.o)
                              C:\Users\moseichuk\AppData\Local\Temp\VMBuilds\Sound_transmit_DUE_1\arduino_due_x_dbg\Debug\Sound_transmit_DUE_1.cpp.o (attachInterrupt)
C:\Users\moseichuk\AppData\Local\Temp\VMBuilds\Sound_transmit_DUE_1\arduino_due_x_dbg\Debug/core.a(wiring.c.o)
                              C:\Users\moseichuk\AppData\Local\Temp\VMBuilds\Sound_transmit_DUE_1\arduino_due_x_dbg\Debug\Sound_transmit_DUE_1.cpp.o (millis)
C:\Users\moseichuk\AppData\Local\Temp\VMBuilds\Sound_transmit_DUE_1\arduino_due_x_dbg\Debug/core.a(wiring_analog.c.o)
                              C:\Users\moseichuk\AppData\Local\Temp\VMBuilds\Sound_transmit_DUE_1\arduino_due_x_dbg\Debug\Sound_transmit_DUE_1.cpp.o (analogRead)
C:\Users\moseichuk\AppData\Local\Temp\VMBuilds\Sound_transmit_DUE_1\arduino_due_x_dbg\Debug/core.a(wiring_digital.c.o)
                              C:\Users\moseichuk\AppData\Local\Temp\VMBuilds\Sound_transmit_DUE_1\arduino_due_x_dbg\Debug\Sound_transmit_DUE_1.cpp.o (pinMode)
C:\Users\moseichuk\AppData\Local\Temp\VMBuilds\Sound_transmit_DUE_1\arduino_due_x_dbg\Debug/core.a(abi.cpp.o)
                              C:\Users\moseichuk\AppData\Local\Temp\VMBuilds\Sound_transmit_DUE_1\arduino_due_x_dbg\Debug\Wire\Wire.cpp.o (__cxa_pure_virtual)
C:\Users\moseichuk\AppData\Local\Temp\VMBuilds\Sound_transmit_DUE_1\arduino_due_x_dbg\Debug/core.a(main.cpp.o)
[...]
Memory Configuration

Name             Origin             Length             Attributes
rom              0x00080000         0x00080000         xr
sram0            0x20000000         0x00010000         xrw
sram1            0x20080000         0x00008000         xrw
ram              0x20070000         0x00018000         xrw
*default*        0x00000000         0xffffffff

Linker script and memory map

LOAD c:/users/moseichuk/appdata/local/arduino15/packages/arduino/tools/arm-none-eabi-gcc/4.8.3-2014q1/bin/../lib/gcc/arm-none-eabi/4.8.3/armv7-m/crti.o
LOAD c:/users/moseichuk/appdata/local/arduino15/packages/arduino/tools/arm-none-eabi-gcc/4.8.3-2014q1/bin/../lib/gcc/arm-none-eabi/4.8.3/armv7-m/crtbegin.o
LOAD c:/users/moseichuk/appdata/local/arduino15/packages/arduino/tools/arm-none-eabi-gcc/4.8.3-2014q1/bin/../lib/gcc/arm-none-eabi/4.8.3/../../../../arm-none-eabi/lib/armv7-m/crt0.o
START GROUP
LOAD C:\Users\moseichuk\AppData\Local\Temp\VMBuilds\Sound_transmit_DUE_1\arduino_due_x_dbg\Debug\Sound_transmit_DUE_1.cpp.o
LOAD C:\Users\moseichuk\AppData\Local\Temp\VMBuilds\Sound_transmit_DUE_1\arduino_due_x_dbg\Debug\Wire\Wire.cpp.o
LOAD C:\Users\moseichuk\AppData\Local\Temp\VMBuilds\Sound_transmit_DUE_1\arduino_due_x_dbg\Debug\SPI\SPI.cpp.o
LOAD C:\Users\moseichuk\AppData\Local\Temp\VMBuilds\Sound_transmit_DUE_1\arduino_due_x_dbg\Debug\AH_AD9850\AH_AD8950.cpp.o
LOAD C:\Users\moseichuk\AppData\Local\Temp\VMBuilds\Sound_transmit_DUE_1\arduino_due_x_dbg\Debug\DS3231\DS3231.cpp.o
LOAD C:\Users\moseichuk\AppData\Local\Temp\VMBuilds\Sound_transmit_DUE_1\arduino_due_x_dbg\Debug\DueTimer\DueTimer.cpp.o
LOAD C:\Users\moseichuk\AppData\Local\Temp\VMBuilds\Sound_transmit_DUE_1\arduino_due_x_dbg\Debug\LCD5110_Graph\DefaultFonts.c.o
LOAD C:\Users\moseichuk\AppData\Local\Temp\VMBuilds\Sound_transmit_DUE_1\arduino_due_x_dbg\Debug\LCD5110_Graph\LCD5110_Graph.cpp.o
LOAD C:\Users\moseichuk\AppData\Local\Temp\VMBuilds\Sound_transmit_DUE_1\arduino_due_x_dbg\Debug\RF24\RF24.cpp.o
LOAD C:\Users\moseichuk\AppData\Local\Temp\VMBuilds\Sound_transmit_DUE_1\arduino_due_x_dbg\Debug\variant\variant.cpp.o
LOAD C:\Users\moseichuk\AppData\Local\arduino15\packages\arduino\hardware\sam\1.6.11\variants\arduino_due_x/libsam_sam3x8e_gcc_rel.a
LOAD C:\Users\moseichuk\AppData\Local\Temp\VMBuilds\Sound_transmit_DUE_1\arduino_due_x_dbg\Debug/core.a
END GROUP
LOAD c:/users/moseichuk/appdata/local/arduino15/packages/arduino/tools/arm-none-eabi-gcc/4.8.3-2014q1/bin/../lib/gcc/arm-none-eabi/4.8.3/../../../../arm-none-eabi/lib/armv7-m\libm.a
START GROUP
LOAD c:/users/moseichuk/appdata/local/arduino15/packages/arduino/tools/arm-none-eabi-gcc/4.8.3-2014q1/bin/../lib/gcc/arm-none-eabi/4.8.3/armv7-m\libgcc.a
LOAD c:/users/moseichuk/appdata/local/arduino15/packages/arduino/tools/arm-none-eabi-gcc/4.8.3-2014q1/bin/../lib/gcc/arm-none-eabi/4.8.3/../../../../arm-none-eabi/lib/armv7-m\libg.a
LOAD c:/users/moseichuk/appdata/local/arduino15/packages/arduino/tools/arm-none-eabi-gcc/4.8.3-2014q1/bin/../lib/gcc/arm-none-eabi/4.8.3/../../../../arm-none-eabi/lib/armv7-m\libc.a
END GROUP
LOAD c:/users/moseichuk/appdata/local/arduino15/packages/arduino/tools/arm-none-eabi-gcc/4.8.3-2014q1/bin/../lib/gcc/arm-none-eabi/4.8.3/armv7-m/crtend.o
LOAD c:/users/moseichuk/appdata/local/arduino15/packages/arduino/tools/arm-none-eabi-gcc/4.8.3-2014q1/bin/../lib/gcc/arm-none-eabi/4.8.3/armv7-m/crtn.o

.text           0x00080000     0xdff4
                0x00080000                . = ALIGN (0x4)
                0x00080000                _sfixed = .
 *(.vectors .vectors.*)
 .vectors       0x00080000       0xf4 C:\Users\moseichuk\AppData\Local\arduino15\packages\arduino\hardware\sam\1.6.11\variants\arduino_due_x/libsam_sam3x8e_gcc_rel.a(startup_sam3xa.o)
                0x00080000                exception_table
 *(.text .text.* .gnu.linkonce.t.*)
 .text          0x000800f4       0x54 c:/users/moseichuk/appdata/local/arduino15/packages/arduino/tools/arm-none-eabi-gcc/4.8.3-2014q1/bin/../lib/gcc/arm-none-eabi/4.8.3/armv7-m/crtbegin.o
 .text._Z12firstHandlerv
                0x00080148       0xa0 C:\Users\moseichuk\AppData\Local\Temp\VMBuilds\Sound_transmit_DUE_1\arduino_due_x_dbg\Debug\Sound_transmit_DUE_1.cpp.o
                0x00080148                firstHandler()
 .text._Z13alarmFunctionv
                0x000801e8       0xe0 C:\Users\moseichuk\AppData\Local\Temp\VMBuilds\Sound_transmit_DUE_1\arduino_due_x_dbg\Debug\Sound_transmit_DUE_1.cpp.o
                0x000801e8                alarmFunction()
 .text._ZN7TwoWire5writeEi
                0x000802c8        0xc C:\Users\moseichuk\AppData\Local\Temp\VMBuilds\Sound_transmit_DUE_1\arduino_due_x_dbg\Debug\Sound_transmit_DUE_1.cpp.o
                0x000802c8                TwoWire::write(int)
 .text._Z21i2c_eeprom_write_byteijh
                0x000802d4       0x40 C:\Users\moseichuk\AppData\Local\Temp\VMBuilds\Sound_transmit_DUE_1\arduino_due_x_dbg\Debug\Sound_transmit_DUE_1.cpp.o
                0x000802d4                i2c_eeprom_write_byte(int, unsigned int, unsigned char)
 .text._Z9sound_runjj
                0x00080314       0x40 C:\Users\moseichuk\AppData\Local\Temp\VMBuilds\Sound_transmit_DUE_1\arduino_due_x_dbg\Debug\Sound_transmit_DUE_1.cpp.o
                0x00080314                sound_run(unsigned int, unsigned int)
 *fill*         0x00080354        0x4 
 .text._Z4infov
                0x00080358      0x140 C:\Users\moseichuk\AppData\Local\Temp\VMBuilds\Sound_transmit_DUE_1\arduino_due_x_dbg\Debug\Sound_transmit_DUE_1.cpp.o
                0x00080358                info()
 .text.startup._GLOBAL__sub_I__Z12printf_beginv
                0x00080498       0x44 C:\Users\moseichuk\AppData\Local\Temp\VMBuilds\Sound_transmit_DUE_1\arduino_due_x_dbg\Debug\Sound_transmit_DUE_1.cpp.o
 .text._Z20i2c_eeprom_read_byteij
                0x000804dc       0x48 C:\Users\moseichuk\AppData\Local\Temp\VMBuilds\Sound_transmit_DUE_1\arduino_due_x_dbg\Debug\Sound_transmit_DUE_1.cpp.o
                0x000804dc                i2c_eeprom_read_byte(int, unsigned int)
 .text._Z8resistorii
                0x00080524       0x44 C:\Users\moseichuk\AppData\Local\Temp\VMBuilds\Sound_transmit_DUE_1\arduino_due_x_dbg\Debug\Sound_transmit_DUE_1.cpp.o
                0x00080524                resistor(int, int)
 .text.loop     0x00080568      0x368 C:\Users\moseichuk\AppData\Local\Temp\VMBuilds\Sound_transmit_DUE_1\arduino_due_x_dbg\Debug\Sound_transmit_DUE_1.cpp.o
                0x00080568                loop
 .text._Z14setup_resistorv
                0x000808d0       0x48 C:\Users\moseichuk\AppData\Local\Temp\VMBuilds\Sound_transmit_DUE_1\arduino_due_x_dbg\Debug\Sound_transmit_DUE_1.cpp.o
                0x000808d0                setup_resistor()
 .text.setup    0x00080918      0x338 C:\Users\moseichuk\AppData\Local\Temp\VMBuilds\Sound_transmit_DUE_1\arduino_due_x_dbg\Debug\Sound_transmit_DUE_1.cpp.o
                0x00080918                setup
 .text._ZN7TwoWire5writeEPKhj
                0x00080c50       0x50 C:\Users\moseichuk\AppData\Local\Temp\VMBuilds\Sound_transmit_DUE_1\arduino_due_x_dbg\Debug\Wire\Wire.cpp.o
                0x00080c50                TwoWire::write(unsigned char const*, unsigned int)
 .text._ZN7TwoWire9availableEv
                0x00080ca0        0xc C:\Users\moseichuk\AppData\Local\Temp\VMBuilds\Sound_transmit_DUE_1\arduino_due_x_dbg\Debug\Wire\Wire.cpp.o
                0x00080ca0                TwoWire::available()
 .text._ZN7TwoWire4readEv
                0x00080cac       0x1e C:\Users\moseichuk\AppData\Local\Temp\VMBuilds\Sound_transmit_DUE_1\arduino_due_x_dbg\Debug\Wire\Wire.cpp.o
                0x00080cac                TwoWire::read()
 .text._ZN7TwoWire4peekEv
                0x00080cca       0x16 C:\Users\moseichuk\AppData\Local\Temp\VMBuilds\Sound_transmit_DUE_1\arduino_due_x_dbg\Debug\Wire\Wire.cpp.o
                0x00080cca                TwoWire::peek()
 .text._ZN7TwoWire5flushEv
                0x00080ce0        0x2 C:\Users\moseichuk\AppData\Local\Temp\VMBuilds\Sound_transmit_DUE_1\arduino_due_x_dbg\Debug\Wire\Wire.cpp.o
                0x00080ce0                TwoWire::flush()
 .text._ZN7TwoWire5writeEh
                0x00080ce2       0x3a C:\Users\moseichuk\AppData\Local\Temp\VMBuilds\Sound_transmit_DUE_1\arduino_due_x_dbg\Debug\Wire\Wire.cpp.o
                0x00080ce2                TwoWire::write(unsigned char)
 .text._ZL16TWI_WaitByteSentP3Twim.constprop.3
                0x00080d1c       0x2c C:\Users\moseichuk\AppData\Local\Temp\VMBuilds\Sound_transmit_DUE_1\arduino_due_x_dbg\Debug\Wire\Wire.cpp.o
 .text._ZL24TWI_WaitTransferCompleteP3Twim.constprop.4
                0x00080d48       0x2c C:\Users\moseichuk\AppData\Local\Temp\VMBuilds\Sound_transmit_DUE_1\arduino_due_x_dbg\Debug\Wire\Wire.cpp.o
 .text._ZL9Wire_Initv
                0x00080d74       0x54 C:\Users\moseichuk\AppData\Local\Temp\VMBuilds\Sound_transmit_DUE_1\arduino_due_x_dbg\Debug\Wire\Wire.cpp.o
 .text._ZL12Wire1_Deinitv
                0x00080dc8       0x18 C:\Users\moseichuk\AppData\Local\Temp\VMBuilds\Sound_transmit_DUE_1\arduino_due_x_dbg\Debug\Wire\Wire.cpp.o
 .text._ZL11Wire_Deinitv
                0x00080de0       0x18 C:\Users\moseichuk\AppData\Local\Temp\VMBuilds\Sound_transmit_DUE_1\arduino_due_x_dbg\Debug\Wire\Wire.cpp.o
 .text._ZL10Wire1_Initv
                0x00080df8       0x54 C:\Users\moseichuk\AppData\Local\Temp\VMBuilds\Sound_transmit_DUE_1\arduino_due_x_dbg\Debug\Wire\Wire.cpp.o
 .text._ZN7TwoWireC2EP3TwiPFvvES3_
                0x00080e4c       0x48 C:\Users\moseichuk\AppData\Local\Temp\VMBuilds\Sound_transmit_DUE_1\arduino_due_x_dbg\Debug\Wire\Wire.cpp.o
                0x00080e4c                TwoWire::TwoWire(Twi*, void (*)(), void (*)())
                0x00080e4c                TwoWire::TwoWire(Twi*, void (*)(), void (*)())
 .text._ZN7TwoWire5beginEv
                0x00080e94       0x30 C:\Users\moseichuk\AppData\Local\Temp\VMBuilds\Sound_transmit_DUE_1\arduino_due_x_dbg\Debug\Wire\Wire.cpp.o
                0x00080e94                TwoWire::begin()
 .text._ZN7TwoWire11requestFromEhhmhh
                0x00080ec4       0x78 C:\Users\moseichuk\AppData\Local\Temp\VMBuilds\Sound_transmit_DUE_1\arduino_due_x_dbg\Debug\Wire\Wire.cpp.o
                0x00080ec4                TwoWire::requestFrom(unsigned char, unsigned char, unsigned long, unsigned char, unsigned char)
 .text._ZN7TwoWire11requestFromEhhh
                0x00080f3c       0x12 C:\Users\moseichuk\AppData\Local\Temp\VMBuilds\Sound_transmit_DUE_1\arduino_due_x_dbg\Debug\Wire\Wire.cpp.o
                0x00080f3c                TwoWire::requestFrom(unsigned char, unsigned char, unsigned char)
 .text._ZN7TwoWire11requestFromEii
                0x00080f4e        0xa C:\Users\moseichuk\AppData\Local\Temp\VMBuilds\Sound_transmit_DUE_1\arduino_due_x_dbg\Debug\Wire\Wire.cpp.o
                0x00080f4e                TwoWire::requestFrom(int, int)
 .text._ZN7TwoWire17beginTransmissionEi
                0x00080f58       0x12 C:\Users\moseichuk\AppData\Local\Temp\VMBuilds\Sound_transmit_DUE_1\arduino_due_x_dbg\Debug\Wire\Wire.cpp.o
                0x00080f58                TwoWire::beginTransmission(int)
 .text._ZN7TwoWire15endTransmissionEh
                0x00080f6a       0x82 C:\Users\moseichuk\AppData\Local\Temp\VMBuilds\Sound_transmit_DUE_1\arduino_due_x_dbg\Debug\Wire\Wire.cpp.o
                0x00080f6a                TwoWire::endTransmission(unsigned char)
 .text._ZN7TwoWire15endTransmissionEv
                0x00080fec        0x6 C:\Users\moseichuk\AppData\Local\Temp\VMBuilds\Sound_transmit_DUE_1\arduino_due_x_dbg\Debug\Wire\Wire.cpp.o
                0x00080fec                TwoWire::endTransmission()
 .text._ZN7TwoWire9onServiceEv
                0x00080ff2      0x118 C:\Users\moseichuk\AppData\Local\Temp\VMBuilds\Sound_transmit_DUE_1\arduino_due_x_dbg\Debug\Wire\Wire.cpp.o
                0x00080ff2                TwoWire::onService()
 *fill*         0x0008110a        0x2 
 .text.TWI1_Handler
                0x0008110c        0xc C:\Users\moseichuk\AppData\Local\Temp\VMBuilds\Sound_transmit_DUE_1\arduino_due_x_dbg\Debug\Wire\Wire.cpp.o
                0x0008110c                TWI1_Handler
 .text.TWI0_Handler
                0x00081118        0xc C:\Users\moseichuk\AppData\Local\Temp\VMBuilds\Sound_transmit_DUE_1\arduino_due_x_dbg\Debug\Wire\Wire.cpp.o
                0x00081118                TWI0_Handler
 .text.startup._GLOBAL__sub_I__ZN7TwoWireC2EP3TwiPFvvES3_
                0x00081124       0x40 C:\Users\moseichuk\AppData\Local\Temp\VMBuilds\Sound_transmit_DUE_1\arduino_due_x_dbg\Debug\Wire\Wire.cpp.o
 .text._ZL10SPI_0_Initv
                0x00081164       0x48 C:\Users\moseichuk\AppData\Local\Temp\VMBuilds\Sound_transmit_DUE_1\arduino_due_x_dbg\Debug\SPI\SPI.cpp.o
 .text._ZN8SPIClass4initEv
                0x000811ac       0x36 C:\Users\moseichuk\AppData\Local\Temp\VMBuilds\Sound_transmit_DUE_1\arduino_due_x_dbg\Debug\SPI\SPI.cpp.o
                0x000811ac                SPIClass::init()
 .text._ZN8SPIClass11setBitOrderEh8BitOrder
                0x000811e2       0x1e C:\Users\moseichuk\AppData\Local\Temp\VMBuilds\Sound_transmit_DUE_1\arduino_due_x_dbg\Debug\SPI\SPI.cpp.o
                0x000811e2                SPIClass::setBitOrder(unsigned char, BitOrder)
 .text._ZN8SPIClass11setDataModeEhh
                0x00081200       0x34 C:\Users\moseichuk\AppData\Local\Temp\VMBuilds\Sound_transmit_DUE_1\arduino_due_x_dbg\Debug\SPI\SPI.cpp.o
                0x00081200                SPIClass::setDataMode(unsigned char, unsigned char)
 .text._ZN8SPIClass15setClockDividerEhh
                0x00081234       0x2e C:\Users\moseichuk\AppData\Local\Temp\VMBuilds\Sound_transmit_DUE_1\arduino_due_x_dbg\Debug\SPI\SPI.cpp.o
                0x00081234                SPIClass::setClockDivider(unsigned char, unsigned char)
 .text._ZN8SPIClass5beginEv
                0x00081262       0x22 C:\Users\moseichuk\AppData\Local\Temp\VMBuilds\Sound_transmit_DUE_1\arduino_due_x_dbg\Debug\SPI\SPI.cpp.o
                0x00081262                SPIClass::begin()
 .text._ZN8SPIClass8transferEhh15SPITransferMode
                0x00081284       0x5e C:\Users\moseichuk\AppData\Local\Temp\VMBuilds\Sound_transmit_DUE_1\arduino_due_x_dbg\Debug\SPI\SPI.cpp.o
                0x00081284                SPIClass::transfer(unsigned char, unsigned char, SPITransferMode)
 *fill*         0x000812e2        0x2 
 .text.startup._GLOBAL__sub_I__ZN8SPIClassC2EP3SpimPFvvE
                0x000812e4       0x24 C:\Users\moseichuk\AppData\Local\Temp\VMBuilds\Sound_transmit_DUE_1\arduino_due_x_dbg\Debug\SPI\SPI.cpp.o
 .text._ZN9AH_AD9850C2Eiiii
                0x00081308       0x50 C:\Users\moseichuk\AppData\Local\Temp\VMBuilds\Sound_transmit_DUE_1\arduino_due_x_dbg\Debug\AH_AD9850\AH_AD8950.cpp.o
                0x00081308                AH_AD9850::AH_AD9850(int, int, int, int)
                0x00081308                AH_AD9850::AH_AD9850(int, int, int, int)
 .text._ZN9AH_AD98509clock_CLKEv
                0x00081358       0x18 C:\Users\moseichuk\AppData\Local\Temp\VMBuilds\Sound_transmit_DUE_1\arduino_due_x_dbg\Debug\AH_AD9850\AH_AD8950.cpp.o
                0x00081358                AH_AD9850::clock_CLK()
 .text._ZN9AH_AD98505writeEh
                0x00081370       0x24 C:\Users\moseichuk\AppData\Local\Temp\VMBuilds\Sound_transmit_DUE_1\arduino_due_x_dbg\Debug\AH_AD9850\AH_AD8950.cpp.o
                0x00081370                AH_AD9850::write(unsigned char)
 .text._ZN9AH_AD985010clock_FQUPEv
                0x00081394       0x18 C:\Users\moseichuk\AppData\Local\Temp\VMBuilds\Sound_transmit_DUE_1\arduino_due_x_dbg\Debug\AH_AD9850\AH_AD8950.cpp.o
                0x00081394                AH_AD9850::clock_FQUP()
 .text._ZN9AH_AD98505resetEv
                0x000813ac       0x46 C:\Users\moseichuk\AppData\Local\Temp\VMBuilds\Sound_transmit_DUE_1\arduino_due_x_dbg\Debug\AH_AD9850\AH_AD8950.cpp.o
                0x000813ac                AH_AD9850::reset()
 *fill*         0x000813f2        0x6 
 .text._ZN9AH_AD985013set_frequencyEbhd
                0x000813f8       0x80 C:\Users\moseichuk\AppData\Local\Temp\VMBuilds\Sound_transmit_DUE_1\arduino_due_x_dbg\Debug\AH_AD9850\AH_AD8950.cpp.o
                0x000813f8                AH_AD9850::set_frequency(bool, unsigned char, double)
 .text._ZN9AH_AD98509powerDownEv
                0x00081478       0x3a C:\Users\moseichuk\AppData\Local\Temp\VMBuilds\Sound_transmit_DUE_1\arduino_due_x_dbg\Debug\AH_AD9850\AH_AD8950.cpp.o
                0x00081478                AH_AD9850::powerDown()
 *fill*         0x000814b2        0x2 
 .text._ZN6DS323111strDaySufixEh
                0x000814b4       0x38 C:\Users\moseichuk\AppData\Local\Temp\VMBuilds\Sound_transmit_DUE_1\arduino_due_x_dbg\Debug\DS3231\DS3231.cpp.o
                0x000814b4                DS3231::strDaySufix(unsigned char)
 .text._ZN6DS32316hour12Eh
                0x000814ec       0x14 C:\Users\moseichuk\AppData\Local\Temp\VMBuilds\Sound_transmit_DUE_1\arduino_due_x_dbg\Debug\DS3231\DS3231.cpp.o
                0x000814ec                DS3231::hour12(unsigned char)
 .text._ZN6DS323111daysInMonthEth
                0x00081500       0x1c C:\Users\moseichuk\AppData\Local\Temp\VMBuilds\Sound_transmit_DUE_1\arduino_due_x_dbg\Debug\DS3231\DS3231.cpp.o
                0x00081500                DS3231::daysInMonth(unsigned short, unsigned char)
 .text._ZN6DS32319date2daysEthh
                0x0008151c       0x4c C:\Users\moseichuk\AppData\Local\Temp\VMBuilds\Sound_transmit_DUE_1\arduino_due_x_dbg\Debug\DS3231\DS3231.cpp.o
                0x0008151c                DS3231::date2days(unsigned short, unsigned char, unsigned char)
 .text._ZN6DS32319dayInYearEthh
                0x00081568       0x2a C:\Users\moseichuk\AppData\Local\Temp\VMBuilds\Sound_transmit_DUE_1\arduino_due_x_dbg\Debug\DS3231\DS3231.cpp.o
                0x00081568                DS3231::dayInYear(unsigned short, unsigned char, unsigned char)
 *fill*         0x00081592        0x2 
 .text._ZN6DS323110dateFormatEPKc11RTCDateTime
                0x00081594      0x234 C:\Users\moseichuk\AppData\Local\Temp\VMBuilds\Sound_transmit_DUE_1\arduino_due_x_dbg\Debug\DS3231\DS3231.cpp.o
                0x00081594                DS3231::dateFormat(char const*, RTCDateTime)
 .text._ZN6DS32318unixtimeEv
                0x000817c8       0x30 C:\Users\moseichuk\AppData\Local\Temp\VMBuilds\Sound_transmit_DUE_1\arduino_due_x_dbg\Debug\DS3231\DS3231.cpp.o
                0x000817c8                DS3231::unixtime()
 .text._ZN6DS32313dowEthh
                0x000817f8       0x48 C:\Users\moseichuk\AppData\Local\Temp\VMBuilds\Sound_transmit_DUE_1\arduino_due_x_dbg\Debug\DS3231\DS3231.cpp.o
                0x000817f8                DS3231::dow(unsigned short, unsigned char, unsigned char)
 .text._ZN6DS323111setDateTimeEthhhhh
                0x00081840       0xec C:\Users\moseichuk\AppData\Local\Temp\VMBuilds\Sound_transmit_DUE_1\arduino_due_x_dbg\Debug\DS3231\DS3231.cpp.o
                0x00081840                DS3231::setDateTime(unsigned short, unsigned char, unsigned char, unsigned char, unsigned char, unsigned char)
 .text._ZN6DS323114writeRegister8Ehh
                0x0008192c       0x30 C:\Users\moseichuk\AppData\Local\Temp\VMBuilds\Sound_transmit_DUE_1\arduino_due_x_dbg\Debug\DS3231\DS3231.cpp.o
                0x0008192c                DS3231::writeRegister8(unsigned char, unsigned char)
 .text._ZN6DS323111getDateTimeEv
                0x0008195c       0x9c C:\Users\moseichuk\AppData\Local\Temp\VMBuilds\Sound_transmit_DUE_1\arduino_due_x_dbg\Debug\DS3231\DS3231.cpp.o
                0x0008195c                DS3231::getDateTime()
 .text._ZN6DS323113readRegister8Eh
                0x000819f8       0x44 C:\Users\moseichuk\AppData\Local\Temp\VMBuilds\Sound_transmit_DUE_1\arduino_due_x_dbg\Debug\DS3231\DS3231.cpp.o
                0x000819f8                DS3231::readRegister8(unsigned char)
 .text._ZN6DS323112enableOutputEb
                0x00081a3c       0x26 C:\Users\moseichuk\AppData\Local\Temp\VMBuilds\Sound_transmit_DUE_1\arduino_due_x_dbg\Debug\DS3231\DS3231.cpp.o
                0x00081a3c                DS3231::enableOutput(bool)
 .text._ZN6DS323110setBatteryEbb
                0x00081a62       0x34 C:\Users\moseichuk\AppData\Local\Temp\VMBuilds\Sound_transmit_DUE_1\arduino_due_x_dbg\Debug\DS3231\DS3231.cpp.o
                0x00081a62                DS3231::setBattery(bool, bool)
 *fill*         0x00081a96        0x2 
 .text._ZN6DS32315beginEv
                0x00081a98       0x3c C:\Users\moseichuk\AppData\Local\Temp\VMBuilds\Sound_transmit_DUE_1\arduino_due_x_dbg\Debug\DS3231\DS3231.cpp.o
                0x00081a98                DS3231::begin()
 .text._ZN6DS32318isOutputEv
                0x00081ad4       0x12 C:\Users\moseichuk\AppData\Local\Temp\VMBuilds\Sound_transmit_DUE_1\arduino_due_x_dbg\Debug\DS3231\DS3231.cpp.o
                0x00081ad4                DS3231::isOutput()
 .text._ZN6DS32319setOutputE12DS3231_sqw_t
                0x00081ae6       0x22 C:\Users\moseichuk\AppData\Local\Temp\VMBuilds\Sound_transmit_DUE_1\arduino_due_x_dbg\Debug\DS3231\DS3231.cpp.o
                0x00081ae6                DS3231::setOutput(DS3231_sqw_t)
 .text._ZN6DS32319getOutputEv
                0x00081b08        0xe C:\Users\moseichuk\AppData\Local\Temp\VMBuilds\Sound_transmit_DUE_1\arduino_due_x_dbg\Debug\DS3231\DS3231.cpp.o
                0x00081b08                DS3231::getOutput()
 .text._ZN6DS32319armAlarm1Eb
                0x00081b16       0x26 C:\Users\moseichuk\AppData\Local\Temp\VMBuilds\Sound_transmit_DUE_1\arduino_due_x_dbg\Debug\DS3231\DS3231.cpp.o
                0x00081b16                DS3231::armAlarm1(bool)
 .text._ZN6DS323111clearAlarm1Ev
                0x00081b3c       0x1a C:\Users\moseichuk\AppData\Local\Temp\VMBuilds\Sound_transmit_DUE_1\arduino_due_x_dbg\Debug\DS3231\DS3231.cpp.o
                0x00081b3c                DS3231::clearAlarm1()
 *fill*         0x00081b56        0x2 
 .text._ZN6DS32319setAlarm1Ehhhh15DS3231_alarm1_tb
                0x00081b58      0x114 C:\Users\moseichuk\AppData\Local\Temp\VMBuilds\Sound_transmit_DUE_1\arduino_due_x_dbg\Debug\DS3231\DS3231.cpp.o
                0x00081b58                DS3231::setAlarm1(unsigned char, unsigned char, unsigned char, unsigned char, DS3231_alarm1_t, bool)
 .text._ZN6DS32319armAlarm2Eb
                0x00081c6c       0x26 C:\Users\moseichuk\AppData\Local\Temp\VMBuilds\Sound_transmit_DUE_1\arduino_due_x_dbg\Debug\DS3231\DS3231.cpp.o
                0x00081c6c                DS3231::armAlarm2(bool)
 .text._ZN6DS323111clearAlarm2Ev
                0x00081c92       0x1a C:\Users\moseichuk\AppData\Local\Temp\VMBuilds\Sound_transmit_DUE_1\arduino_due_x_dbg\Debug\DS3231\DS3231.cpp.o
                0x00081c92                DS3231::clearAlarm2()
 .text._ZN8DueTimer15attachInterruptEPFvvE
                0x00081cac       0x10 C:\Users\moseichuk\AppData\Local\Temp\VMBuilds\Sound_transmit_DUE_1\arduino_due_x_dbg\Debug\DueTimer\DueTimer.cpp.o
                0x00081cac                DueTimer::attachInterrupt(void (*)())
 *fill*         0x00081cbc        0x4 
 .text._ZN8DueTimer9bestClockEdRm
                0x00081cc0      0x1a8 C:\Users\moseichuk\AppData\Local\Temp\VMBuilds\Sound_transmit_DUE_1\arduino_due_x_dbg\Debug\DueTimer\DueTimer.cpp.o
                0x00081cc0                DueTimer::bestClock(double, unsigned long&)
 .text._ZN8DueTimer12setFrequencyEd
                0x00081e68      0x120 C:\Users\moseichuk\AppData\Local\Temp\VMBuilds\Sound_transmit_DUE_1\arduino_due_x_dbg\Debug\DueTimer\DueTimer.cpp.o
                0x00081e68                DueTimer::setFrequency(double)
 .text._ZN8DueTimer9setPeriodEm
                0x00081f88       0x30 C:\Users\moseichuk\AppData\Local\Temp\VMBuilds\Sound_transmit_DUE_1\arduino_due_x_dbg\Debug\DueTimer\DueTimer.cpp.o
                0x00081f88                DueTimer::setPeriod(unsigned long)
 .text._ZN8DueTimer5startEl
                0x00081fb8      0x158 C:\Users\moseichuk\AppData\Local\Temp\VMBuilds\Sound_transmit_DUE_1\arduino_due_x_dbg\Debug\DueTimer\DueTimer.cpp.o
                0x00081fb8                DueTimer::start(long)
 .text.TC0_Handler
                0x00082110       0x1c C:\Users\moseichuk\AppData\Local\Temp\VMBuilds\Sound_transmit_DUE_1\arduino_due_x_dbg\Debug\DueTimer\DueTimer.cpp.o
                0x00082110                TC0_Handler
 .text.TC1_Handler
                0x0008212c       0x1c C:\Users\moseichuk\AppData\Local\Temp\VMBuilds\Sound_transmit_DUE_1\arduino_due_x_dbg\Debug\DueTimer\DueTimer.cpp.o
                0x0008212c                TC1_Handler
 .text.TC2_Handler
                0x00082148       0x1c C:\Users\moseichuk\AppData\Local\Temp\VMBuilds\Sound_transmit_DUE_1\arduino_due_x_dbg\Debug\DueTimer\DueTimer.cpp.o
                0x00082148                TC2_Handler
 .text.TC3_Handler
                0x00082164       0x1c C:\Users\moseichuk\AppData\Local\Temp\VMBuilds\Sound_transmit_DUE_1\arduino_due_x_dbg\Debug\DueTimer\DueTimer.cpp.o
                0x00082164                TC3_Handler
 .text.TC4_Handler
                0x00082180       0x1c C:\Users\moseichuk\AppData\Local\Temp\VMBuilds\Sound_transmit_DUE_1\arduino_due_x_dbg\Debug\DueTimer\DueTimer.cpp.o
                0x00082180                TC4_Handler
 .text.TC5_Handler
                0x0008219c       0x1c C:\Users\moseichuk\AppData\Local\Temp\VMBuilds\Sound_transmit_DUE_1\arduino_due_x_dbg\Debug\DueTimer\DueTimer.cpp.o
                0x0008219c                TC5_Handler
 .text.TC6_Handler
                0x000821b8       0x1c C:\Users\moseichuk\AppData\Local\Temp\VMBuilds\Sound_transmit_DUE_1\arduino_due_x_dbg\Debug\DueTimer\DueTimer.cpp.o
                0x000821b8                TC6_Handler
 .text.TC7_Handler
                0x000821d4       0x1c C:\Users\moseichuk\AppData\Local\Temp\VMBuilds\Sound_transmit_DUE_1\arduino_due_x_dbg\Debug\DueTimer\DueTimer.cpp.o
                0x000821d4                TC7_Handler
 .text.TC8_Handler
                0x000821f0       0x1c C:\Users\moseichuk\AppData\Local\Temp\VMBuilds\Sound_transmit_DUE_1\arduino_due_x_dbg\Debug\DueTimer\DueTimer.cpp.o
                0x000821f0                TC8_Handler
 .text.startup._GLOBAL__sub_I__ZN8DueTimer6TimersE
                0x0008220c       0x64 C:\Users\moseichuk\AppData\Local\Temp\VMBuilds\Sound_transmit_DUE_1\arduino_due_x_dbg\Debug\DueTimer\DueTimer.cpp.o
 .text._ZN7LCD511014_convert_floatEPcdih
                0x00082270       0x2c C:\Users\moseichuk\AppData\Local\Temp\VMBuilds\Sound_transmit_DUE_1\arduino_due_x_dbg\Debug\LCD5110_Graph\LCD5110_Graph.cpp.o
                0x00082270                LCD5110::_convert_float(char*, double, int, unsigned char)
 .text._ZN7LCD5110C2Eiiiii
                0x0008229c       0xa0 C:\Users\moseichuk\AppData\Local\Temp\VMBuilds\Sound_transmit_DUE_1\arduino_due_x_dbg\Debug\LCD5110_Graph\LCD5110_Graph.cpp.o
                0x0008229c                LCD5110::LCD5110(int, int, int, int, int)
                0x0008229c                LCD5110::LCD5110(int, int, int, int, int)
 .text._ZN7LCD511010_LCD_WriteEhh
                0x0008233c       0x6c C:\Users\moseichuk\AppData\Local\Temp\VMBuilds\Sound_transmit_DUE_1\arduino_due_x_dbg\Debug\LCD5110_Graph\LCD5110_Graph.cpp.o
                0x0008233c                LCD5110::_LCD_Write(unsigned char, unsigned char)
 .text._ZN7LCD51106updateEv
                0x000823a8       0x36 C:\Users\moseichuk\AppData\Local\Temp\VMBuilds\Sound_transmit_DUE_1\arduino_due_x_dbg\Debug\LCD5110_Graph\LCD5110_Graph.cpp.o
                0x000823a8                LCD5110::update()
 .text._ZN7LCD51106clrScrEv
                0x000823de       0x14 C:\Users\moseichuk\AppData\Local\Temp\VMBuilds\Sound_transmit_DUE_1\arduino_due_x_dbg\Debug\LCD5110_Graph\LCD5110_Graph.cpp.o
                0x000823de                LCD5110::clrScr()
 .text._ZN7LCD51107InitLCDEi
                0x000823f2       0xbe C:\Users\moseichuk\AppData\Local\Temp\VMBuilds\Sound_transmit_DUE_1\arduino_due_x_dbg\Debug\LCD5110_Graph\LCD5110_Graph.cpp.o
                0x000823f2                LCD5110::InitLCD(int)
 .text._ZN7LCD51108setPixelEtt
                0x000824b0       0x2a C:\Users\moseichuk\AppData\Local\Temp\VMBuilds\Sound_transmit_DUE_1\arduino_due_x_dbg\Debug\LCD5110_Graph\LCD5110_Graph.cpp.o
                0x000824b0                LCD5110::setPixel(unsigned short, unsigned short)
 .text._ZN7LCD51108clrPixelEtt
                0x000824da       0x2c C:\Users\moseichuk\AppData\Local\Temp\VMBuilds\Sound_transmit_DUE_1\arduino_due_x_dbg\Debug\LCD5110_Graph\LCD5110_Graph.cpp.o
                0x000824da                LCD5110::clrPixel(unsigned short, unsigned short)
 .text._ZN7LCD511011_print_charEhii
                0x00082506      0x102 C:\Users\moseichuk\AppData\Local\Temp\VMBuilds\Sound_transmit_DUE_1\arduino_due_x_dbg\Debug\LCD5110_Graph\LCD5110_Graph.cpp.o
                0x00082506                LCD5110::_print_char(unsigned char, int, int)
 .text._ZN7LCD51105printEPcii
                0x00082608       0x60 C:\Users\moseichuk\AppData\Local\Temp\VMBuilds\Sound_transmit_DUE_1\arduino_due_x_dbg\Debug\LCD5110_Graph\LCD5110_Graph.cpp.o
                0x00082608                LCD5110::print(char*, int, int)
 .text._ZN7LCD51105printE6Stringii
                0x00082668       0x38 C:\Users\moseichuk\AppData\Local\Temp\VMBuilds\Sound_transmit_DUE_1\arduino_due_x_dbg\Debug\LCD5110_Graph\LCD5110_Graph.cpp.o
                0x00082668                LCD5110::print(String, int, int)
 .text._ZN7LCD51109printNumFEdhiicic
                0x000826a0       0x92 C:\Users\moseichuk\AppData\Local\Temp\VMBuilds\Sound_transmit_DUE_1\arduino_due_x_dbg\Debug\LCD5110_Graph\LCD5110_Graph.cpp.o
                0x000826a0                LCD5110::printNumF(double, unsigned char, int, int, char, int, char)
 .text._ZN7LCD51107setFontEPh
                0x00082732       0x22 C:\Users\moseichuk\AppData\Local\Temp\VMBuilds\Sound_transmit_DUE_1\arduino_due_x_dbg\Debug\LCD5110_Graph\LCD5110_Graph.cpp.o
                0x00082732                LCD5110::setFont(unsigned char*)
 .text._ZN8SPIClass8transferEh15SPITransferMode
                0x00082754       0x12 C:\Users\moseichuk\AppData\Local\Temp\VMBuilds\Sound_transmit_DUE_1\arduino_due_x_dbg\Debug\RF24\RF24.cpp.o
                0x00082754                SPIClass::transfer(unsigned char, SPITransferMode)
 *fill*         0x00082766        0x2 
 .text._ZN4RF243csnEb
                0x00082768       0x40 C:\Users\moseichuk\AppData\Local\Temp\VMBuilds\Sound_transmit_DUE_1\arduino_due_x_dbg\Debug\RF24\RF24.cpp.o
                0x00082768                RF24::csn(bool)
 .text._ZN4RF242ceEb
                0x000827a8       0x10 C:\Users\moseichuk\AppData\Local\Temp\VMBuilds\Sound_transmit_DUE_1\arduino_due_x_dbg\Debug\RF24\RF24.cpp.o
                0x000827a8                RF24::ce(bool)
 .text._ZN4RF2416beginTransactionEv
                0x000827b8        0x6 C:\Users\moseichuk\AppData\Local\Temp\VMBuilds\Sound_transmit_DUE_1\arduino_due_x_dbg\Debug\RF24\RF24.cpp.o
                0x000827b8                RF24::beginTransaction()
 .text._ZN4RF2414endTransactionEv
                0x000827be        0x6 C:\Users\moseichuk\AppData\Local\Temp\VMBuilds\Sound_transmit_DUE_1\arduino_due_x_dbg\Debug\RF24\RF24.cpp.o
                0x000827be                RF24::endTransaction()
 .text._ZN4RF2413read_registerEhPhh
                0x000827c4       0x48 C:\Users\moseichuk\AppData\Local\Temp\VMBuilds\Sound_transmit_DUE_1\arduino_due_x_dbg\Debug\RF24\RF24.cpp.o
                0x000827c4                RF24::read_register(unsigned char, unsigned char*, unsigned char)
 .text._ZN4RF2413read_registerEh
                0x0008280c       0x34 C:\Users\moseichuk\AppData\Local\Temp\VMBuilds\Sound_transmit_DUE_1\arduino_due_x_dbg\Debug\RF24\RF24.cpp.o
                0x0008280c                RF24::read_register(unsigned char)
 .text._ZN4RF2414write_registerEhPKhh
                0x00082840       0x4c C:\Users\moseichuk\AppData\Local\Temp\VMBuilds\Sound_transmit_DUE_1\arduino_due_x_dbg\Debug\RF24\RF24.cpp.o
                0x00082840                RF24::write_register(unsigned char, unsigned char const*, unsigned char)
 .text._ZN4RF2414write_registerEhh
                0x0008288c       0x38 C:\Users\moseichuk\AppData\Local\Temp\VMBuilds\Sound_transmit_DUE_1\arduino_due_x_dbg\Debug\RF24\RF24.cpp.o
                0x0008288c                RF24::write_register(unsigned char, unsigned char)
 .text._ZN4RF2412read_payloadEPvh
                0x000828c4       0x70 C:\Users\moseichuk\AppData\Local\Temp\VMBuilds\Sound_transmit_DUE_1\arduino_due_x_dbg\Debug\RF24\RF24.cpp.o
                0x000828c4                RF24::read_payload(void*, unsigned char)
 .text._ZN4RF248spiTransEh
                0x00082934       0x24 C:\Users\moseichuk\AppData\Local\Temp\VMBuilds\Sound_transmit_DUE_1\arduino_due_x_dbg\Debug\RF24\RF24.cpp.o
                0x00082934                RF24::spiTrans(unsigned char)
 .text._ZN4RF248flush_rxEv
                0x00082958        0x6 C:\Users\moseichuk\AppData\Local\Temp\VMBuilds\Sound_transmit_DUE_1\arduino_due_x_dbg\Debug\RF24\RF24.cpp.o
                0x00082958                RF24::flush_rx()
 .text._ZN4RF248flush_txEv
                0x0008295e        0x6 C:\Users\moseichuk\AppData\Local\Temp\VMBuilds\Sound_transmit_DUE_1\arduino_due_x_dbg\Debug\RF24\RF24.cpp.o
                0x0008295e                RF24::flush_tx()
 .text._ZN4RF2410get_statusEv
                0x00082964        0x6 C:\Users\moseichuk\AppData\Local\Temp\VMBuilds\Sound_transmit_DUE_1\arduino_due_x_dbg\Debug\RF24\RF24.cpp.o
                0x00082964                RF24::get_status()
 *fill*         0x0008296a        0x2 
 .text._ZN4RF2412print_statusEh
                0x0008296c       0x2c C:\Users\moseichuk\AppData\Local\Temp\VMBuilds\Sound_transmit_DUE_1\arduino_due_x_dbg\Debug\RF24\RF24.cpp.o
                0x0008296c                RF24::print_status(unsigned char)
 .text._ZN4RF2419print_byte_registerEPKchh
                0x00082998       0x44 C:\Users\moseichuk\AppData\Local\Temp\VMBuilds\Sound_transmit_DUE_1\arduino_due_x_dbg\Debug\RF24\RF24.cpp.o
                0x00082998                RF24::print_byte_register(char const*, unsigned char, unsigned char)
 .text._ZN4RF2422print_address_registerEPKchh
                0x000829dc       0x84 C:\Users\moseichuk\AppData\Local\Temp\VMBuilds\Sound_transmit_DUE_1\arduino_due_x_dbg\Debug\RF24\RF24.cpp.o
                0x000829dc                RF24::print_address_register(char const*, unsigned char, unsigned char)
 .text._ZN4RF24C2Ett
                0x00082a60       0x18 C:\Users\moseichuk\AppData\Local\Temp\VMBuilds\Sound_transmit_DUE_1\arduino_due_x_dbg\Debug\RF24\RF24.cpp.o
                0x00082a60                RF24::RF24(unsigned short, unsigned short)
                0x00082a60                RF24::RF24(unsigned short, unsigned short)
 .text._ZN4RF2410setChannelEh
                0x00082a78        0xe C:\Users\moseichuk\AppData\Local\Temp\VMBuilds\Sound_transmit_DUE_1\arduino_due_x_dbg\Debug\RF24\RF24.cpp.o
                0x00082a78                RF24::setChannel(unsigned char)
 .text._ZN4RF2414setPayloadSizeEh
                0x00082a86        0xa C:\Users\moseichuk\AppData\Local\Temp\VMBuilds\Sound_transmit_DUE_1\arduino_due_x_dbg\Debug\RF24\RF24.cpp.o
                0x00082a86                RF24::setPayloadSize(unsigned char)
 .text._ZN4RF247powerUpEv
                0x00082a90       0x2c C:\Users\moseichuk\AppData\Local\Temp\VMBuilds\Sound_transmit_DUE_1\arduino_due_x_dbg\Debug\RF24\RF24.cpp.o
                0x00082a90                RF24::powerUp()
 .text._ZN4RF249availableEPh
                0x00082abc       0x28 C:\Users\moseichuk\AppData\Local\Temp\VMBuilds\Sound_transmit_DUE_1\arduino_due_x_dbg\Debug\RF24\RF24.cpp.o
                0x00082abc                RF24::available(unsigned char*)
 .text._ZN4RF244readEPvh
                0x00082ae4       0x16 C:\Users\moseichuk\AppData\Local\Temp\VMBuilds\Sound_transmit_DUE_1\arduino_due_x_dbg\Debug\RF24\RF24.cpp.o
                0x00082ae4                RF24::read(void*, unsigned char)
 .text._ZN4RF2415openWritingPipeEy
                0x00082afa       0x2e C:\Users\moseichuk\AppData\Local\Temp\VMBuilds\Sound_transmit_DUE_1\arduino_due_x_dbg\Debug\RF24\RF24.cpp.o
                0x00082afa                RF24::openWritingPipe(unsigned long long)
 .text._ZN4RF2415openReadingPipeEhy
                0x00082b28       0x70 C:\Users\moseichuk\AppData\Local\Temp\VMBuilds\Sound_transmit_DUE_1\arduino_due_x_dbg\Debug\RF24\RF24.cpp.o
                0x00082b28                RF24::openReadingPipe(unsigned char, unsigned long long)
 .text._ZN4RF2416closeReadingPipeEh
                0x00082b98       0x2c C:\Users\moseichuk\AppData\Local\Temp\VMBuilds\Sound_transmit_DUE_1\arduino_due_x_dbg\Debug\RF24\RF24.cpp.o
                0x00082b98                RF24::closeReadingPipe(unsigned char)
 .text._ZN4RF2414startListeningEv
                0x00082bc4       0x60 C:\Users\moseichuk\AppData\Local\Temp\VMBuilds\Sound_transmit_DUE_1\arduino_due_x_dbg\Debug\RF24\RF24.cpp.o
                0x00082bc4                RF24::startListening()
 .text._ZN4RF2415toggle_featuresEv
                0x00082c24       0x2c C:\Users\moseichuk\AppData\Local\Temp\VMBuilds\Sound_transmit_DUE_1\arduino_due_x_dbg\Debug\RF24\RF24.cpp.o
                0x00082c24                RF24::toggle_features()
 .text._ZN4RF2416enableAckPayloadEv
                0x00082c50       0x34 C:\Users\moseichuk\AppData\Local\Temp\VMBuilds\Sound_transmit_DUE_1\arduino_due_x_dbg\Debug\RF24\RF24.cpp.o
                0x00082c50                RF24::enableAckPayload()
 .text._ZN4RF2415writeAckPayloadEhPKvh
                0x00082c84       0x48 C:\Users\moseichuk\AppData\Local\Temp\VMBuilds\Sound_transmit_DUE_1\arduino_due_x_dbg\Debug\RF24\RF24.cpp.o
                0x00082c84                RF24::writeAckPayload(unsigned char, void const*, unsigned char)
 .text._ZN4RF2410setAutoAckEb
                0x00082ccc        0xc C:\Users\moseichuk\AppData\Local\Temp\VMBuilds\Sound_transmit_DUE_1\arduino_due_x_dbg\Debug\RF24\RF24.cpp.o
                0x00082ccc                RF24::setAutoAck(bool)
 .text._ZN4RF2410setPALevelEh
                0x00082cd8       0x2e C:\Users\moseichuk\AppData\Local\Temp\VMBuilds\Sound_transmit_DUE_1\arduino_due_x_dbg\Debug\RF24\RF24.cpp.o
                0x00082cd8                RF24::setPALevel(unsigned char)
 .text._ZN4RF2410getPALevelEv
                0x00082d06        0xe C:\Users\moseichuk\AppData\Local\Temp\VMBuilds\Sound_transmit_DUE_1\arduino_due_x_dbg\Debug\RF24\RF24.cpp.o
                0x00082d06                RF24::getPALevel()
 .text._ZN4RF2411setDataRateE15rf24_datarate_e
                0x00082d14       0x46 C:\Users\moseichuk\AppData\Local\Temp\VMBuilds\Sound_transmit_DUE_1\arduino_due_x_dbg\Debug\RF24\RF24.cpp.o
                0x00082d14                RF24::setDataRate(rf24_datarate_e)
 *fill*         0x00082d5a        0x2 
 .text._ZN4RF245beginEv
                0x00082d5c       0xd8 C:\Users\moseichuk\AppData\Local\Temp\VMBuilds\Sound_transmit_DUE_1\arduino_due_x_dbg\Debug\RF24\RF24.cpp.o
                0x00082d5c                RF24::begin()
 .text._ZN4RF2411getDataRateEv
                0x00082e34       0x1e C:\Users\moseichuk\AppData\Local\Temp\VMBuilds\Sound_transmit_DUE_1\arduino_due_x_dbg\Debug\RF24\RF24.cpp.o
                0x00082e34                RF24::getDataRate()
 .text._ZN4RF2412getCRCLengthEv
                0x00082e52       0x26 C:\Users\moseichuk\AppData\Local\Temp\VMBuilds\Sound_transmit_DUE_1\arduino_due_x_dbg\Debug\RF24\RF24.cpp.o
                0x00082e52                RF24::getCRCLength()
 .text._ZN4RF2412printDetailsEv
                0x00082e78      0x120 C:\Users\moseichuk\AppData\Local\Temp\VMBuilds\Sound_transmit_DUE_1\arduino_due_x_dbg\Debug\RF24\RF24.cpp.o
                0x00082e78                RF24::printDetails()
 .text._ZN4RF2410setRetriesEhh
                0x00082f98       0x10 C:\Users\moseichuk\AppData\Local\Temp\VMBuilds\Sound_transmit_DUE_1\arduino_due_x_dbg\Debug\RF24\RF24.cpp.o
                0x00082f98                RF24::setRetries(unsigned char, unsigned char)
 .text._Z11serialEventv
                0x00082fa8        0x2 C:\Users\moseichuk\AppData\Local\Temp\VMBuilds\Sound_transmit_DUE_1\arduino_due_x_dbg\Debug\variant\variant.cpp.o
                0x00082fa8                serialEvent()
 *fill*         0x00082faa        0x2 
 .text.UART_Handler
                0x00082fac        0xc C:\Users\moseichuk\AppData\Local\Temp\VMBuilds\Sound_transmit_DUE_1\arduino_due_x_dbg\Debug\variant\variant.cpp.o
                0x00082fac                UART_Handler
 .text._Z12serialEvent1v
                0x00082fb8        0x2 C:\Users\moseichuk\AppData\Local\Temp\VMBuilds\Sound_transmit_DUE_1\arduino_due_x_dbg\Debug\variant\variant.cpp.o
                0x00082fb8                serialEvent1()
 .text._Z12serialEvent2v
                0x00082fba        0x2 C:\Users\moseichuk\AppData\Local\Temp\VMBuilds\Sound_transmit_DUE_1\arduino_due_x_dbg\Debug\variant\variant.cpp.o
                0x00082fba                serialEvent2()
 .text._Z12serialEvent3v
                0x00082fbc        0x2 C:\Users\moseichuk\AppData\Local\Temp\VMBuilds\Sound_transmit_DUE_1\arduino_due_x_dbg\Debug\variant\variant.cpp.o
                0x00082fbc                serialEvent3()
 *fill*         0x00082fbe        0x2 
 .text.USART0_Handler
                0x00082fc0        0xc C:\Users\moseichuk\AppData\Local\Temp\VMBuilds\Sound_transmit_DUE_1\arduino_due_x_dbg\Debug\variant\variant.cpp.o
                0x00082fc0                USART0_Handler
 .text.USART1_Handler
                0x00082fcc        0xc C:\Users\moseichuk\AppData\Local\Temp\VMBuilds\Sound_transmit_DUE_1\arduino_due_x_dbg\Debug\variant\variant.cpp.o
                0x00082fcc                USART1_Handler
 .text.USART3_Handler
                0x00082fd8        0xc C:\Users\moseichuk\AppData\Local\Temp\VMBuilds\Sound_transmit_DUE_1\arduino_due_x_dbg\Debug\variant\variant.cpp.o
                0x00082fd8                USART3_Handler
 .text.init     0x00082fe4      0x128 C:\Users\moseichuk\AppData\Local\Temp\VMBuilds\Sound_transmit_DUE_1\arduino_due_x_dbg\Debug\variant\variant.cpp.o
                0x00082fe4                init
 .text.startup._GLOBAL__sub_I_g_APinDescription
                0x0008310c       0xd4 C:\Users\moseichuk\AppData\Local\Temp\VMBuilds\Sound_transmit_DUE_1\arduino_due_x_dbg\Debug\variant\variant.cpp.o
 .text._Z14serialEventRunv
                0x000831e0       0x44 C:\Users\moseichuk\AppData\Local\Temp\VMBuilds\Sound_transmit_DUE_1\arduino_due_x_dbg\Debug\variant\variant.cpp.o
                0x000831e0                serialEventRun()
 .text.PIO_PullUp
                0x00083224        0xa C:\Users\moseichuk\AppData\Local\arduino15\packages\arduino\hardware\sam\1.6.11\variants\arduino_due_x/libsam_sam3x8e_gcc_rel.a(pio.o)
                0x00083224                PIO_PullUp
 .text.PIO_Get  0x0008322e       0x14 C:\Users\moseichuk\AppData\Local\arduino15\packages\arduino\hardware\sam\1.6.11\variants\arduino_due_x/libsam_sam3x8e_gcc_rel.a(pio.o)
                0x0008322e                PIO_Get
 .text.PIO_SetPeripheral
                0x00083242       0x26 C:\Users\moseichuk\AppData\Local\arduino15\packages\arduino\hardware\sam\1.6.11\variants\arduino_due_x/libsam_sam3x8e_gcc_rel.a(pio.o)
                0x00083242                PIO_SetPeripheral
 .text.PIO_SetInput
                0x00083268       0x26 C:\Users\moseichuk\AppData\Local\arduino15\packages\arduino\hardware\sam\1.6.11\variants\arduino_due_x/libsam_sam3x8e_gcc_rel.a(pio.o)
                0x00083268                PIO_SetInput
 .text.PIO_SetOutput
                0x0008328e       0x24 C:\Users\moseichuk\AppData\Local\arduino15\packages\arduino\hardware\sam\1.6.11\variants\arduino_due_x/libsam_sam3x8e_gcc_rel.a(pio.o)
                0x0008328e                PIO_SetOutput
 *fill*         0x000832b2        0x2 
 .text.PIO_Configure
                0x000832b4       0x64 C:\Users\moseichuk\AppData\Local\arduino15\packages\arduino\hardware\sam\1.6.11\variants\arduino_due_x/libsam_sam3x8e_gcc_rel.a(pio.o)
                0x000832b4                PIO_Configure
 .text.PIO_GetOutputDataStatus
                0x00083318       0x14 C:\Users\moseichuk\AppData\Local\arduino15\packages\arduino\hardware\sam\1.6.11\variants\arduino_due_x/libsam_sam3x8e_gcc_rel.a(pio.o)
                0x00083318                PIO_GetOutputDataStatus
 .text.pmc_enable_upll_clock
                0x0008332c       0x14 C:\Users\moseichuk\AppData\Local\arduino15\packages\arduino\hardware\sam\1.6.11\variants\arduino_due_x/libsam_sam3x8e_gcc_rel.a(pmc.o)
                0x0008332c                pmc_enable_upll_clock
 .text.pmc_enable_periph_clk
                0x00083340       0x44 C:\Users\moseichuk\AppData\Local\arduino15\packages\arduino\hardware\sam\1.6.11\variants\arduino_due_x/libsam_sam3x8e_gcc_rel.a(pmc.o)
                0x00083340                pmc_enable_periph_clk
 .text.pmc_disable_periph_clk
                0x00083384       0x40 C:\Users\moseichuk\AppData\Local\arduino15\packages\arduino\hardware\sam\1.6.11\variants\arduino_due_x/libsam_sam3x8e_gcc_rel.a(pmc.o)
                0x00083384                pmc_disable_periph_clk
 .text.pmc_switch_udpck_to_upllck
                0x000833c4       0x14 C:\Users\moseichuk\AppData\Local\arduino15\packages\arduino\hardware\sam\1.6.11\variants\arduino_due_x/libsam_sam3x8e_gcc_rel.a(pmc.o)
                0x000833c4                pmc_switch_udpck_to_upllck
 .text.pmc_enable_udpck
                0x000833d8        0xc C:\Users\moseichuk\AppData\Local\arduino15\packages\arduino\hardware\sam\1.6.11\variants\arduino_due_x/libsam_sam3x8e_gcc_rel.a(pmc.o)
                0x000833d8                pmc_enable_udpck
 .text.pmc_set_writeprotect
                0x000833e4       0x1c C:\Users\moseichuk\AppData\Local\arduino15\packages\arduino\hardware\sam\1.6.11\variants\arduino_due_x/libsam_sam3x8e_gcc_rel.a(pmc.o)
                0x000833e4                pmc_set_writeprotect
 .text.SPI_Enable
                0x00083400        0x6 C:\Users\moseichuk\AppData\Local\arduino15\packages\arduino\hardware\sam\1.6.11\variants\arduino_due_x/libsam_sam3x8e_gcc_rel.a(spi.o)
                0x00083400                SPI_Enable
 *fill*         0x00083406        0x2 
 .text.SPI_Configure
                0x00083408       0x20 C:\Users\moseichuk\AppData\Local\arduino15\packages\arduino\hardware\sam\1.6.11\variants\arduino_due_x/libsam_sam3x8e_gcc_rel.a(spi.o)
                0x00083408                SPI_Configure
 .text.SPI_ConfigureNPCS
                0x00083428        0x8 C:\Users\moseichuk\AppData\Local\arduino15\packages\arduino\hardware\sam\1.6.11\variants\arduino_due_x/libsam_sam3x8e_gcc_rel.a(spi.o)
                0x00083428                SPI_ConfigureNPCS
 .text.TC_Configure
                0x00083430       0x38 C:\Users\moseichuk\AppData\Local\arduino15\packages\arduino\hardware\sam\1.6.11\variants\arduino_due_x/libsam_sam3x8e_gcc_rel.a(tc.o)
                0x00083430                TC_Configure
 .text.TC_Start
                0x00083468       0x2c C:\Users\moseichuk\AppData\Local\arduino15\packages\arduino\hardware\sam\1.6.11\variants\arduino_due_x/libsam_sam3x8e_gcc_rel.a(tc.o)
                0x00083468                TC_Start
 .text.TC_GetStatus
                0x00083494        0x8 C:\Users\moseichuk\AppData\Local\arduino15\packages\arduino\hardware\sam\1.6.11\variants\arduino_due_x/libsam_sam3x8e_gcc_rel.a(tc.o)
                0x00083494                TC_GetStatus
 .text.TC_SetRA
                0x0008349c        0x8 C:\Users\moseichuk\AppData\Local\arduino15\packages\arduino\hardware\sam\1.6.11\variants\arduino_due_x/libsam_sam3x8e_gcc_rel.a(tc.o)
                0x0008349c                TC_SetRA
 .text.TC_SetRB
                0x000834a4        0x8 C:\Users\moseichuk\AppData\Local\arduino15\packages\arduino\hardware\sam\1.6.11\variants\arduino_due_x/libsam_sam3x8e_gcc_rel.a(tc.o)
                0x000834a4                TC_SetRB
 .text.TC_SetRC
                0x000834ac        0x8 C:\Users\moseichuk\AppData\Local\arduino15\packages\arduino\hardware\sam\1.6.11\variants\arduino_due_x/libsam_sam3x8e_gcc_rel.a(tc.o)
                0x000834ac                TC_SetRC
 .text.TWI_SetClock
                0x000834b4       0x58 C:\Users\moseichuk\AppData\Local\arduino15\packages\arduino\hardware\sam\1.6.11\variants\arduino_due_x/libsam_sam3x8e_gcc_rel.a(twi.o)
                0x000834b4                TWI_SetClock
 .text.TWI_Disable
                0x0008350c       0x2c C:\Users\moseichuk\AppData\Local\arduino15\packages\arduino\hardware\sam\1.6.11\variants\arduino_due_x/libsam_sam3x8e_gcc_rel.a(twi.o)
                0x0008350c                TWI_Disable
 .text.TWI_ConfigureMaster
                0x00083538       0x48 C:\Users\moseichuk\AppData\Local\arduino15\packages\arduino\hardware\sam\1.6.11\variants\arduino_due_x/libsam_sam3x8e_gcc_rel.a(twi.o)
                0x00083538                TWI_ConfigureMaster
 .text.TWI_Stop
                0x00083580       0x28 C:\Users\moseichuk\AppData\Local\arduino15\packages\arduino\hardware\sam\1.6.11\variants\arduino_due_x/libsam_sam3x8e_gcc_rel.a(twi.o)
                0x00083580                TWI_Stop
 .text.TWI_StartRead
                0x000835a8       0x70 C:\Users\moseichuk\AppData\Local\arduino15\packages\arduino\hardware\sam\1.6.11\variants\arduino_due_x/libsam_sam3x8e_gcc_rel.a(twi.o)
                0x000835a8                TWI_StartRead
 .text.TWI_ReadByte
                0x00083618       0x28 C:\Users\moseichuk\AppData\Local\arduino15\packages\arduino\hardware\sam\1.6.11\variants\arduino_due_x/libsam_sam3x8e_gcc_rel.a(twi.o)
                0x00083618                TWI_ReadByte
 .text.TWI_WriteByte
                0x00083640       0x24 C:\Users\moseichuk\AppData\Local\arduino15\packages\arduino\hardware\sam\1.6.11\variants\arduino_due_x/libsam_sam3x8e_gcc_rel.a(twi.o)
                0x00083640                TWI_WriteByte
 .text.TWI_StartWrite
                0x00083664       0x7c C:\Users\moseichuk\AppData\Local\arduino15\packages\arduino\hardware\sam\1.6.11\variants\arduino_due_x/libsam_sam3x8e_gcc_rel.a(twi.o)
                0x00083664                TWI_StartWrite
 .text.TWI_EnableIt
                0x000836e0       0x40 C:\Users\moseichuk\AppData\Local\arduino15\packages\arduino\hardware\sam\1.6.11\variants\arduino_due_x/libsam_sam3x8e_gcc_rel.a(twi.o)
                0x000836e0                TWI_EnableIt
 .text.TWI_DisableIt
                0x00083720       0x40 C:\Users\moseichuk\AppData\Local\arduino15\packages\arduino\hardware\sam\1.6.11\variants\arduino_due_x/libsam_sam3x8e_gcc_rel.a(twi.o)
                0x00083720                TWI_DisableIt
 .text.TWI_GetStatus
                0x00083760       0x28 C:\Users\moseichuk\AppData\Local\arduino15\packages\arduino\hardware\sam\1.6.11\variants\arduino_due_x/libsam_sam3x8e_gcc_rel.a(twi.o)
                0x00083760                TWI_GetStatus
 .text.TWI_SendSTOPCondition
                0x00083788       0x2c C:\Users\moseichuk\AppData\Local\arduino15\packages\arduino\hardware\sam\1.6.11\variants\arduino_due_x/libsam_sam3x8e_gcc_rel.a(twi.o)
                0x00083788                TWI_SendSTOPCondition
 .text.SystemInit
                0x000837b4       0x88 C:\Users\moseichuk\AppData\Local\arduino15\packages\arduino\hardware\sam\1.6.11\variants\arduino_due_x/libsam_sam3x8e_gcc_rel.a(system_sam3xa.o)
                0x000837b4                SystemInit
 .text.Reset_Handler
                0x0008383c       0x78 C:\Users\moseichuk\AppData\Local\arduino15\packages\arduino\hardware\sam\1.6.11\variants\arduino_due_x/libsam_sam3x8e_gcc_rel.a(startup_sam3xa.o)
                0x0008383c                Reset_Handler
 .text.adc_init
                0x000838b4       0x98 C:\Users\moseichuk\AppData\Local\arduino15\packages\arduino\hardware\sam\1.6.11\variants\arduino_due_x/libsam_sam3x8e_gcc_rel.a(adc.o)
                0x000838b4                adc_init
 .text.adc_configure_trigger
                0x0008394c        0xe C:\Users\moseichuk\AppData\Local\arduino15\packages\arduino\hardware\sam\1.6.11\variants\arduino_due_x/libsam_sam3x8e_gcc_rel.a(adc.o)
                0x0008394c                adc_configure_trigger
 .text.adc_configure_timing
                0x0008395a       0x1a C:\Users\moseichuk\AppData\Local\arduino15\packages\arduino\hardware\sam\1.6.11\variants\arduino_due_x/libsam_sam3x8e_gcc_rel.a(adc.o)
                0x0008395a                adc_configure_timing
 .text.adc_start
                0x00083974        0x6 C:\Users\moseichuk\AppData\Local\arduino15\packages\arduino\hardware\sam\1.6.11\variants\arduino_due_x/libsam_sam3x8e_gcc_rel.a(adc.o)
                0x00083974                adc_start
 .text.adc_enable_channel
                0x0008397a        0xa C:\Users\moseichuk\AppData\Local\arduino15\packages\arduino\hardware\sam\1.6.11\variants\arduino_due_x/libsam_sam3x8e_gcc_rel.a(adc.o)
                0x0008397a                adc_enable_channel
 .text.adc_disable_channel
                0x00083984        0xa C:\Users\moseichuk\AppData\Local\arduino15\packages\arduino\hardware\sam\1.6.11\variants\arduino_due_x/libsam_sam3x8e_gcc_rel.a(adc.o)
                0x00083984                adc_disable_channel
 .text.adc_disable_all_channel
                0x0008398e        0x8 C:\Users\moseichuk\AppData\Local\arduino15\packages\arduino\hardware\sam\1.6.11\variants\arduino_due_x/libsam_sam3x8e_gcc_rel.a(adc.o)
                0x0008398e                adc_disable_all_channel
 .text.adc_get_channel_status
                0x00083996        0xa C:\Users\moseichuk\AppData\Local\arduino15\packages\arduino\hardware\sam\1.6.11\variants\arduino_due_x/libsam_sam3x8e_gcc_rel.a(adc.o)
                0x00083996                adc_get_channel_status
 .text.adc_get_latest_value
                0x000839a0        0x4 C:\Users\moseichuk\AppData\Local\arduino15\packages\arduino\hardware\sam\1.6.11\variants\arduino_due_x/libsam_sam3x8e_gcc_rel.a(adc.o)
                0x000839a0                adc_get_latest_value
 .text.adc_disable_interrupt
                0x000839a4        0x4 C:\Users\moseichuk\AppData\Local\arduino15\packages\arduino\hardware\sam\1.6.11\variants\arduino_due_x/libsam_sam3x8e_gcc_rel.a(adc.o)
                0x000839a4                adc_disable_interrupt
 .text.adc_get_status
                0x000839a8        0x4 C:\Users\moseichuk\AppData\Local\arduino15\packages\arduino\hardware\sam\1.6.11\variants\arduino_due_x/libsam_sam3x8e_gcc_rel.a(adc.o)
                0x000839a8                adc_get_status
 .text.UOTGHS_Handler
                0x000839ac       0x10 C:\Users\moseichuk\AppData\Local\arduino15\packages\arduino\hardware\sam\1.6.11\variants\arduino_due_x/libsam_sam3x8e_gcc_rel.a(uotghs.o)
                0x000839ac                UOTGHS_Handler
 .text.__halt   0x000839bc        0x2 C:\Users\moseichuk\AppData\Local\Temp\VMBuilds\Sound_transmit_DUE_1\arduino_due_x_dbg\Debug/core.a(cortex_handlers.c.o)
                0x000839bc                DACC_Handler
                0x000839bc                DebugMon_Handler
                0x000839bc                DMAC_Handler
                0x000839bc                TRNG_Handler
                0x000839bc                HardFault_Handler
                0x000839bc                NMI_Handler
                0x000839bc                ADC_Handler
                0x000839bc                SMC_Handler
                0x000839bc                RTT_Handler
                0x000839bc                EFC1_Handler
                0x000839bc                RTC_Handler
                0x000839bc                UsageFault_Handler
                0x000839bc                WDT_Handler
                0x000839bc                CAN0_Handler
                0x000839bc                HSMCI_Handler
                0x000839bc                SSC_Handler
                0x000839bc                EFC0_Handler
                0x000839bc                PMC_Handler
                0x000839bc                PWM_Handler
                0x000839bc                CAN1_Handler
                0x000839bc                MemManage_Handler
                0x000839bc                SUPC_Handler
                0x000839bc                USART2_Handler
                0x000839bc                EMAC_Handler
                0x000839bc                BusFault_Handler
                0x000839bc                RSTC_Handler
                0x000839bc                SPI0_Handler
 .text.SVC_Handler
                0x000839be        0x4 C:\Users\moseichuk\AppData\Local\Temp\VMBuilds\Sound_transmit_DUE_1\arduino_due_x_dbg\Debug/core.a(cortex_handlers.c.o)
                0x000839be                SVC_Handler
 .text.PendSV_Handler
                0x000839c2        0x4 C:\Users\moseichuk\AppData\Local\Temp\VMBuilds\Sound_transmit_DUE_1\arduino_due_x_dbg\Debug/core.a(cortex_handlers.c.o)
                0x000839c2                PendSV_Handler
 .text.SysTick_Handler
                0x000839c6       0x16 C:\Users\moseichuk\AppData\Local\Temp\VMBuilds\Sound_transmit_DUE_1\arduino_due_x_dbg\Debug/core.a(cortex_handlers.c.o)
                0x000839c6                SysTick_Handler
 .text.__empty  0x000839dc        0x2 C:\Users\moseichuk\AppData\Local\Temp\VMBuilds\Sound_transmit_DUE_1\arduino_due_x_dbg\Debug/core.a(hooks.c.o)
                0x000839dc                yield
 .text.__false  0x000839de        0x4 C:\Users\moseichuk\AppData\Local\Temp\VMBuilds\Sound_transmit_DUE_1\arduino_due_x_dbg\Debug/core.a(hooks.c.o)
                0x000839de                sysTickHook
 .text.__halt   0x000839e2        0x2 C:\Users\moseichuk\AppData\Local\Temp\VMBuilds\Sound_transmit_DUE_1\arduino_due_x_dbg\Debug/core.a(hooks.c.o)
                0x000839e2                svcHook
                0x000839e2                pendSVHook
 .text._sbrk    0x000839e4       0x1c C:\Users\moseichuk\AppData\Local\Temp\VMBuilds\Sound_transmit_DUE_1\arduino_due_x_dbg\Debug/core.a(syscalls_sam3.c.o)
                0x000839e4                _sbrk
 .text.link     0x00083a00        0x6 C:\Users\moseichuk\AppData\Local\Temp\VMBuilds\Sound_transmit_DUE_1\arduino_due_x_dbg\Debug/core.a(syscalls_sam3.c.o)
                0x00083a00                link
 .text._close   0x00083a06        0x6 C:\Users\moseichuk\AppData\Local\Temp\VMBuilds\Sound_transmit_DUE_1\arduino_due_x_dbg\Debug/core.a(syscalls_sam3.c.o)
                0x00083a06                _close
 .text._fstat   0x00083a0c        0xa C:\Users\moseichuk\AppData\Local\Temp\VMBuilds\Sound_transmit_DUE_1\arduino_due_x_dbg\Debug/core.a(syscalls_sam3.c.o)
                0x00083a0c                _fstat
 .text._isatty  0x00083a16        0x4 C:\Users\moseichuk\AppData\Local\Temp\VMBuilds\Sound_transmit_DUE_1\arduino_due_x_dbg\Debug/core.a(syscalls_sam3.c.o)
                0x00083a16                _isatty
 .text._lseek   0x00083a1a        0x4 C:\Users\moseichuk\AppData\Local\Temp\VMBuilds\Sound_transmit_DUE_1\arduino_due_x_dbg\Debug/core.a(syscalls_sam3.c.o)
                0x00083a1a                _lseek
 .text._read    0x00083a1e        0x4 C:\Users\moseichuk\AppData\Local\Temp\VMBuilds\Sound_transmit_DUE_1\arduino_due_x_dbg\Debug/core.a(syscalls_sam3.c.o)
                0x00083a1e                _read
 *fill*         0x00083a22        0x2 
 .text._write   0x00083a24       0x24 C:\Users\moseichuk\AppData\Local\Temp\VMBuilds\Sound_transmit_DUE_1\arduino_due_x_dbg\Debug/core.a(syscalls_sam3.c.o)
                0x00083a24                _write
 .text._exit    0x00083a48       0x10 C:\Users\moseichuk\AppData\Local\Temp\VMBuilds\Sound_transmit_DUE_1\arduino_due_x_dbg\Debug/core.a(syscalls_sam3.c.o)
                0x00083a48                _exit
 .text._kill    0x00083a58        0x2 C:\Users\moseichuk\AppData\Local\Temp\VMBuilds\Sound_transmit_DUE_1\arduino_due_x_dbg\Debug/core.a(syscalls_sam3.c.o)
                0x00083a58                _kill
 .text._getpid  0x00083a5a        0x6 C:\Users\moseichuk\AppData\Local\Temp\VMBuilds\Sound_transmit_DUE_1\arduino_due_x_dbg\Debug/core.a(syscalls_sam3.c.o)
                0x00083a5a                _getpid
 .text.attachInterrupt
                0x00083a60      0x148 C:\Users\moseichuk\AppData\Local\Temp\VMBuilds\Sound_transmit_DUE_1\arduino_due_x_dbg\Debug/core.a(WInterrupts.c.o)
                0x00083a60                attachInterrupt
 .text.detachInterrupt
                0x00083ba8       0x14 C:\Users\moseichuk\AppData\Local\Temp\VMBuilds\Sound_transmit_DUE_1\arduino_due_x_dbg\Debug/core.a(WInterrupts.c.o)
                0x00083ba8                detachInterrupt
 .text.PIOA_Handler
                0x00083bbc       0x38 C:\Users\moseichuk\AppData\Local\Temp\VMBuilds\Sound_transmit_DUE_1\arduino_due_x_dbg\Debug/core.a(WInterrupts.c.o)
                0x00083bbc                PIOA_Handler
 .text.PIOB_Handler
                0x00083bf4       0x38 C:\Users\moseichuk\AppData\Local\Temp\VMBuilds\Sound_transmit_DUE_1\arduino_due_x_dbg\Debug/core.a(WInterrupts.c.o)
                0x00083bf4                PIOB_Handler
 .text.PIOC_Handler
                0x00083c2c       0x38 C:\Users\moseichuk\AppData\Local\Temp\VMBuilds\Sound_transmit_DUE_1\arduino_due_x_dbg\Debug/core.a(WInterrupts.c.o)
                0x00083c2c                PIOC_Handler
 .text.PIOD_Handler
                0x00083c64       0x38 C:\Users\moseichuk\AppData\Local\Temp\VMBuilds\Sound_transmit_DUE_1\arduino_due_x_dbg\Debug/core.a(WInterrupts.c.o)
                0x00083c64                PIOD_Handler
 .text.millis   0x00083c9c        0x4 C:\Users\moseichuk\AppData\Local\Temp\VMBuilds\Sound_transmit_DUE_1\arduino_due_x_dbg\Debug/core.a(wiring.c.o)
                0x00083c9c                millis
 .text.micros   0x00083ca0       0x74 C:\Users\moseichuk\AppData\Local\Temp\VMBuilds\Sound_transmit_DUE_1\arduino_due_x_dbg\Debug/core.a(wiring.c.o)
                0x00083ca0                micros
 .text.delay    0x00083d14       0x1c C:\Users\moseichuk\AppData\Local\Temp\VMBuilds\Sound_transmit_DUE_1\arduino_due_x_dbg\Debug/core.a(wiring.c.o)
                0x00083d14                delay
 .text.mapResolution
                0x00083d30       0x12 C:\Users\moseichuk\AppData\Local\Temp\VMBuilds\Sound_transmit_DUE_1\arduino_due_x_dbg\Debug/core.a(wiring_analog.c.o)
 *fill*         0x00083d42        0x2 
 .text.analogRead
                0x00083d44       0x9c C:\Users\moseichuk\AppData\Local\Temp\VMBuilds\Sound_transmit_DUE_1\arduino_due_x_dbg\Debug/core.a(wiring_analog.c.o)
                0x00083d44                analogRead
 .text.analogOutputInit
                0x00083de0        0x2 C:\Users\moseichuk\AppData\Local\Temp\VMBuilds\Sound_transmit_DUE_1\arduino_due_x_dbg\Debug/core.a(wiring_analog.c.o)
                0x00083de0                analogOutputInit
 *fill*         0x00083de2        0x2 
 .text.analogWrite
                0x00083de4      0x2c0 C:\Users\moseichuk\AppData\Local\Temp\VMBuilds\Sound_transmit_DUE_1\arduino_due_x_dbg\Debug/core.a(wiring_analog.c.o)
                0x00083de4                analogWrite
 .text.pinMode  0x000840a4      0x108 C:\Users\moseichuk\AppData\Local\Temp\VMBuilds\Sound_transmit_DUE_1\arduino_due_x_dbg\Debug/core.a(wiring_digital.c.o)
                0x000840a4                pinMode
 .text.digitalWrite
                0x000841ac       0x70 C:\Users\moseichuk\AppData\Local\Temp\VMBuilds\Sound_transmit_DUE_1\arduino_due_x_dbg\Debug/core.a(wiring_digital.c.o)
                0x000841ac                digitalWrite
 .text.digitalRead
                0x0008421c       0x44 C:\Users\moseichuk\AppData\Local\Temp\VMBuilds\Sound_transmit_DUE_1\arduino_due_x_dbg\Debug/core.a(wiring_digital.c.o)
                0x0008421c                digitalRead
 .text.initVariant
                0x00084260        0x2 C:\Users\moseichuk\AppData\Local\Temp\VMBuilds\Sound_transmit_DUE_1\arduino_due_x_dbg\Debug/core.a(main.cpp.o)
                0x00084260                initVariant
 *fill*         0x00084262        0x2 
 .text.startup.main
                0x00084264       0x38 C:\Users\moseichuk\AppData\Local\Temp\VMBuilds\Sound_transmit_DUE_1\arduino_due_x_dbg\Debug/core.a(main.cpp.o)
                0x00084264                main
 .text._ZN5Print5writeEPKhj
                0x0008429c       0x22 C:\Users\moseichuk\AppData\Local\Temp\VMBuilds\Sound_transmit_DUE_1\arduino_due_x_dbg\Debug/core.a(Print.cpp.o)
                0x0008429c                Print::write(unsigned char const*, unsigned int)
 .text._ZN5Print5writeEPKc
                0x000842be       0x1e C:\Users\moseichuk\AppData\Local\Temp\VMBuilds\Sound_transmit_DUE_1\arduino_due_x_dbg\Debug/core.a(Print.cpp.o)
                0x000842be                Print::write(char const*)
 .text._ZN5Print5printEPKc
                0x000842dc        0x8 C:\Users\moseichuk\AppData\Local\Temp\VMBuilds\Sound_transmit_DUE_1\arduino_due_x_dbg\Debug/core.a(Print.cpp.o)
                0x000842dc                Print::print(char const*)
 .text._ZN5Print5printEc
                0x000842e4        0xa C:\Users\moseichuk\AppData\Local\Temp\VMBuilds\Sound_transmit_DUE_1\arduino_due_x_dbg\Debug/core.a(Print.cpp.o)
                0x000842e4                Print::print(char)
 *fill*         0x000842ee        0x2 
 .text._ZN5Print7printlnEv
                0x000842f0       0x10 C:\Users\moseichuk\AppData\Local\Temp\VMBuilds\Sound_transmit_DUE_1\arduino_due_x_dbg\Debug/core.a(Print.cpp.o)
                0x000842f0                Print::println()
 .text._ZN5Print7printlnEPKc
                0x00084300       0x14 C:\Users\moseichuk\AppData\Local\Temp\VMBuilds\Sound_transmit_DUE_1\arduino_due_x_dbg\Debug/core.a(Print.cpp.o)
                0x00084300                Print::println(char const*)
 .text._ZN5Print11printNumberEmh
                0x00084314       0x3e C:\Users\moseichuk\AppData\Local\Temp\VMBuilds\Sound_transmit_DUE_1\arduino_due_x_dbg\Debug/core.a(Print.cpp.o)
                0x00084314                Print::printNumber(unsigned long, unsigned char)
 .text._ZN5Print5printEli
                0x00084352       0x3c C:\Users\moseichuk\AppData\Local\Temp\VMBuilds\Sound_transmit_DUE_1\arduino_due_x_dbg\Debug/core.a(Print.cpp.o)
                0x00084352                Print::print(long, int)
 .text._ZN5Print7printlnEii
                0x0008438e       0x14 C:\Users\moseichuk\AppData\Local\Temp\VMBuilds\Sound_transmit_DUE_1\arduino_due_x_dbg\Debug/core.a(Print.cpp.o)
                0x0008438e                Print::println(int, int)
 *fill*         0x000843a2        0x2 
 .text.initiateReset
                0x000843a4        0xc C:\Users\moseichuk\AppData\Local\Temp\VMBuilds\Sound_transmit_DUE_1\arduino_due_x_dbg\Debug/core.a(Reset.cpp.o)
                0x000843a4                initiateReset
 .text.cancelReset
                0x000843b0       0x10 C:\Users\moseichuk\AppData\Local\Temp\VMBuilds\Sound_transmit_DUE_1\arduino_due_x_dbg\Debug/core.a(Reset.cpp.o)
                0x000843b0                cancelReset
 .text.tickReset
                0x000843c0       0x20 C:\Users\moseichuk\AppData\Local\Temp\VMBuilds\Sound_transmit_DUE_1\arduino_due_x_dbg\Debug/core.a(Reset.cpp.o)
                0x000843c0                tickReset
 .text._ZN10RingBufferC2Ev
                0x000843e0       0x1a C:\Users\moseichuk\AppData\Local\Temp\VMBuilds\Sound_transmit_DUE_1\arduino_due_x_dbg\Debug/core.a(RingBuffer.cpp.o)
                0x000843e0                RingBuffer::RingBuffer()
                0x000843e0                RingBuffer::RingBuffer()
 .text._ZN10RingBuffer10store_charEh
                0x000843fa       0x1e C:\Users\moseichuk\AppData\Local\Temp\VMBuilds\Sound_transmit_DUE_1\arduino_due_x_dbg\Debug/core.a(RingBuffer.cpp.o)
                0x000843fa                RingBuffer::store_char(unsigned char)
 .text._ZN9UARTClasscvbEv
                0x00084418        0x4 C:\Users\moseichuk\AppData\Local\Temp\VMBuilds\Sound_transmit_DUE_1\arduino_due_x_dbg\Debug/core.a(UARTClass.cpp.o)
                0x00084418                UARTClass::operator bool()
 .text._ZN9UARTClass9availableEv
                0x0008441c       0x12 C:\Users\moseichuk\AppData\Local\Temp\VMBuilds\Sound_transmit_DUE_1\arduino_due_x_dbg\Debug/core.a(UARTClass.cpp.o)
                0x0008441c                UARTClass::available()
 .text._ZN9UARTClass4peekEv
                0x0008442e       0x1c C:\Users\moseichuk\AppData\Local\Temp\VMBuilds\Sound_transmit_DUE_1\arduino_due_x_dbg\Debug/core.a(UARTClass.cpp.o)
                0x0008442e                UARTClass::peek()
 .text._ZN9UARTClass4readEv
                0x0008444a       0x2a C:\Users\moseichuk\AppData\Local\Temp\VMBuilds\Sound_transmit_DUE_1\arduino_due_x_dbg\Debug/core.a(UARTClass.cpp.o)
                0x0008444a                UARTClass::read()
 .text._ZN9UARTClass5flushEv
                0x00084474       0x18 C:\Users\moseichuk\AppData\Local\Temp\VMBuilds\Sound_transmit_DUE_1\arduino_due_x_dbg\Debug/core.a(UARTClass.cpp.o)
                0x00084474                UARTClass::flush()
 .text._ZN9UARTClass5writeEh
                0x0008448c       0x54 C:\Users\moseichuk\AppData\Local\Temp\VMBuilds\Sound_transmit_DUE_1\arduino_due_x_dbg\Debug/core.a(UARTClass.cpp.o)
                0x0008448c                UARTClass::write(unsigned char)
 .text._ZN9UARTClass3endEv
                0x000844e0       0x3c C:\Users\moseichuk\AppData\Local\Temp\VMBuilds\Sound_transmit_DUE_1\arduino_due_x_dbg\Debug/core.a(UARTClass.cpp.o)
                0x000844e0                UARTClass::end()
 .text._ZN9UARTClassC2EP4Uart4IRQnmP10RingBufferS4_
                0x0008451c       0x24 C:\Users\moseichuk\AppData\Local\Temp\VMBuilds\Sound_transmit_DUE_1\arduino_due_x_dbg\Debug/core.a(UARTClass.cpp.o)
                0x0008451c                UARTClass::UARTClass(Uart*, IRQn, unsigned long, RingBuffer*, RingBuffer*)
                0x0008451c                UARTClass::UARTClass(Uart*, IRQn, unsigned long, RingBuffer*, RingBuffer*)
 .text._ZN9UARTClass4initEmm
                0x00084540       0x70 C:\Users\moseichuk\AppData\Local\Temp\VMBuilds\Sound_transmit_DUE_1\arduino_due_x_dbg\Debug/core.a(UARTClass.cpp.o)
                0x00084540                UARTClass::init(unsigned long, unsigned long)
 .text._ZN9UARTClass5beginEm
                0x000845b0        0x8 C:\Users\moseichuk\AppData\Local\Temp\VMBuilds\Sound_transmit_DUE_1\arduino_due_x_dbg\Debug/core.a(UARTClass.cpp.o)
                0x000845b0                UARTClass::begin(unsigned long)
 .text._ZN9UARTClass10IrqHandlerEv
                0x000845b8       0x5a C:\Users\moseichuk\AppData\Local\Temp\VMBuilds\Sound_transmit_DUE_1\arduino_due_x_dbg\Debug/core.a(UARTClass.cpp.o)
                0x000845b8                UARTClass::IrqHandler()
 .text._ZN10USARTClass5beginEm
                0x00084612        0x8 C:\Users\moseichuk\AppData\Local\Temp\VMBuilds\Sound_transmit_DUE_1\arduino_due_x_dbg\Debug/core.a(USARTClass.cpp.o)
                0x00084612                USARTClass::begin(unsigned long)
 *fill*         0x0008461a        0x2 
 .text._ZN10USARTClassC2EP5Usart4IRQnmP10RingBufferS4_
                0x0008461c       0x24 C:\Users\moseichuk\AppData\Local\Temp\VMBuilds\Sound_transmit_DUE_1\arduino_due_x_dbg\Debug/core.a(USARTClass.cpp.o)
                0x0008461c                USARTClass::USARTClass(Usart*, IRQn, unsigned long, RingBuffer*, RingBuffer*)
                0x0008461c                USARTClass::USARTClass(Usart*, IRQn, unsigned long, RingBuffer*, RingBuffer*)
 .text._watchdogDefaultSetup
                0x00084640        0xc C:\Users\moseichuk\AppData\Local\Temp\VMBuilds\Sound_transmit_DUE_1\arduino_due_x_dbg\Debug/core.a(watchdog.cpp.o)
                0x00084640                _watchdogDefaultSetup
                0x00084640                watchdogSetup()
 .text._ZN6StringD2Ev
                0x0008464c        0xe C:\Users\moseichuk\AppData\Local\Temp\VMBuilds\Sound_transmit_DUE_1\arduino_due_x_dbg\Debug/core.a(WString.cpp.o)
                0x0008464c                String::~String()
                0x0008464c                String::~String()
 .text._ZN6String10invalidateEv
                0x0008465a       0x16 C:\Users\moseichuk\AppData\Local\Temp\VMBuilds\Sound_transmit_DUE_1\arduino_due_x_dbg\Debug/core.a(WString.cpp.o)
                0x0008465a                String::invalidate()
 .text._ZN6String12changeBufferEj
                0x00084670       0x18 C:\Users\moseichuk\AppData\Local\Temp\VMBuilds\Sound_transmit_DUE_1\arduino_due_x_dbg\Debug/core.a(WString.cpp.o)
                0x00084670                String::changeBuffer(unsigned int)
 .text._ZN6String7reserveEj
                0x00084688       0x22 C:\Users\moseichuk\AppData\Local\Temp\VMBuilds\Sound_transmit_DUE_1\arduino_due_x_dbg\Debug/core.a(WString.cpp.o)
                0x00084688                String::reserve(unsigned int)
 .text._ZN6String4copyEPKcj
                0x000846aa       0x26 C:\Users\moseichuk\AppData\Local\Temp\VMBuilds\Sound_transmit_DUE_1\arduino_due_x_dbg\Debug/core.a(WString.cpp.o)
                0x000846aa                String::copy(char const*, unsigned int)
 .text._ZN6StringC2EPKc
                0x000846d0       0x24 C:\Users\moseichuk\AppData\Local\Temp\VMBuilds\Sound_transmit_DUE_1\arduino_due_x_dbg\Debug/core.a(WString.cpp.o)
                0x000846d0                String::String(char const*)
                0x000846d0                String::String(char const*)
 .text._ZN6StringaSEPKc
                0x000846f4       0x22 C:\Users\moseichuk\AppData\Local\Temp\VMBuilds\Sound_transmit_DUE_1\arduino_due_x_dbg\Debug/core.a(WString.cpp.o)
                0x000846f4                String::operator=(char const*)
 .text._ZN6StringC2Eih
                0x00084716       0x24 C:\Users\moseichuk\AppData\Local\Temp\VMBuilds\Sound_transmit_DUE_1\arduino_due_x_dbg\Debug/core.a(WString.cpp.o)
                0x00084716                String::String(int, unsigned char)
                0x00084716                String::String(int, unsigned char)
 .text._ZN6StringC2Emh
                0x0008473a       0x24 C:\Users\moseichuk\AppData\Local\Temp\VMBuilds\Sound_transmit_DUE_1\arduino_due_x_dbg\Debug/core.a(WString.cpp.o)
                0x0008473a                String::String(unsigned long, unsigned char)
                0x0008473a                String::String(unsigned long, unsigned char)
 .text._ZNK6String8getBytesEPhjj
                0x0008475e       0x30 C:\Users\moseichuk\AppData\Local\Temp\VMBuilds\Sound_transmit_DUE_1\arduino_due_x_dbg\Debug/core.a(WString.cpp.o)
                0x0008475e                String::getBytes(unsigned char*, unsigned int, unsigned int) const
 *fill*         0x0008478e        0x2 
 .text.unlikely._ZL11USB_SendZlpv
                0x00084790       0x20 C:\Users\moseichuk\AppData\Local\Temp\VMBuilds\Sound_transmit_DUE_1\arduino_due_x_dbg\Debug/core.a(USBCore.cpp.o)
 .text._Z14USBD_Availablem
                0x000847b0       0x2c C:\Users\moseichuk\AppData\Local\Temp\VMBuilds\Sound_transmit_DUE_1\arduino_due_x_dbg\Debug/core.a(USBCore.cpp.o)
                0x000847b0                USBD_Available(unsigned long)
 .text._Z9USBD_RecvmPvm
                0x000847dc       0x7c C:\Users\moseichuk\AppData\Local\Temp\VMBuilds\Sound_transmit_DUE_1\arduino_due_x_dbg\Debug/core.a(USBCore.cpp.o)
                0x000847dc                USBD_Recv(unsigned long, void*, unsigned long)
 .text._Z9USBD_Recvm
                0x00084858       0x22 C:\Users\moseichuk\AppData\Local\Temp\VMBuilds\Sound_transmit_DUE_1\arduino_due_x_dbg\Debug/core.a(USBCore.cpp.o)
                0x00084858                USBD_Recv(unsigned long)
 *fill*         0x0008487a        0x2 
 .text._Z9USBD_SendmPKvm
                0x0008487c       0x4c C:\Users\moseichuk\AppData\Local\Temp\VMBuilds\Sound_transmit_DUE_1\arduino_due_x_dbg\Debug/core.a(USBCore.cpp.o)
                0x0008487c                USBD_Send(unsigned long, void const*, unsigned long)
 .text._Z16USBD_SendControlhPKvm
                0x000848c8       0x40 C:\Users\moseichuk\AppData\Local\Temp\VMBuilds\Sound_transmit_DUE_1\arduino_due_x_dbg\Debug/core.a(USBCore.cpp.o)
                0x000848c8                USBD_SendControl(unsigned char, void const*, unsigned long)
 .text.unlikely._ZL24USB_SendStringDescriptorPKhi
                0x00084908       0x64 C:\Users\moseichuk\AppData\Local\Temp\VMBuilds\Sound_transmit_DUE_1\arduino_due_x_dbg\Debug/core.a(USBCore.cpp.o)
 .text._Z16USBD_RecvControlPvm
                0x0008496c       0x1c C:\Users\moseichuk\AppData\Local\Temp\VMBuilds\Sound_transmit_DUE_1\arduino_due_x_dbg\Debug/core.a(USBCore.cpp.o)
                0x0008496c                USBD_RecvControl(void*, unsigned long)
 .text._Z26USBD_ClassInterfaceRequestR8USBSetup
                0x00084988       0x1e C:\Users\moseichuk\AppData\Local\Temp\VMBuilds\Sound_transmit_DUE_1\arduino_due_x_dbg\Debug/core.a(USBCore.cpp.o)
                0x00084988                USBD_ClassInterfaceRequest(USBSetup&)
 .text._Z19USBD_SendInterfacesv
                0x000849a6       0x22 C:\Users\moseichuk\AppData\Local\Temp\VMBuilds\Sound_transmit_DUE_1\arduino_due_x_dbg\Debug/core.a(USBCore.cpp.o)
                0x000849a6                USBD_SendInterfaces()
 .text._Z24USBD_SendOtherInterfacesv
                0x000849c8       0x22 C:\Users\moseichuk\AppData\Local\Temp\VMBuilds\Sound_transmit_DUE_1\arduino_due_x_dbg\Debug/core.a(USBCore.cpp.o)
                0x000849c8                USBD_SendOtherInterfaces()
 .text._Z10USBD_Flushm
                0x000849ea       0x16 C:\Users\moseichuk\AppData\Local\Temp\VMBuilds\Sound_transmit_DUE_1\arduino_due_x_dbg\Debug/core.a(USBCore.cpp.o)
                0x000849ea                USBD_Flush(unsigned long)
 .text._ZN10USBDevice_C2Ev
                0x00084a00       0x24 C:\Users\moseichuk\AppData\Local\Temp\VMBuilds\Sound_transmit_DUE_1\arduino_due_x_dbg\Debug/core.a(USBCore.cpp.o)
                0x00084a00                USBDevice_::USBDevice_()
                0x00084a00                USBDevice_::USBDevice_()
 .text._ZN10USBDevice_6attachEv
                0x00084a24       0x20 C:\Users\moseichuk\AppData\Local\Temp\VMBuilds\Sound_transmit_DUE_1\arduino_due_x_dbg\Debug/core.a(USBCore.cpp.o)
                0x00084a24                USBDevice_::attach()
 .text.startup._GLOBAL__sub_I_EndPoints
                0x00084a44        0xc C:\Users\moseichuk\AppData\Local\Temp\VMBuilds\Sound_transmit_DUE_1\arduino_due_x_dbg\Debug/core.a(USBCore.cpp.o)
 .text._ZL7USB_ISRv
                0x00084a50      0x454 C:\Users\moseichuk\AppData\Local\Temp\VMBuilds\Sound_transmit_DUE_1\arduino_due_x_dbg\Debug/core.a(USBCore.cpp.o)
 .text.ltoa     0x00084ea4       0x6e C:\Users\moseichuk\AppData\Local\Temp\VMBuilds\Sound_transmit_DUE_1\arduino_due_x_dbg\Debug/core.a(itoa.c.o)
                0x00084ea4                ltoa
 .text.itoa     0x00084f12        0x4 C:\Users\moseichuk\AppData\Local\Temp\VMBuilds\Sound_transmit_DUE_1\arduino_due_x_dbg\Debug/core.a(itoa.c.o)
                0x00084f12                itoa
 .text.ultoa    0x00084f16       0x52 C:\Users\moseichuk\AppData\Local\Temp\VMBuilds\Sound_transmit_DUE_1\arduino_due_x_dbg\Debug/core.a(itoa.c.o)
                0x00084f16                ultoa
 .text._ZN7Serial_9availableEv
                0x00084f68       0x18 C:\Users\moseichuk\AppData\Local\Temp\VMBuilds\Sound_transmit_DUE_1\arduino_due_x_dbg\Debug/core.a(CDC.cpp.o)
                0x00084f68                Serial_::available()
 .text._ZN7Serial_17availableForWriteEv
                0x00084f80        0x6 C:\Users\moseichuk\AppData\Local\Temp\VMBuilds\Sound_transmit_DUE_1\arduino_due_x_dbg\Debug/core.a(CDC.cpp.o)
                0x00084f80                Serial_::availableForWrite()
 *fill*         0x00084f86        0x2 
 .text._ZN7Serial_4peekEv
                0x00084f88       0x20 C:\Users\moseichuk\AppData\Local\Temp\VMBuilds\Sound_transmit_DUE_1\arduino_due_x_dbg\Debug/core.a(CDC.cpp.o)
                0x00084f88                Serial_::peek()
 .text._ZN7Serial_5writeEh
                0x00084fa8       0x16 C:\Users\moseichuk\AppData\Local\Temp\VMBuilds\Sound_transmit_DUE_1\arduino_due_x_dbg\Debug/core.a(CDC.cpp.o)
                0x00084fa8                Serial_::write(unsigned char)
 *fill*         0x00084fbe        0x2 
 .text._ZN7Serial_4readEv
                0x00084fc0       0x44 C:\Users\moseichuk\AppData\Local\Temp\VMBuilds\Sound_transmit_DUE_1\arduino_due_x_dbg\Debug/core.a(CDC.cpp.o)
                0x00084fc0                Serial_::read()
 .text._ZN7Serial_5flushEv
                0x00085004        0x6 C:\Users\moseichuk\AppData\Local\Temp\VMBuilds\Sound_transmit_DUE_1\arduino_due_x_dbg\Debug/core.a(CDC.cpp.o)
                0x00085004                Serial_::flush()
 *fill*         0x0008500a        0x2 
 .text._ZN7Serial_6acceptEv
                0x0008500c       0x70 C:\Users\moseichuk\AppData\Local\Temp\VMBuilds\Sound_transmit_DUE_1\arduino_due_x_dbg\Debug/core.a(CDC.cpp.o)
                0x0008500c                Serial_::accept()
 .text._ZN7Serial_5writeEPKhj
                0x0008507c       0x2c C:\Users\moseichuk\AppData\Local\Temp\VMBuilds\Sound_transmit_DUE_1\arduino_due_x_dbg\Debug/core.a(CDC.cpp.o)
                0x0008507c                Serial_::write(unsigned char const*, unsigned int)
 .text._Z16CDC_GetInterfacePh
                0x000850a8       0x14 C:\Users\moseichuk\AppData\Local\Temp\VMBuilds\Sound_transmit_DUE_1\arduino_due_x_dbg\Debug/core.a(CDC.cpp.o)
                0x000850a8                CDC_GetInterface(unsigned char*)
 .text._Z21CDC_GetOtherInterfacePh
                0x000850bc       0x14 C:\Users\moseichuk\AppData\Local\Temp\VMBuilds\Sound_transmit_DUE_1\arduino_due_x_dbg\Debug/core.a(CDC.cpp.o)
                0x000850bc                CDC_GetOtherInterface(unsigned char*)
 .text._Z9CDC_SetupR8USBSetup
                0x000850d0       0x78 C:\Users\moseichuk\AppData\Local\Temp\VMBuilds\Sound_transmit_DUE_1\arduino_due_x_dbg\Debug/core.a(CDC.cpp.o)
                0x000850d0                CDC_Setup(USBSetup&)
 .text.startup._GLOBAL__sub_I_cdc_rx_buffer
                0x00085148       0x1c C:\Users\moseichuk\AppData\Local\Temp\VMBuilds\Sound_transmit_DUE_1\arduino_due_x_dbg\Debug/core.a(CDC.cpp.o)
 .text._ZN13PluggableUSB_12getInterfaceEPh
                0x00085164       0x28 C:\Users\moseichuk\AppData\Local\Temp\VMBuilds\Sound_transmit_DUE_1\arduino_due_x_dbg\Debug/core.a(PluggableUSB.cpp.o)
                0x00085164                PluggableUSB_::getInterface(unsigned char*)
 .text._ZN13PluggableUSB_13getDescriptorER8USBSetup
                0x0008518c       0x1c C:\Users\moseichuk\AppData\Local\Temp\VMBuilds\Sound_transmit_DUE_1\arduino_due_x_dbg\Debug/core.a(PluggableUSB.cpp.o)
                0x0008518c                PluggableUSB_::getDescriptor(USBSetup&)
 .text._ZN13PluggableUSB_12getShortNameEPc
                0x000851a8       0x1c C:\Users\moseichuk\AppData\Local\Temp\VMBuilds\Sound_transmit_DUE_1\arduino_due_x_dbg\Debug/core.a(PluggableUSB.cpp.o)
                0x000851a8                PluggableUSB_::getShortName(char*)
 .text._ZN13PluggableUSB_5setupER8USBSetup
                0x000851c4       0x20 C:\Users\moseichuk\AppData\Local\Temp\VMBuilds\Sound_transmit_DUE_1\arduino_due_x_dbg\Debug/core.a(PluggableUSB.cpp.o)
                0x000851c4                PluggableUSB_::setup(USBSetup&)
 .text._Z12PluggableUSBv
                0x000851e4       0x28 C:\Users\moseichuk\AppData\Local\Temp\VMBuilds\Sound_transmit_DUE_1\arduino_due_x_dbg\Debug/core.a(PluggableUSB.cpp.o)
                0x000851e4                PluggableUSB()
 .text.FindClockConfiguration
                0x0008520c       0x7c C:\Users\moseichuk\AppData\Local\arduino15\packages\arduino\hardware\sam\1.6.11\variants\arduino_due_x/libsam_sam3x8e_gcc_rel.a(pwmc.o)
 .text.PWMC_ConfigureChannel
                0x00085288       0x60 C:\Users\moseichuk\AppData\Local\arduino15\packages\arduino\hardware\sam\1.6.11\variants\arduino_due_x/libsam_sam3x8e_gcc_rel.a(pwmc.o)
                0x00085288                PWMC_ConfigureChannel
 .text.PWMC_ConfigureClocks
                0x000852e8       0x54 C:\Users\moseichuk\AppData\Local\arduino15\packages\arduino\hardware\sam\1.6.11\variants\arduino_due_x/libsam_sam3x8e_gcc_rel.a(pwmc.o)
                0x000852e8                PWMC_ConfigureClocks
 .text.PWMC_SetPeriod
                0x0008533c       0x1a C:\Users\moseichuk\AppData\Local\arduino15\packages\arduino\hardware\sam\1.6.11\variants\arduino_due_x/libsam_sam3x8e_gcc_rel.a(pwmc.o)
                0x0008533c                PWMC_SetPeriod
 *fill*         0x00085356        0x2 
 .text.PWMC_SetDutyCycle
                0x00085358       0x44 C:\Users\moseichuk\AppData\Local\arduino15\packages\arduino\hardware\sam\1.6.11\variants\arduino_due_x/libsam_sam3x8e_gcc_rel.a(pwmc.o)
                0x00085358                PWMC_SetDutyCycle
 .text.PWMC_EnableChannel
                0x0008539c        0xa C:\Users\moseichuk\AppData\Local\arduino15\packages\arduino\hardware\sam\1.6.11\variants\arduino_due_x/libsam_sam3x8e_gcc_rel.a(pwmc.o)
                0x0008539c                PWMC_EnableChannel
 *fill*         0x000853a6        0x2 
 .text.TimeTick_Increment
                0x000853a8       0x10 C:\Users\moseichuk\AppData\Local\arduino15\packages\arduino\hardware\sam\1.6.11\variants\arduino_due_x/libsam_sam3x8e_gcc_rel.a(timetick.o)
                0x000853a8                TimeTick_Increment
 .text.GetTickCount
                0x000853b8        0xc C:\Users\moseichuk\AppData\Local\arduino15\packages\arduino\hardware\sam\1.6.11\variants\arduino_due_x/libsam_sam3x8e_gcc_rel.a(timetick.o)
                0x000853b8                GetTickCount
 .text.WDT_Disable
                0x000853c4        0x8 C:\Users\moseichuk\AppData\Local\arduino15\packages\arduino\hardware\sam\1.6.11\variants\arduino_due_x/libsam_sam3x8e_gcc_rel.a(wdt.o)
                0x000853c4                WDT_Disable
 .text.UDD_SetStack
                0x000853cc        0xc C:\Users\moseichuk\AppData\Local\arduino15\packages\arduino\hardware\sam\1.6.11\variants\arduino_due_x/libsam_sam3x8e_gcc_rel.a(uotghs_device.o)
                0x000853cc                UDD_SetStack
 .text.UDD_Init
                0x000853d8       0xd0 C:\Users\moseichuk\AppData\Local\arduino15\packages\arduino\hardware\sam\1.6.11\variants\arduino_due_x/libsam_sam3x8e_gcc_rel.a(uotghs_device.o)
                0x000853d8                UDD_Init
 .text.UDD_Attach
                0x000854a8       0x50 C:\Users\moseichuk\AppData\Local\arduino15\packages\arduino\hardware\sam\1.6.11\variants\arduino_due_x/libsam_sam3x8e_gcc_rel.a(uotghs_device.o)
                0x000854a8                UDD_Attach
 .text.UDD_InitEP
                0x000854f8       0x2c C:\Users\moseichuk\AppData\Local\arduino15\packages\arduino\hardware\sam\1.6.11\variants\arduino_due_x/libsam_sam3x8e_gcc_rel.a(uotghs_device.o)
                0x000854f8                UDD_InitEP
 .text.UDD_InitEndpoints
                0x00085524       0x3c C:\Users\moseichuk\AppData\Local\arduino15\packages\arduino\hardware\sam\1.6.11\variants\arduino_due_x/libsam_sam3x8e_gcc_rel.a(uotghs_device.o)
                0x00085524                UDD_InitEndpoints
 .text.UDD_WaitIN
                0x00085560       0x10 C:\Users\moseichuk\AppData\Local\arduino15\packages\arduino\hardware\sam\1.6.11\variants\arduino_due_x/libsam_sam3x8e_gcc_rel.a(uotghs_device.o)
                0x00085560                UDD_WaitIN
 .text.UDD_WaitOUT
                0x00085570       0x10 C:\Users\moseichuk\AppData\Local\arduino15\packages\arduino\hardware\sam\1.6.11\variants\arduino_due_x/libsam_sam3x8e_gcc_rel.a(uotghs_device.o)
                0x00085570                UDD_WaitOUT
 .text.UDD_ClearIN
                0x00085580       0x18 C:\Users\moseichuk\AppData\Local\arduino15\packages\arduino\hardware\sam\1.6.11\variants\arduino_due_x/libsam_sam3x8e_gcc_rel.a(uotghs_device.o)
                0x00085580                UDD_ClearIN
 .text.UDD_ClearOUT
                0x00085598       0x18 C:\Users\moseichuk\AppData\Local\arduino15\packages\arduino\hardware\sam\1.6.11\variants\arduino_due_x/libsam_sam3x8e_gcc_rel.a(uotghs_device.o)
                0x00085598                UDD_ClearOUT
 .text.UDD_ReceivedSetupInt
                0x000855b0       0x10 C:\Users\moseichuk\AppData\Local\arduino15\packages\arduino\hardware\sam\1.6.11\variants\arduino_due_x/libsam_sam3x8e_gcc_rel.a(uotghs_device.o)
                0x000855b0                UDD_ReceivedSetupInt
 .text.UDD_ClearSetupInt
                0x000855c0       0x10 C:\Users\moseichuk\AppData\Local\arduino15\packages\arduino\hardware\sam\1.6.11\variants\arduino_due_x/libsam_sam3x8e_gcc_rel.a(uotghs_device.o)
                0x000855c0                UDD_ClearSetupInt
 .text.UDD_Send
                0x000855d0       0x88 C:\Users\moseichuk\AppData\Local\arduino15\packages\arduino\hardware\sam\1.6.11\variants\arduino_due_x/libsam_sam3x8e_gcc_rel.a(uotghs_device.o)
                0x000855d0                UDD_Send
 .text.UDD_Send8
                0x00085658       0x24 C:\Users\moseichuk\AppData\Local\arduino15\packages\arduino\hardware\sam\1.6.11\variants\arduino_due_x/libsam_sam3x8e_gcc_rel.a(uotghs_device.o)
                0x00085658                UDD_Send8
 .text.UDD_Recv8
                0x0008567c       0x28 C:\Users\moseichuk\AppData\Local\arduino15\packages\arduino\hardware\sam\1.6.11\variants\arduino_due_x/libsam_sam3x8e_gcc_rel.a(uotghs_device.o)
                0x0008567c                UDD_Recv8
 .text.UDD_Recv
                0x000856a4       0x34 C:\Users\moseichuk\AppData\Local\arduino15\packages\arduino\hardware\sam\1.6.11\variants\arduino_due_x/libsam_sam3x8e_gcc_rel.a(uotghs_device.o)
                0x000856a4                UDD_Recv
 .text.UDD_Stall
                0x000856d8       0x14 C:\Users\moseichuk\AppData\Local\arduino15\packages\arduino\hardware\sam\1.6.11\variants\arduino_due_x/libsam_sam3x8e_gcc_rel.a(uotghs_device.o)
                0x000856d8                UDD_Stall
 .text.UDD_FifoByteCount
                0x000856ec       0x14 C:\Users\moseichuk\AppData\Local\arduino15\packages\arduino\hardware\sam\1.6.11\variants\arduino_due_x/libsam_sam3x8e_gcc_rel.a(uotghs_device.o)
                0x000856ec                UDD_FifoByteCount
 .text.UDD_ReleaseRX
                0x00085700       0x28 C:\Users\moseichuk\AppData\Local\arduino15\packages\arduino\hardware\sam\1.6.11\variants\arduino_due_x/libsam_sam3x8e_gcc_rel.a(uotghs_device.o)
                0x00085700                UDD_ReleaseRX
 .text.UDD_ReleaseTX
                0x00085728       0x28 C:\Users\moseichuk\AppData\Local\arduino15\packages\arduino\hardware\sam\1.6.11\variants\arduino_due_x/libsam_sam3x8e_gcc_rel.a(uotghs_device.o)
                0x00085728                UDD_ReleaseTX
 .text.UDD_SetAddress
                0x00085750       0x20 C:\Users\moseichuk\AppData\Local\arduino15\packages\arduino\hardware\sam\1.6.11\variants\arduino_due_x/libsam_sam3x8e_gcc_rel.a(uotghs_device.o)
                0x00085750                UDD_SetAddress
 .text.dacc_reset
                0x00085770        0x6 C:\Users\moseichuk\AppData\Local\arduino15\packages\arduino\hardware\sam\1.6.11\variants\arduino_due_x/libsam_sam3x8e_gcc_rel.a(dacc.o)
                0x00085770                dacc_reset
 .text.dacc_set_transfer_mode
                0x00085776       0x14 C:\Users\moseichuk\AppData\Local\arduino15\packages\arduino\hardware\sam\1.6.11\variants\arduino_due_x/libsam_sam3x8e_gcc_rel.a(dacc.o)
                0x00085776                dacc_set_transfer_mode
 .text.dacc_get_interrupt_status
                0x0008578a        0x4 C:\Users\moseichuk\AppData\Local\arduino15\packages\arduino\hardware\sam\1.6.11\variants\arduino_due_x/libsam_sam3x8e_gcc_rel.a(dacc.o)
                0x0008578a                dacc_get_interrupt_status
 .text.dacc_write_conversion_data
                0x0008578e        0x4 C:\Users\moseichuk\AppData\Local\arduino15\packages\arduino\hardware\sam\1.6.11\variants\arduino_due_x/libsam_sam3x8e_gcc_rel.a(dacc.o)
                0x0008578e                dacc_write_conversion_data
 .text.dacc_set_channel_selection
                0x00085792       0x18 C:\Users\moseichuk\AppData\Local\arduino15\packages\arduino\hardware\sam\1.6.11\variants\arduino_due_x/libsam_sam3x8e_gcc_rel.a(dacc.o)
                0x00085792                dacc_set_channel_selection
 .text.dacc_set_power_save
                0x000857aa       0x24 C:\Users\moseichuk\AppData\Local\arduino15\packages\arduino\hardware\sam\1.6.11\variants\arduino_due_x/libsam_sam3x8e_gcc_rel.a(dacc.o)
                0x000857aa                dacc_set_power_save
 .text.dacc_set_timing
                0x000857ce       0x2c C:\Users\moseichuk\AppData\Local\arduino15\packages\arduino\hardware\sam\1.6.11\variants\arduino_due_x/libsam_sam3x8e_gcc_rel.a(dacc.o)
                0x000857ce                dacc_set_timing
 .text.dacc_enable_channel
                0x000857fa       0x12 C:\Users\moseichuk\AppData\Local\arduino15\packages\arduino\hardware\sam\1.6.11\variants\arduino_due_x/libsam_sam3x8e_gcc_rel.a(dacc.o)
                0x000857fa                dacc_enable_channel
 .text.dacc_get_channel_status
                0x0008580c        0x4 C:\Users\moseichuk\AppData\Local\arduino15\packages\arduino\hardware\sam\1.6.11\variants\arduino_due_x/libsam_sam3x8e_gcc_rel.a(dacc.o)
                0x0008580c                dacc_get_channel_status
 .text.dacc_set_analog_control